Component: ARM Compiler 6.16 Tool: armlink [5dfeaa00]

==============================================================================

Section Cross References

    startup_stm32g431xx.o(STACK) refers (Special) to heapauxi.o(.text) for __use_two_region_memory
    startup_stm32g431xx.o(HEAP) refers (Special) to heapauxi.o(.text) for __use_two_region_memory
    startup_stm32g431xx.o(RESET) refers (Special) to heapauxi.o(.text) for __use_two_region_memory
    startup_stm32g431xx.o(RESET) refers to startup_stm32g431xx.o(STACK) for __initial_sp
    startup_stm32g431xx.o(RESET) refers to startup_stm32g431xx.o(.text) for Reset_Handler
    startup_stm32g431xx.o(RESET) refers to stm32g4xx_it.o(.text.NMI_Handler) for NMI_Handler
    startup_stm32g431xx.o(RESET) refers to stm32g4xx_it.o(.text.HardFault_Handler) for HardFault_Handler
    startup_stm32g431xx.o(RESET) refers to stm32g4xx_it.o(.text.MemManage_Handler) for MemManage_Handler
    startup_stm32g431xx.o(RESET) refers to stm32g4xx_it.o(.text.BusFault_Handler) for BusFault_Handler
    startup_stm32g431xx.o(RESET) refers to stm32g4xx_it.o(.text.UsageFault_Handler) for UsageFault_Handler
    startup_stm32g431xx.o(RESET) refers to stm32g4xx_it.o(.text.SVC_Handler) for SVC_Handler
    startup_stm32g431xx.o(RESET) refers to stm32g4xx_it.o(.text.DebugMon_Handler) for DebugMon_Handler
    startup_stm32g431xx.o(RESET) refers to stm32g4xx_it.o(.text.PendSV_Handler) for PendSV_Handler
    startup_stm32g431xx.o(RESET) refers to stm32g4xx_it.o(.text.SysTick_Handler) for SysTick_Handler
    startup_stm32g431xx.o(RESET) refers to stm32g4xx_it.o(.text.ADC1_2_IRQHandler) for ADC1_2_IRQHandler
    startup_stm32g431xx.o(.text) refers (Special) to heapauxi.o(.text) for __use_two_region_memory
    startup_stm32g431xx.o(.text) refers to system_stm32g4xx.o(.text.SystemInit) for SystemInit
    startup_stm32g431xx.o(.text) refers to __main.o(!!!main) for __main
    startup_stm32g431xx.o(.text) refers to startup_stm32g431xx.o(HEAP) for Heap_Mem
    startup_stm32g431xx.o(.text) refers to startup_stm32g431xx.o(STACK) for Stack_Mem
    main.o(.text.main) refers to stm32g4xx_hal.o(.text.HAL_Init) for HAL_Init
    main.o(.text.main) refers to main.o(.text.SystemClock_Config) for SystemClock_Config
    main.o(.text.main) refers to gpio.o(.text.MX_GPIO_Init) for MX_GPIO_Init
    main.o(.text.main) refers to tim.o(.text.MX_TIM1_Init) for MX_TIM1_Init
    main.o(.text.main) refers to adc.o(.text.MX_ADC1_Init) for MX_ADC1_Init
    main.o(.text.main) refers to usart.o(.text.MX_USART1_UART_Init) for MX_USART1_UART_Init
    main.o(.text.main) refers to usermain.o(.text.usermain) for usermain
    main.o(.ARM.exidx.text.main) refers to main.o(.text.main) for [Anonymous Symbol]
    main.o(.text.SystemClock_Config) refers to rt_memclr_w.o(.text) for __aeabi_memclr4
    main.o(.text.SystemClock_Config) refers to stm32g4xx_hal_pwr_ex.o(.text.HAL_PWREx_ControlVoltageScaling) for HAL_PWREx_ControlVoltageScaling
    main.o(.text.SystemClock_Config) refers to stm32g4xx_hal_rcc.o(.text.HAL_RCC_OscConfig) for HAL_RCC_OscConfig
    main.o(.text.SystemClock_Config) refers to main.o(.text.Error_Handler) for Error_Handler
    main.o(.text.SystemClock_Config) refers to stm32g4xx_hal_rcc.o(.text.HAL_RCC_ClockConfig) for HAL_RCC_ClockConfig
    main.o(.ARM.exidx.text.SystemClock_Config) refers to main.o(.text.SystemClock_Config) for [Anonymous Symbol]
    main.o(.ARM.exidx.text.Error_Handler) refers to main.o(.text.Error_Handler) for [Anonymous Symbol]
    gpio.o(.text.MX_GPIO_Init) refers to stm32g4xx_hal_gpio.o(.text.HAL_GPIO_WritePin) for HAL_GPIO_WritePin
    gpio.o(.text.MX_GPIO_Init) refers to stm32g4xx_hal_gpio.o(.text.HAL_GPIO_Init) for HAL_GPIO_Init
    gpio.o(.ARM.exidx.text.MX_GPIO_Init) refers to gpio.o(.text.MX_GPIO_Init) for [Anonymous Symbol]
    adc.o(.text.MX_ADC1_Init) refers to rt_memclr_w.o(.text) for __aeabi_memclr4
    adc.o(.text.MX_ADC1_Init) refers to adc.o(.bss.hadc1) for hadc1
    adc.o(.text.MX_ADC1_Init) refers to stm32g4xx_hal_adc.o(.text.HAL_ADC_Init) for HAL_ADC_Init
    adc.o(.text.MX_ADC1_Init) refers to main.o(.text.Error_Handler) for Error_Handler
    adc.o(.text.MX_ADC1_Init) refers to stm32g4xx_hal_adc_ex.o(.text.HAL_ADCEx_MultiModeConfigChannel) for HAL_ADCEx_MultiModeConfigChannel
    adc.o(.text.MX_ADC1_Init) refers to stm32g4xx_hal_adc_ex.o(.text.HAL_ADCEx_InjectedConfigChannel) for HAL_ADCEx_InjectedConfigChannel
    adc.o(.ARM.exidx.text.MX_ADC1_Init) refers to adc.o(.text.MX_ADC1_Init) for [Anonymous Symbol]
    adc.o(.text.HAL_ADC_MspInit) refers to rt_memclr_w.o(.text) for __aeabi_memclr4
    adc.o(.text.HAL_ADC_MspInit) refers to stm32g4xx_hal_rcc_ex.o(.text.HAL_RCCEx_PeriphCLKConfig) for HAL_RCCEx_PeriphCLKConfig
    adc.o(.text.HAL_ADC_MspInit) refers to main.o(.text.Error_Handler) for Error_Handler
    adc.o(.text.HAL_ADC_MspInit) refers to stm32g4xx_hal_gpio.o(.text.HAL_GPIO_Init) for HAL_GPIO_Init
[...]
    __rt_lib_shutdown_user_alloc_1           0x08000313   Thumb Code     0  libshutdown2.o(.ARM.Collect$$libshutdown$$0000000C)
    __rt_entry                               0x08000315   Thumb Code     0  __rtentry.o(.ARM.Collect$$rtentry$$00000000)
    __rt_entry_presh_1                       0x08000315   Thumb Code     0  __rtentry2.o(.ARM.Collect$$rtentry$$00000002)
    __rt_entry_sh                            0x08000315   Thumb Code     0  __rtentry4.o(.ARM.Collect$$rtentry$$00000004)
    __rt_entry_li                            0x0800031b   Thumb Code     0  __rtentry2.o(.ARM.Collect$$rtentry$$0000000A)
    __rt_entry_postsh_1                      0x0800031b   Thumb Code     0  __rtentry2.o(.ARM.Collect$$rtentry$$00000009)
    __rt_entry_main                          0x0800031f   Thumb Code     0  __rtentry2.o(.ARM.Collect$$rtentry$$0000000D)
    __rt_entry_postli_1                      0x0800031f   Thumb Code     0  __rtentry2.o(.ARM.Collect$$rtentry$$0000000C)
    __rt_exit                                0x08000327   Thumb Code     0  rtexit.o(.ARM.Collect$$rtexit$$00000000)
    __rt_exit_ls                             0x08000329   Thumb Code     0  rtexit2.o(.ARM.Collect$$rtexit$$00000003)
    __rt_exit_prels_1                        0x08000329   Thumb Code     0  rtexit2.o(.ARM.Collect$$rtexit$$00000002)
    __rt_exit_exit                           0x0800032d   Thumb Code     0  rtexit2.o(.ARM.Collect$$rtexit$$00000004)
    Reset_Handler                            0x08000335   Thumb Code     8  startup_stm32g431xx.o(.text)
    COMP1_2_3_IRQHandler                     0x0800034f   Thumb Code     0  startup_stm32g431xx.o(.text)
    COMP4_IRQHandler                         0x0800034f   Thumb Code     0  startup_stm32g431xx.o(.text)
    CORDIC_IRQHandler                        0x0800034f   Thumb Code     0  startup_stm32g431xx.o(.text)
    CRS_IRQHandler                           0x0800034f   Thumb Code     0  startup_stm32g431xx.o(.text)
    DMA1_Channel1_IRQHandler                 0x0800034f   Thumb Code     0  startup_stm32g431xx.o(.text)
    DMA1_Channel2_IRQHandler                 0x0800034f   Thumb Code     0  startup_stm32g431xx.o(.text)
    DMA1_Channel3_IRQHandler                 0x0800034f   Thumb Code     0  startup_stm32g431xx.o(.text)
    DMA1_Channel4_IRQHandler                 0x0800034f   Thumb Code     0  startup_stm32g431xx.o(.text)
    DMA1_Channel5_IRQHandler                 0x0800034f   Thumb Code     0  startup_stm32g431xx.o(.text)
    DMA1_Channel6_IRQHandler                 0x0800034f   Thumb Code     0  startup_stm32g431xx.o(.text)
    DMA2_Channel1_IRQHandler                 0x0800034f   Thumb Code     0  startup_stm32g431xx.o(.text)
    DMA2_Channel2_IRQHandler                 0x0800034f   Thumb Code     0  startup_stm32g431xx.o(.text)
    DMA2_Channel3_IRQHandler                 0x0800034f   Thumb Code     0  startup_stm32g431xx.o(.text)
    DMA2_Channel4_IRQHandler                 0x0800034f   Thumb Code     0  startup_stm32g431xx.o(.text)
    DMA2_Channel5_IRQHandler                 0x0800034f   Thumb Code     0  startup_stm32g431xx.o(.text)
    DMA2_Channel6_IRQHandler                 0x0800034f   Thumb Code     0  startup_stm32g431xx.o(.text)
    DMAMUX_OVR_IRQHandler                    0x0800034f   Thumb Code     0  startup_stm32g431xx.o(.text)
    EXTI0_IRQHandler                         0x0800034f   Thumb Code     0  startup_stm32g431xx.o(.text)
    EXTI15_10_IRQHandler                     0x0800034f   Thumb Code     0  startup_stm32g431xx.o(.text)
    EXTI1_IRQHandler                         0x0800034f   Thumb Code     0  startup_stm32g431xx.o(.text)
    EXTI2_IRQHandler                         0x0800034f   Thumb Code     0  startup_stm32g431xx.o(.text)
    EXTI3_IRQHandler                         0x0800034f   Thumb Code     0  startup_stm32g431xx.o(.text)
    EXTI4_IRQHandler                         0x0800034f   Thumb Code     0  startup_stm32g431xx.o(.text)
    EXTI9_5_IRQHandler                       0x0800034f   Thumb Code     0  startup_stm32g431xx.o(.text)
    FDCAN1_IT0_IRQHandler                    0x0800034f   Thumb Code     0  startup_stm32g431xx.o(.text)
    FDCAN1_IT1_IRQHandler                    0x0800034f   Thumb Code     0  startup_stm32g431xx.o(.text)
    FLASH_IRQHandler                         0x0800034f   Thumb Code     0  startup_stm32g431xx.o(.text)
    FMAC_IRQHandler                          0x0800034f   Thumb Code     0  startup_stm32g431xx.o(.text)
    FPU_IRQHandler                           0x0800034f   Thumb Code     0  startup_stm32g431xx.o(.text)
    I2C1_ER_IRQHandler                       0x0800034f   Thumb Code     0  startup_stm32g431xx.o(.text)
    I2C1_EV_IRQHandler                       0x0800034f   Thumb Code     0  startup_stm32g431xx.o(.text)
    I2C2_ER_IRQHandler                       0x0800034f   Thumb Code     0  startup_stm32g431xx.o(.text)
    I2C2_EV_IRQHandler                       0x0800034f   Thumb Code     0  startup_stm32g431xx.o(.text)
    I2C3_ER_IRQHandler                       0x0800034f   Thumb Code     0  startup_stm32g431xx.o(.text)
    I2C3_EV_IRQHandler                       0x0800034f   Thumb Code     0  startup_stm32g431xx.o(.text)
    LPTIM1_IRQHandler                        0x0800034f   Thumb Code     0  startup_stm32g431xx.o(.text)
    LPUART1_IRQHandler                       0x0800034f   Thumb Code     0  startup_stm32g431xx.o(.text)
    PVD_PVM_IRQHandler                       0x0800034f   Thumb Code     0  startup_stm32g431xx.o(.text)
    RCC_IRQHandler                           0x0800034f   Thumb Code     0  startup_stm32g431xx.o(.text)
    RNG_IRQHandler                           0x0800034f   Thumb Code     0  startup_stm32g431xx.o(.text)
    RTC_Alarm_IRQHandler                     0x0800034f   Thumb Code     0  startup_stm32g431xx.o(.text)
    RTC_TAMP_LSECSS_IRQHandler               0x0800034f   Thumb Code     0  startup_stm32g431xx.o(.text)
    RTC_WKUP_IRQHandler                      0x0800034f   Thumb Code     0  startup_stm32g431xx.o(.text)
    SAI1_IRQHandler                          0x0800034f   Thumb Code     0  startup_stm32g431xx.o(.text)
    SPI1_IRQHandler                          0x0800034f   Thumb Code     0  startup_stm32g431xx.o(.text)
    SPI2_IRQHandler                          0x0800034f   Thumb Code     0  startup_stm32g431xx.o(.text)
    SPI3_IRQHandler                          0x0800034f   Thumb Code     0  startup_stm32g431xx.o(.text)
    TIM1_BRK_TIM15_IRQHandler                0x0800034f   Thumb Code     0  startup_stm32g431xx.o(.text)
    TIM1_CC_IRQHandler                       0x0800034f   Thumb Code     0  startup_stm32g431xx.o(.text)
    TIM1_TRG_COM_TIM17_IRQHandler            0x0800034f   Thumb Code     0  startup_stm32g431xx.o(.text)
    TIM1_UP_TIM16_IRQHandler                 0x0800034f   Thumb Code     0  startup_stm32g431xx.o(.text)
    TIM2_IRQHandler                          0x0800034f   Thumb Code     0  startup_stm32g431xx.o(.text)
    TIM3_IRQHandler                          0x0800034f   Thumb Code     0  startup_stm32g431xx.o(.text)
    TIM4_IRQHandler                          0x0800034f   Thumb Code     0  startup_stm32g431xx.o(.text)
    TIM6_DAC_IRQHandler                      0x0800034f   Thumb Code     0  startup_stm32g431xx.o(.text)
    TIM7_IRQHandler                          0x0800034f   Thumb Code     0  startup_stm32g431xx.o(.text)
    TIM8_BRK_IRQHandler                      0x0800034f   Thumb Code     0  startup_stm32g431xx.o(.text)
    TIM8_CC_IRQHandler                       0x0800034f   Thumb Code     0  startup_stm32g431xx.o(.text)
    TIM8_TRG_COM_IRQHandler                  0x0800034f   Thumb Code     0  startup_stm32g431xx.o(.text)
    TIM8_UP_IRQHandler                       0x0800034f   Thumb Code     0  startup_stm32g431xx.o(.text)
    UART4_IRQHandler                         0x0800034f   Thumb Code     0  startup_stm32g431xx.o(.text)
    UCPD1_IRQHandler                         0x0800034f   Thumb Code     0  startup_stm32g431xx.o(.text)
    USART1_IRQHandler                        0x0800034f   Thumb Code     0  startup_stm32g431xx.o(.text)
    USART2_IRQHandler                        0x0800034f   Thumb Code     0  startup_stm32g431xx.o(.text)
    USART3_IRQHandler                        0x0800034f   Thumb Code     0  startup_stm32g431xx.o(.text)
    USBWakeUp_IRQHandler                     0x0800034f   Thumb Code     0  startup_stm32g431xx.o(.text)
    USB_HP_IRQHandler                        0x0800034f   Thumb Code     0  startup_stm32g431xx.o(.text)
    USB_LP_IRQHandler                        0x0800034f   Thumb Code     0  startup_stm32g431xx.o(.text)
    WWDG_IRQHandler                          0x0800034f   Thumb Code     0  startup_stm32g431xx.o(.text)
    __user_initial_stackheap                 0x08000351   Thumb Code     0  startup_stm32g431xx.o(.text)
    __aeabi_uldivmod                         0x08000375   Thumb Code     0  lludivv7m.o(.text)
    _ll_udiv                                 0x08000375   Thumb Code   240  lludivv7m.o(.text)
    printf                                   0x08000465   Thumb Code    20  printf.o(.text)
    __aeabi_memclr4                          0x0800047d   Thumb Code     0  rt_memclr_w.o(.text)
    __aeabi_memclr8                          0x0800047d   Thumb Code     0  rt_memclr_w.o(.text)
    __rt_memclr_w                            0x0800047d   Thumb Code     0  rt_memclr_w.o(.text)
    _memset_w                                0x08000481   Thumb Code    74  rt_memclr_w.o(.text)
    __use_two_region_memory                  0x080004cb   Thumb Code     2  heapauxi.o(.text)
    __rt_heap_escrow                         0x080004cd   Thumb Code     2  heapauxi.o(.text)
    __rt_heap_expand                         0x080004cf   Thumb Code     2  heapauxi.o(.text)
    _printf_pre_padding                      0x080004d1   Thumb Code    44  _printf_pad.o(.text)
    _printf_post_padding                     0x080004fd   Thumb Code    34  _printf_pad.o(.text)
    _printf_truncate_signed                  0x0800051f   Thumb Code    18  _printf_truncate.o(.text)
    _printf_truncate_unsigned                0x08000531   Thumb Code    18  _printf_truncate.o(.text)
    _printf_str                              0x08000543   Thumb Code    82  _printf_str.o(.text)
    _printf_int_dec                          0x08000595   Thumb Code   104  _printf_dec.o(.text)
    _printf_charcount                        0x0800060d   Thumb Code    40  _printf_charcount.o(.text)
    _printf_char_file                        0x08000635   Thumb Code    32  _printf_char_file.o(.text)
    _printf_wctomb                           0x08000659   Thumb Code   182  _printf_wctomb.o(.text)
    _printf_longlong_dec                     0x08000715   Thumb Code   108  _printf_longlong_dec.o(.text)
    _printf_longlong_oct                     0x08000791   Thumb Code    68  _printf_oct_int_ll.o(.text)
    _printf_int_oct                          0x080007d5   Thumb Code    24  _printf_oct_int_ll.o(.text)
    _printf_ll_oct                           0x080007ed   Thumb Code    12  _printf_oct_int_ll.o(.text)
    _printf_longlong_hex                     0x08000801   Thumb Code    86  _printf_hex_int_ll_ptr.o(.text)
    _printf_int_hex                          0x08000857   Thumb Code    28  _printf_hex_int_ll_ptr.o(.text)
    _printf_ll_hex                           0x08000873   Thumb Code    12  _printf_hex_int_ll_ptr.o(.text)
    _printf_hex_ptr                          0x0800087f   Thumb Code    18  _printf_hex_int_ll_ptr.o(.text)
    __printf                                 0x08000895   Thumb Code   388  __printf_flags_ss_wp.o(.text)
    _ll_udiv10                               0x08000a1d   Thumb Code   138  lludiv10.o(.text)
    _printf_int_common                       0x08000aa7   Thumb Code   178  _printf_intcommon.o(.text)
    _printf_fp_dec_real                      0x08000d09   Thumb Code   620  _printf_fp_dec.o(.text)
    _printf_fp_hex_real                      0x08000f75   Thumb Code   756  _printf_fp_hex.o(.text)
    _printf_char_common                      0x0800127b   Thumb Code    32  _printf_char_common.o(.text)
    _printf_cs_common                        0x080012a1   Thumb Code    20  _printf_char.o(.text)
    _printf_char                             0x080012b5   Thumb Code    16  _printf_char.o(.text)
    _printf_string                           0x080012c5   Thumb Code     8  _printf_char.o(.text)
    _printf_lcs_common                       0x080012cd   Thumb Code    20  _printf_wchar.o(.text)
    _printf_wchar                            0x080012e1   Thumb Code    16  _printf_wchar.o(.text)
    _printf_wstring                          0x080012f1   Thumb Code     8  _printf_wchar.o(.text)
    ferror                                   0x080012f9   Thumb Code     8  ferror.o(.text)
    _initio                                  0x08001301   Thumb Code   210  initio.o(.text)
    _terminateio                             0x080013d3   Thumb Code    56  initio.o(.text)
    _c16rtomb                                0x08001439   Thumb Code    72  _c16rtomb.o(.text)
    _wcrtomb                                 0x08001439   Thumb Code     0  _c16rtomb.o(.text)
    __user_setup_stackheap                   0x08001481   Thumb Code    74  sys_stackheap_outer.o(.text)
    __rt_ctype_table                         0x080014cd   Thumb Code    16  rt_ctype_table.o(.text)
    __rt_locale                              0x080014dd   Thumb Code     8  rt_locale_intlibspace.o(.text)
    free                                     0x080014e5   Thumb Code    78  h1_free.o(.text)
    _printf_fp_infnan                        0x08001535   Thumb Code   112  _printf_fp_infnan.o(.text)
    _btod_etento                             0x080015b5   Thumb Code   224  bigflt0.o(.text)
    setvbuf                                  0x08001699   Thumb Code    70  setvbuf.o(.text)
    freopen                                  0x080016e1   Thumb Code   160  fopen.o(.text)
    fopen                                    0x08001781   Thumb Code    74  fopen.o(.text)
    _fclose_internal                         0x080017d1   Thumb Code    76  fclose.o(.text)
    fclose                                   0x080017d1   Thumb Code     0  fclose.o(.text)
    exit                                     0x0800181d   Thumb Code    18  exit.o(.text)
    __rt_SIGRTRED                            0x0800182f   Thumb Code    14  defsig_rtred_outer.o(.text)
    _sys_open                                0x0800183d   Thumb Code    20  sys_io.o(.text)
    _sys_close                               0x08001851   Thumb Code    12  sys_io.o(.text)
    _sys_write                               0x0800185d   Thumb Code    16  sys_io.o(.text)
    _sys_read                                0x0800186d   Thumb Code    14  sys_io.o(.text)
    _sys_istty                               0x0800187b   Thumb Code    12  sys_io.o(.text)
    _sys_seek                                0x08001887   Thumb Code    14  sys_io.o(.text)
    _sys_ensure                              0x08001895   Thumb Code     2  sys_io.o(.text)
    _sys_flen                                0x08001897   Thumb Code    12  sys_io.o(.text)
    __user_libspace                          0x080018a5   Thumb Code     8  libspace.o(.text)
    __user_perproc_libspace                  0x080018a5   Thumb Code     0  libspace.o(.text)
    __user_perthread_libspace                0x080018a5   Thumb Code     0  libspace.o(.text)
    __rt_heap_descriptor                     0x080018ad   Thumb Code     8  rt_heap_descriptor_intlibspace.o(.text)
    __use_no_heap                            0x080018b5   Thumb Code     2  hguard.o(.text)
    __heap$guard                             0x080018b7   Thumb Code     2  hguard.o(.text)
    _terminate_user_alloc                    0x080018b9   Thumb Code     2  init_alloc.o(.text)
    _init_user_alloc                         0x080018bb   Thumb Code     2  init_alloc.o(.text)
    __Heap_Full                              0x080018bd   Thumb Code    34  init_alloc.o(.text)
    __Heap_Broken                            0x080018df   Thumb Code     6  init_alloc.o(.text)
    _init_alloc                              0x080018e5   Thumb Code    94  init_alloc.o(.text)
    malloc                                   0x08001943   Thumb Code    94  h1_alloc.o(.text)
    _fseek                                   0x080019a1   Thumb Code   242  fseek.o(.text)
    fseek                                    0x080019a1   Thumb Code     0  fseek.o(.text)
    _seterr                                  0x08001a99   Thumb Code    20  stdio.o(.text)
    _writebuf                                0x08001aad   Thumb Code    84  stdio.o(.text)
    _fflush                                  0x08001b01   Thumb Code    70  stdio.o(.text)
    _deferredlazyseek                        0x08001b47   Thumb Code    60  stdio.o(.text)
    __sig_exit                               0x08001b89   Thumb Code    10  defsig_exit.o(.text)
    __rt_SIGRTRED_inner                      0x08001b95   Thumb Code    14  defsig_rtred_inner.o(.text)
    strcmp                                   0x08001bc9   Thumb Code   124  strcmpv7em.o(.text)
    _sys_exit                                0x08001c45   Thumb Code     8  sys_exit.o(.text)
    __I$use$semihosting                      0x08001c51   Thumb Code     0  use_no_semi.o(.text)
    __use_no_semihosting_swi                 0x08001c51   Thumb Code     2  use_no_semi.o(.text)
    __Heap_Initialize                        0x08001c53   Thumb Code    10  h1_init.o(.text)
    __semihosting_library_function           0x08001c53   Thumb Code     0  indicate_semi.o(.text)
    _maybe_terminate_alloc                   0x08001c53   Thumb Code     0  maybetermalloc1.o(.text)
    __Heap_DescSize                          0x08001c5d   Thumb Code     4  h1_init.o(.text)
    __Heap_ProvideMemory                     0x08001c61   Thumb Code    52  h1_extend.o(.text)
    _ftell_internal                          0x08001c95   Thumb Code    66  ftell.o(.text)
    ftell                                    0x08001c95   Thumb Code     0  ftell.o(.text)
    __default_signal_display                 0x08001cd7   Thumb Code    50  defsig_general.o(.text)
    __rt_SIGRTMEM                            0x08001d09   Thumb Code    14  defsig_rtmem_outer.o(.text)
    strlen                                   0x08001d17   Thumb Code    62  strlen.o(.text)
    _ttywrch                                 0x08001d55   Thumb Code    14  sys_wrch.o(.text)
    __aeabi_errno_addr                       0x08001d65   Thumb Code     8  rt_errno_addr_intlibspace.o(.text)
    __errno$intlibspace                      0x08001d65   Thumb Code     0  rt_errno_addr_intlibspace.o(.text)
    __rt_errno_addr$intlibspace              0x08001d65   Thumb Code     0  rt_errno_addr_intlibspace.o(.text)
    __rt_SIGRTMEM_inner                      0x08001d6d   Thumb Code    22  defsig_rtmem_inner.o(.text)
    ADC1_2_IRQHandler                        0x08001dbd   Thumb Code    16  stm32g4xx_it.o(.text.ADC1_2_IRQHandler)
    ADC_Disable                              0x08001dcd   Thumb Code   196  stm32g4xx_hal_adc.o(.text.ADC_Disable)
    ADC_Enable                               0x08001e91   Thumb Code   272  stm32g4xx_hal_adc.o(.text.ADC_Enable)
    BusFault_Handler                         0x08001fa1   Thumb Code     4  stm32g4xx_it.o(.text.BusFault_Handler)
    DebugMon_Handler                         0x08001fa5   Thumb Code     2  stm32g4xx_it.o(.text.DebugMon_Handler)
    Error_Handler                            0x08001fa9   Thumb Code    14  main.o(.text.Error_Handler)
    HAL_ADCEx_Calibration_Start              0x08001fb9   Thumb Code   224  stm32g4xx_hal_adc_ex.o(.text.HAL_ADCEx_Calibration_Start)
    HAL_ADCEx_EndOfSamplingCallback          0x08002099   Thumb Code     8  stm32g4xx_hal_adc_ex.o(.text.HAL_ADCEx_EndOfSamplingCallback)
    HAL_ADCEx_InjectedConfigChannel          0x080020a1   Thumb Code  2494  stm32g4xx_hal_adc_ex.o(.text.HAL_ADCEx_InjectedConfigChannel)
    HAL_ADCEx_InjectedConvCpltCallback       0x08002a61   Thumb Code   692  usermain.o(.text.HAL_ADCEx_InjectedConvCpltCallback)
    HAL_ADCEx_InjectedQueueOverflowCallback  0x08002d15   Thumb Code     8  stm32g4xx_hal_adc_ex.o(.text.HAL_ADCEx_InjectedQueueOverflowCallback)
    HAL_ADCEx_InjectedStart_IT               0x08002d1d   Thumb Code   508  stm32g4xx_hal_adc_ex.o(.text.HAL_ADCEx_InjectedStart_IT)
    HAL_ADCEx_LevelOutOfWindow2Callback      0x08002f19   Thumb Code     8  stm32g4xx_hal_adc_ex.o(.text.HAL_ADCEx_LevelOutOfWindow2Callback)
    HAL_ADCEx_LevelOutOfWindow3Callback      0x08002f21   Thumb Code     8  stm32g4xx_hal_adc_ex.o(.text.HAL_ADCEx_LevelOutOfWindow3Callback)
    HAL_ADCEx_MultiModeConfigChannel         0x08002f29   Thumb Code   374  stm32g4xx_hal_adc_ex.o(.text.HAL_ADCEx_MultiModeConfigChannel)
    HAL_ADC_ConvCpltCallback                 0x080030a1   Thumb Code     8  stm32g4xx_hal_adc.o(.text.HAL_ADC_ConvCpltCallback)
    HAL_ADC_ErrorCallback                    0x080030a9   Thumb Code     8  stm32g4xx_hal_adc.o(.text.HAL_ADC_ErrorCallback)
    HAL_ADC_IRQHandler                       0x080030b1   Thumb Code  1194  stm32g4xx_hal_adc.o(.text.HAL_ADC_IRQHandler)
    HAL_ADC_Init                             0x0800355d   Thumb Code   792  stm32g4xx_hal_adc.o(.text.HAL_ADC_Init)
    HAL_ADC_LevelOutOfWindowCallback         0x08003875   Thumb Code     8  stm32g4xx_hal_adc.o(.text.HAL_ADC_LevelOutOfWindowCallback)
    HAL_ADC_MspInit                          0x0800387d   Thumb Code   232  adc.o(.text.HAL_ADC_MspInit)
    HAL_GPIO_Init                            0x08003965   Thumb Code   872  stm32g4xx_hal_gpio.o(.text.HAL_GPIO_Init)
    HAL_GPIO_WritePin                        0x08003ccd   Thumb Code    44  stm32g4xx_hal_gpio.o(.text.HAL_GPIO_WritePin)
    HAL_GetTick                              0x08003cf9   Thumb Code    12  stm32g4xx_hal.o(.text.HAL_GetTick)
    HAL_IncTick                              0x08003d05   Thumb Code    26  stm32g4xx_hal.o(.text.HAL_IncTick)
    HAL_Init                                 0x08003d21   Thumb Code    48  stm32g4xx_hal.o(.text.HAL_Init)
    HAL_InitTick                             0x08003d51   Thumb Code   136  stm32g4xx_hal.o(.text.HAL_InitTick)
    HAL_MspInit                              0x08003dd9   Thumb Code    72  stm32g4xx_hal_msp.o(.text.HAL_MspInit)
    HAL_NVIC_EnableIRQ                       0x08003e21   Thumb Code    20  stm32g4xx_hal_cortex.o(.text.HAL_NVIC_EnableIRQ)
    HAL_NVIC_SetPriority                     0x08003e35   Thumb Code    46  stm32g4xx_hal_cortex.o(.text.HAL_NVIC_SetPriority)
    HAL_NVIC_SetPriorityGrouping             0x08003e65   Thumb Code    16  stm32g4xx_hal_cortex.o(.text.HAL_NVIC_SetPriorityGrouping)
    HAL_PWREx_ControlVoltageScaling          0x08003e75   Thumb Code   436  stm32g4xx_hal_pwr_ex.o(.text.HAL_PWREx_ControlVoltageScaling)
    HAL_PWREx_DisableUCPDDeadBattery         0x08004029   Thumb Code    18  stm32g4xx_hal_pwr_ex.o(.text.HAL_PWREx_DisableUCPDDeadBattery)
    HAL_RCCEx_PeriphCLKConfig                0x0800403d   Thumb Code  1114  stm32g4xx_hal_rcc_ex.o(.text.HAL_RCCEx_PeriphCLKConfig)
    HAL_RCC_ClockConfig                      0x08004499   Thumb Code   806  stm32g4xx_hal_rcc.o(.text.HAL_RCC_ClockConfig)
    HAL_RCC_GetHCLKFreq                      0x080047c1   Thumb Code    12  stm32g4xx_hal_rcc.o(.text.HAL_RCC_GetHCLKFreq)
    HAL_RCC_GetPCLK1Freq                     0x080047cd   Thumb Code    38  stm32g4xx_hal_rcc.o(.text.HAL_RCC_GetPCLK1Freq)
    HAL_RCC_GetPCLK2Freq                     0x080047f5   Thumb Code    38  stm32g4xx_hal_rcc.o(.text.HAL_RCC_GetPCLK2Freq)
    HAL_RCC_GetSysClockFreq                  0x0800481d   Thumb Code   252  stm32g4xx_hal_rcc.o(.text.HAL_RCC_GetSysClockFreq)
    HAL_RCC_OscConfig                        0x08004919   Thumb Code  1974  stm32g4xx_hal_rcc.o(.text.HAL_RCC_OscConfig)
    HAL_SYSTICK_Config                       0x080050d1   Thumb Code    16  stm32g4xx_hal_cortex.o(.text.HAL_SYSTICK_Config)
    HAL_TIMEx_ConfigBreakDeadTime            0x080050e1   Thumb Code   304  stm32g4xx_hal_tim_ex.o(.text.HAL_TIMEx_ConfigBreakDeadTime)
    HAL_TIMEx_MasterConfigSynchronization    0x08005211   Thumb Code   318  stm32g4xx_hal_tim_ex.o(.text.HAL_TIMEx_MasterConfigSynchronization)
    HAL_TIMEx_PWMN_Start                     0x08005351   Thumb Code   382  stm32g4xx_hal_tim_ex.o(.text.HAL_TIMEx_PWMN_Start)
    HAL_TIM_Base_Init                        0x080054d1   Thumb Code   168  stm32g4xx_hal_tim.o(.text.HAL_TIM_Base_Init)
    HAL_TIM_Base_MspInit                     0x08005579   Thumb Code    58  tim.o(.text.HAL_TIM_Base_MspInit)
    HAL_TIM_ConfigClockSource                0x080055b5   Thumb Code   468  stm32g4xx_hal_tim.o(.text.HAL_TIM_ConfigClockSource)
    HAL_TIM_MspPostInit                      0x08005789   Thumb Code   236  tim.o(.text.HAL_TIM_MspPostInit)
    HAL_TIM_PWM_ConfigChannel                0x08005875   Thumb Code   432  stm32g4xx_hal_tim.o(.text.HAL_TIM_PWM_ConfigChannel)
    HAL_TIM_PWM_Init                         0x08005a25   Thumb Code   168  stm32g4xx_hal_tim.o(.text.HAL_TIM_PWM_Init)
    HAL_TIM_PWM_MspInit                      0x08005acd   Thumb Code     8  stm32g4xx_hal_tim.o(.text.HAL_TIM_PWM_MspInit)
    HAL_TIM_PWM_Start                        0x08005ad5   Thumb Code   606  stm32g4xx_hal_tim.o(.text.HAL_TIM_PWM_Start)
    HAL_UARTEx_DisableFifoMode               0x08005d35   Thumb Code   124  stm32g4xx_hal_uart_ex.o(.text.HAL_UARTEx_DisableFifoMode)
    HAL_UARTEx_SetRxFifoThreshold            0x08005db1   Thumb Code   140  stm32g4xx_hal_uart_ex.o(.text.HAL_UARTEx_SetRxFifoThreshold)
    HAL_UARTEx_SetTxFifoThreshold            0x08005e3d   Thumb Code   140  stm32g4xx_hal_uart_ex.o(.text.HAL_UARTEx_SetTxFifoThreshold)
    HAL_UART_Init                            0x08005ec9   Thumb Code   170  stm32g4xx_hal_uart.o(.text.HAL_UART_Init)
    HAL_UART_MspInit                         0x08005f75   Thumb Code   164  usart.o(.text.HAL_UART_MspInit)
    HAL_UART_Transmit                        0x08006019   Thumb Code   312  stm32g4xx_hal_uart.o(.text.HAL_UART_Transmit)
    HardFault_Handler                        0x08006151   Thumb Code     4  stm32g4xx_it.o(.text.HardFault_Handler)
    LPF_Calc                                 0x080064cd   Thumb Code    44  my_math.o(.text.LPF_Calc)
    LPF_Init                                 0x080064f9   Thumb Code    88  my_math.o(.text.LPF_Init)
    MX_ADC1_Init                             0x08006551   Thumb Code   282  adc.o(.text.MX_ADC1_Init)
    MX_GPIO_Init                             0x0800666d   Thumb Code   182  gpio.o(.text.MX_GPIO_Init)
    MX_TIM1_Init                             0x08006725   Thumb Code   378  tim.o(.text.MX_TIM1_Init)
    MX_USART1_UART_Init                      0x080068a1   Thumb Code   142  usart.o(.text.MX_USART1_UART_Init)
    MemManage_Handler                        0x08006931   Thumb Code     4  stm32g4xx_it.o(.text.MemManage_Handler)
    NMI_Handler                              0x08006935   Thumb Code     4  stm32g4xx_it.o(.text.NMI_Handler)
    PID_Calc                                 0x080069a5   Thumb Code   242  my_math.o(.text.PID_Calc)
    PID_init                                 0x08006a99   Thumb Code    58  my_math.o(.text.PID_init)
    PendSV_Handler                           0x08006ad5   Thumb Code     2  stm32g4xx_it.o(.text.PendSV_Handler)
    SVC_Handler                              0x08006b75   Thumb Code     2  stm32g4xx_it.o(.text.SVC_Handler)
    SysTick_Handler                          0x08006bcd   Thumb Code     8  stm32g4xx_it.o(.text.SysTick_Handler)
    SystemClock_Config                       0x08006bd5   Thumb Code   114  main.o(.text.SystemClock_Config)
    SystemInit                               0x08006c49   Thumb Code    18  system_stm32g4xx.o(.text.SystemInit)
    TIM_Base_SetConfig                       0x08006c5d   Thumb Code   406  stm32g4xx_hal_tim.o(.text.TIM_Base_SetConfig)
    TIM_CCxChannelCmd                        0x08006df5   Thumb Code    54  stm32g4xx_hal_tim.o(.text.TIM_CCxChannelCmd)
    TIM_ETR_SetConfig                        0x08006e65   Thumb Code    52  stm32g4xx_hal_tim.o(.text.TIM_ETR_SetConfig)
    TIM_OC2_SetConfig                        0x0800701d   Thumb Code   368  stm32g4xx_hal_tim.o(.text.TIM_OC2_SetConfig)
    UART_AdvFeatureConfig                    0x08007741   Thumb Code   328  stm32g4xx_hal_uart.o(.text.UART_AdvFeatureConfig)
    UART_CheckIdleState                      0x08007889   Thumb Code   326  stm32g4xx_hal_uart.o(.text.UART_CheckIdleState)
    UART_SetConfig                           0x08007a71   Thumb Code  1392  stm32g4xx_hal_uart.o(.text.UART_SetConfig)
    UART_WaitOnFlagUntilTimeout              0x08007fe1   Thumb Code   268  stm32g4xx_hal_uart.o(.text.UART_WaitOnFlagUntilTimeout)
    UsageFault_Handler                       0x080080ed   Thumb Code     4  stm32g4xx_it.o(.text.UsageFault_Handler)
    fputc                                    0x08008271   Thumb Code    34  usermain.o(.text.fputc)
    main                                     0x08008401   Thumb Code    40  main.o(.text.main)
    usermain                                 0x08008545   Thumb Code   168  usermain.o(.text.usermain)
    _btod_d2e                                0x080085ed   Thumb Code    62  btod.o(CL$$btod_d2e)
    _d2e_denorm_low                          0x0800862b   Thumb Code    70  btod.o(CL$$btod_d2e_denorm_low)
    _d2e_norm_op1                            0x08008671   Thumb Code    96  btod.o(CL$$btod_d2e_norm_op1)
    __btod_div_common                        0x080086d1   Thumb Code   696  btod.o(CL$$btod_div_common)
    _e2e                                     0x08008a09   Thumb Code   220  btod.o(CL$$btod_e2e)
    _btod_ediv                               0x08008ae5   Thumb Code    42  btod.o(CL$$btod_ediv)
    _btod_emul                               0x08008b0f   Thumb Code    42  btod.o(CL$$btod_emul)
    __btod_mult_common                       0x08008b39   Thumb Code   580  btod.o(CL$$btod_mult_common)
    __ARM_fpclassify                         0x08008d7d   Thumb Code    48  fpclassify.o(i.__ARM_fpclassify)
    _is_digit                                0x08008dad   Thumb Code    14  __printf_wp.o(i._is_digit)
    _get_lc_numeric                          0x08008dbd   Thumb Code    44  lc_numeric_c.o(locale$$code)
    _get_lc_ctype                            0x08008de9   Thumb Code    44  lc_ctype_c.o(locale$$code)
    __fpl_dretinf                            0x08008e15   Thumb Code    12  dretinf.o(x$fpl$dretinf)
    __aeabi_f2d                              0x08008e21   Thumb Code     0  f2d.o(x$fpl$f2d)
    _f2d                                     0x08008e21   Thumb Code    86  f2d.o(x$fpl$f2d)
    __fpl_fnaninf                            0x08008e77   Thumb Code   140  fnaninf.o(x$fpl$fnaninf)
    _fp_init                                 0x08008f03   Thumb Code    26  fpinit.o(x$fpl$fpinit)
    __fplib_config_fpu_vfp                   0x08008f1b   Thumb Code     0  fpinit.o(x$fpl$fpinit)
    __fplib_config_pureend_doubles           0x08008f1b   Thumb Code     0  fpinit.o(x$fpl$fpinit)
    _printf_fp_dec                           0x08008f1d   Thumb Code     4  printf1.o(x$fpl$printf1)
    _printf_fp_hex                           0x08008f21   Thumb Code     4  printf2.o(x$fpl$printf2)
    __I$use$fp                               0x08008f24   Number         0  usenofp.o(x$fpl$usenofp)
    __stdin_name                             0x08008f8b   Data           4  sys_io_names.o(.constdata)
    __stdout_name                            0x08008f8f   Data           4  sys_io_names.o(.constdata)
    __stderr_name                            0x08008f93   Data           4  sys_io_names.o(.constdata)
    AHBPrescTable                            0x0800902c   Data          16  system_stm32g4xx.o(.rodata.AHBPrescTable)
    APBPrescTable                            0x0800903c   Data           8  system_stm32g4xx.o(.rodata.APBPrescTable)
    UARTPrescTable                           0x08009054   Data          24  stm32g4xx_hal_uart.o(.rodata.UARTPrescTable)
    Region$$Table$$Base                      0x08009074   Number         0  anon$$obj.o(Region$$Table)
    Region$$Table$$Limit                     0x08009094   Number         0  anon$$obj.o(Region$$Table)
    __ctype                                  0x080090bd   Data           0  lc_ctype_c.o(locale$$data)
    __aeabi_stdin                            0x20000000   Data           4  stdio_streams.o(.data)
    __aeabi_stdout                           0x20000004   Data           4  stdio_streams.o(.data)
    __aeabi_stderr                           0x20000008   Data           4  stdio_streams.o(.data)
    R_s                                      0x2000000c   Data           4  usermain.o(.data.R_s)
    SystemCoreClock                          0x20000010   Data           4  system_stm32g4xx.o(.data.SystemCoreClock)
    system_sample_time                       0x20000014   Data           4  usermain.o(.data.system_sample_time)
    u_bref                                   0x20000018   Data           4  usermain.o(.data.u_bref)
    uwTickFreq                               0x2000001c   Data           4  stm32g4xx_hal.o(.data.uwTickFreq)
    uwTickPrio                               0x20000020   Data           4  stm32g4xx_hal.o(.data.uwTickPrio)
    __stdin                                  0x20000028   Data          84  stdio_streams.o(.bss)
    __stdout                                 0x2000007c   Data          84  stdio_streams.o(.bss)
    __stderr                                 0x200000d0   Data          84  stdio_streams.o(.bss)
    __libspace_start                         0x20000124   Data          96  libspace.o(.bss)
    __temporary_stack_top$libspace           0x20000184   Data           0  libspace.o(.bss)
    charge_duty                              0x200001b8   Data           4  usermain.o(.bss.charge_duty)
    charge_u_controller                      0x200001bc   Data          44  usermain.o(.bss.charge_u_controller)
    hadc1                                    0x200001e8   Data         108  adc.o(.bss.hadc1)
    htim1                                    0x20000254   Data          76  tim.o(.bss.htim1)
    huart1                                   0x200002a0   Data         148  usart.o(.bss.huart1)
    i_in                                     0x20000334   Data           4  usermain.o(.bss.i_in)
    i_in_filter                              0x20000338   Data          24  usermain.o(.bss.i_in_filter)
    mppt_duty                                0x20000350   Data           4  usermain.o(.bss.mppt_duty)
    mppt_i_controller                        0x20000354   Data          44  usermain.o(.bss.mppt_i_controller)
    mppt_u_controller                        0x20000380   Data          44  usermain.o(.bss.mppt_u_controller)
    system_charge_enable                     0x200003ac   Data           1  usermain.o(.bss.system_charge_enable)
    system_mppt_enable                       0x200003ad   Data           1  usermain.o(.bss.system_mppt_enable)
    system_print                             0x200003ae   Data           1  usermain.o(.bss.system_print)
    system_sample_flag                       0x200003af   Data           1  usermain.o(.bss.system_sample_flag)
    u_b                                      0x200003b0   Data           4  usermain.o(.bss.u_b)
    u_b_filter                               0x200003b4   Data          24  usermain.o(.bss.u_b_filter)
    u_in                                     0x200003cc   Data           4  usermain.o(.bss.u_in)
    u_in_filter                              0x200003d0   Data          24  usermain.o(.bss.u_in_filter)
    uwTick                                   0x200003e8   Data           4  stm32g4xx_hal.o(.bss.uwTick)



==============================================================================

Memory Map of the image

  Image Entry point : 0x080001d9

  Load Region LR_IROM1 (Base: 0x08000000, Size: 0x000091e8, Max: 0x00020000, ABSOLUTE)

    Execution Region ER_IROM1 (Exec base: 0x08000000, Load base: 0x08000000, Size: 0x000091c0, Max: 0x00020000, ABSOLUTE)

    Exec Addr    Load Addr    Size         Type   Attr      Idx    E Section Name        Object

    0x08000000   0x08000000   0x000001d8   Data   RO            3    RESET               startup_stm32g431xx.o
    0x080001d8   0x080001d8   0x00000008   Code   RO         1632  * !!!main             c_w.l(__main.o)
    0x080001e0   0x080001e0   0x00000034   Code   RO         2138    !!!scatter          c_w.l(__scatter.o)
    0x08000214   0x08000214   0x0000001a   Code   RO         2140    !!handler_copy      c_w.l(__scatter_copy.o)
    0x0800022e   0x0800022e   0x00000002   PAD
    0x08000230   0x08000230   0x0000001c   Code   RO         2142    !!handler_zi        c_w.l(__scatter_zi.o)
    0x0800024c   0x0800024c   0x00000000   Code   RO         1720    .ARM.Collect$$_printf_percent$$00000000  c_w.l(_printf_percent.o)
    0x0800024c   0x0800024c   0x00000006   Code   RO         1709    .ARM.Collect$$_printf_percent$$00000001  c_w.l(_printf_n.o)
    0x08000252   0x08000252   0x00000006   Code   RO         1711    .ARM.Collect$$_printf_percent$$00000002  c_w.l(_printf_p.o)
    0x08000258   0x08000258   0x00000006   Code   RO         1716    .ARM.Collect$$_printf_percent$$00000003  c_w.l(_printf_f.o)
    0x0800025e   0x0800025e   0x00000006   Code   RO         1717    .ARM.Collect$$_printf_percent$$00000004  c_w.l(_printf_e.o)
    0x08000264   0x08000264   0x00000006   Code   RO         1718    .ARM.Collect$$_printf_percent$$00000005  c_w.l(_printf_g.o)
    0x0800026a   0x0800026a   0x00000006   Code   RO         1719    .ARM.Collect$$_printf_percent$$00000006  c_w.l(_printf_a.o)
    0x08000270   0x08000270   0x0000000a   Code   RO         1724    .ARM.Collect$$_printf_percent$$00000007  c_w.l(_printf_ll.o)
    0x0800027a   0x0800027a   0x00000006   Code   RO         1713    .ARM.Collect$$_printf_percent$$00000008  c_w.l(_printf_i.o)
    0x08000280   0x08000280   0x00000006   Code   RO         1714    .ARM.Collect$$_printf_percent$$00000009  c_w.l(_printf_d.o)
    0x08000286   0x08000286   0x00000006   Code   RO         1715    .ARM.Collect$$_printf_percent$$0000000A  c_w.l(_printf_u.o)
    0x0800028c   0x0800028c   0x00000006   Code   RO         1712    .ARM.Collect$$_printf_percent$$0000000B  c_w.l(_printf_o.o)
    0x08000292   0x08000292   0x00000006   Code   RO         1710    .ARM.Collect$$_printf_percent$$0000000C  c_w.l(_printf_x.o)
    0x08000298   0x08000298   0x00000006   Code   RO         1721    .ARM.Collect$$_printf_percent$$0000000D  c_w.l(_printf_lli.o)
    0x0800029e   0x0800029e   0x00000006   Code   RO         1722    .ARM.Collect$$_printf_percent$$0000000E  c_w.l(_printf_lld.o)
    0x080002a4   0x080002a4   0x00000006   Code   RO         1723    .ARM.Collect$$_printf_percent$$0000000F  c_w.l(_printf_llu.o)
    0x080002aa   0x080002aa   0x00000006   Code   RO         1728    .ARM.Collect$$_printf_percent$$00000010  c_w.l(_printf_llo.o)
    0x080002b0   0x080002b0   0x00000006   Code   RO         1729    .ARM.Collect$$_printf_percent$$00000011  c_w.l(_printf_llx.o)
    0x080002b6   0x080002b6   0x0000000a   Code   RO         1725    .ARM.Collect$$_printf_percent$$00000012  c_w.l(_printf_l.o)
    0x080002c0   0x080002c0   0x00000006   Code   RO         1707    .ARM.Collect$$_printf_percent$$00000013  c_w.l(_printf_c.o)
    0x080002c6   0x080002c6   0x00000006   Code   RO         1708    .ARM.Collect$$_printf_percent$$00000014  c_w.l(_printf_s.o)
    0x080002cc   0x080002cc   0x00000006   Code   RO         1726    .ARM.Collect$$_printf_percent$$00000015  c_w.l(_printf_lc.o)
    0x080002d2   0x080002d2   0x00000006   Code   RO         1727    .ARM.Collect$$_printf_percent$$00000016  c_w.l(_printf_ls.o)
    0x080002d8   0x080002d8   0x00000004   Code   RO         1783    .ARM.Collect$$_printf_percent$$00000017  c_w.l(_printf_percent_end.o)
    0x080002dc   0x080002dc   0x00000002   Code   RO         1924    .ARM.Collect$$libinit$$00000000  c_w.l(libinit.o)
    0x080002de   0x080002de   0x00000004   Code   RO         1925    .ARM.Collect$$libinit$$00000001  c_w.l(libinit2.o)
    0x080002e2   0x080002e2   0x00000000   Code   RO         1928    .ARM.Collect$$libinit$$00000004  c_w.l(libinit2.o)
    0x080002e2   0x080002e2   0x00000008   Code   RO         1929    .ARM.Collect$$libinit$$00000005  c_w.l(libinit2.o)
    0x080002ea   0x080002ea   0x00000000   Code   RO         1931    .ARM.Collect$$libinit$$0000000A  c_w.l(libinit2.o)
    0x080002ea   0x080002ea   0x00000000   Code   RO         1933    .ARM.Collect$$libinit$$0000000C  c_w.l(libinit2.o)
    0x080002ea   0x080002ea   0x00000000   Code   RO         1935    .ARM.Collect$$libinit$$0000000E  c_w.l(libinit2.o)
    0x080002ea   0x080002ea   0x00000006   Code   RO         1936    .ARM.Collect$$libinit$$0000000F  c_w.l(libinit2.o)
    0x080002f0   0x080002f0   0x00000000   Code   RO         1938    .ARM.Collect$$libinit$$00000011  c_w.l(libinit2.o)
    0x080002f0   0x080002f0   0x0000000c   Code   RO         1939    .ARM.Collect$$libinit$$00000012  c_w.l(libinit2.o)
    0x080002fc   0x080002fc   0x00000000   Code   RO         1940    .ARM.Collect$$libinit$$00000013  c_w.l(libinit2.o)
    0x080002fc   0x080002fc   0x00000000   Code   RO         1942    .ARM.Collect$$libinit$$00000015  c_w.l(libinit2.o)
    0x080002fc   0x080002fc   0x0000000a   Code   RO         1943    .ARM.Collect$$libinit$$00000016  c_w.l(libinit2.o)
    0x08000306   0x08000306   0x00000000   Code   RO         1944    .ARM.Collect$$libinit$$00000017  c_w.l(libinit2.o)
    0x08000306   0x08000306   0x00000000   Code   RO         1946    .ARM.Collect$$libinit$$00000019  c_w.l(libinit2.o)
    0x08000306   0x08000306   0x00000000   Code   RO         1948    .ARM.Collect$$libinit$$0000001B  c_w.l(libinit2.o)
    0x08000306   0x08000306   0x00000000   Code   RO         1950    .ARM.Collect$$libinit$$0000001D  c_w.l(libinit2.o)
    0x08000306   0x08000306   0x00000000   Code   RO         1952    .ARM.Collect$$libinit$$0000001F  c_w.l(libinit2.o)
    0x08000306   0x08000306   0x00000000   Code   RO         1954    .ARM.Collect$$libinit$$00000021  c_w.l(libinit2.o)
    0x08000306   0x08000306   0x00000000   Code   RO         1956    .ARM.Collect$$libinit$$00000023  c_w.l(libinit2.o)
    0x08000306   0x08000306   0x00000004   Code   RO         1957    .ARM.Collect$$libinit$$00000024  c_w.l(libinit2.o)
    0x0800030a   0x0800030a   0x00000000   Code   RO         1958    .ARM.Collect$$libinit$$00000025  c_w.l(libinit2.o)
    0x0800030a   0x0800030a   0x00000000   Code   RO         1962    .ARM.Collect$$libinit$$0000002C  c_w.l(libinit2.o)
    0x0800030a   0x0800030a   0x00000000   Code   RO         1964    .ARM.Collect$$libinit$$0000002E  c_w.l(libinit2.o)
    0x0800030a   0x0800030a   0x00000000   Code   RO         1966    .ARM.Collect$$libinit$$00000030  c_w.l(libinit2.o)
    0x0800030a   0x0800030a   0x00000000   Code   RO         1968    .ARM.Collect$$libinit$$00000032  c_w.l(libinit2.o)
    0x0800030a   0x0800030a   0x00000002   Code   RO         1969    .ARM.Collect$$libinit$$00000033  c_w.l(libinit2.o)
    0x0800030c   0x0800030c   0x00000002   Code   RO         2119    .ARM.Collect$$libshutdown$$00000000  c_w.l(libshutdown.o)
    0x0800030e   0x0800030e   0x00000000   Code   RO         1971    .ARM.Collect$$libshutdown$$00000002  c_w.l(libshutdown2.o)
    0x0800030e   0x0800030e   0x00000004   Code   RO         1972    .ARM.Collect$$libshutdown$$00000003  c_w.l(libshutdown2.o)
    0x08000312   0x08000312   0x00000000   Code   RO         1973    .ARM.Collect$$libshutdown$$00000004  c_w.l(libshutdown2.o)
    0x08000312   0x08000312   0x00000000   Code   RO         1976    .ARM.Collect$$libshutdown$$00000007  c_w.l(libshutdown2.o)
    0x08000312   0x08000312   0x00000000   Code   RO         1979    .ARM.Collect$$libshutdown$$0000000A  c_w.l(libshutdown2.o)
    0x08000312   0x08000312   0x00000000   Code   RO         1981    .ARM.Collect$$libshutdown$$0000000C  c_w.l(libshutdown2.o)
    0x08000312   0x08000312   0x00000000   Code   RO         1984    .ARM.Collect$$libshutdown$$0000000F  c_w.l(libshutdown2.o)
    0x08000312   0x08000312   0x00000002   Code   RO         1985    .ARM.Collect$$libshutdown$$00000010  c_w.l(libshutdown2.o)
    0x08000314   0x08000314   0x00000000   Code   RO         1636    .ARM.Collect$$rtentry$$00000000  c_w.l(__rtentry.o)
    0x08000314   0x08000314   0x00000000   Code   RO         1750    .ARM.Collect$$rtentry$$00000002  c_w.l(__rtentry2.o)
    0x08000314   0x08000314   0x00000006   Code   RO         1762    .ARM.Collect$$rtentry$$00000004  c_w.l(__rtentry4.o)
    0x0800031a   0x0800031a   0x00000000   Code   RO         1752    .ARM.Collect$$rtentry$$00000009  c_w.l(__rtentry2.o)
    0x0800031a   0x0800031a   0x00000004   Code   RO         1753    .ARM.Collect$$rtentry$$0000000A  c_w.l(__rtentry2.o)
    0x0800031e   0x0800031e   0x00000000   Code   RO         1755    .ARM.Collect$$rtentry$$0000000C  c_w.l(__rtentry2.o)
    0x0800031e   0x0800031e   0x00000008   Code   RO         1756    .ARM.Collect$$rtentry$$0000000D  c_w.l(__rtentry2.o)
    0x08000326   0x08000326   0x00000002   Code   RO         1997    .ARM.Collect$$rtexit$$00000000  c_w.l(rtexit.o)
    0x08000328   0x08000328   0x00000000   Code   RO         2057    .ARM.Collect$$rtexit$$00000002  c_w.l(rtexit2.o)
    0x08000328   0x08000328   0x00000004   Code   RO         2058    .ARM.Collect$$rtexit$$00000003  c_w.l(rtexit2.o)
    0x0800032c   0x0800032c   0x00000006   Code   RO         2059    .ARM.Collect$$rtexit$$00000004  c_w.l(rtexit2.o)
    0x08000332   0x08000332   0x00000002   PAD
    0x08000334   0x08000334   0x00000040   Code   RO            4    .text               startup_stm32g431xx.o
    0x08000374   0x08000374   0x000000f0   Code   RO         1624    .text               c_w.l(lludivv7m.o)
    0x08000464   0x08000464   0x00000018   Code   RO         1626    .text               c_w.l(printf.o)
    0x0800047c   0x0800047c   0x0000004e   Code   RO         1628    .text               c_w.l(rt_memclr_w.o)
    0x080004ca   0x080004ca   0x00000006   Code   RO         1630    .text               c_w.l(heapauxi.o)
    0x080004d0   0x080004d0   0x0000004e   Code   RO         1643    .text               c_w.l(_printf_pad.o)
    0x0800051e   0x0800051e   0x00000024   Code   RO         1645    .text               c_w.l(_printf_truncate.o)
    0x08000542   0x08000542   0x00000052   Code   RO         1647    .text               c_w.l(_printf_str.o)
    0x08000594   0x08000594   0x00000078   Code   RO         1649    .text               c_w.l(_printf_dec.o)
    0x0800060c   0x0800060c   0x00000028   Code   RO         1651    .text               c_w.l(_printf_charcount.o)
    0x08000634   0x08000634   0x00000024   Code   RO         1653    .text               c_w.l(_printf_char_file.o)
    0x08000658   0x08000658   0x000000bc   Code   RO         1655    .text               c_w.l(_printf_wctomb.o)
    0x08000714   0x08000714   0x0000007c   Code   RO         1658    .text               c_w.l(_printf_longlong_dec.o)
    0x08000790   0x08000790   0x00000070   Code   RO         1664    .text               c_w.l(_printf_oct_int_ll.o)
    0x08000800   0x08000800   0x00000094   Code   RO         1684    .text               c_w.l(_printf_hex_int_ll_ptr.o)
    0x08000894   0x08000894   0x00000188   Code   RO         1704    .text               c_w.l(__printf_flags_ss_wp.o)
    0x08000a1c   0x08000a1c   0x0000008a   Code   RO         1766    .text               c_w.l(lludiv10.o)
    0x08000aa6   0x08000aa6   0x000000b2   Code   RO         1768    .text               c_w.l(_printf_intcommon.o)
    0x08000b58   0x08000b58   0x0000041c   Code   RO         1770    .text               c_w.l(_printf_fp_dec.o)
    0x08000f74   0x08000f74   0x000002fc   Code   RO         1774    .text               c_w.l(_printf_fp_hex.o)
    0x08001270   0x08001270   0x00000030   Code   RO         1777    .text               c_w.l(_printf_char_common.o)
    0x080012a0   0x080012a0   0x0000002c   Code   RO         1779    .text               c_w.l(_printf_char.o)
    0x080012cc   0x080012cc   0x0000002c   Code   RO         1781    .text               c_w.l(_printf_wchar.o)
    0x080012f8   0x080012f8   0x00000008   Code   RO         1784    .text               c_w.l(ferror.o)
    0x08001300   0x08001300   0x00000138   Code   RO         1786    .text               c_w.l(initio.o)
    0x08001438   0x08001438   0x00000048   Code   RO         1792    .text               c_w.l(_c16rtomb.o)
    0x08001480   0x08001480   0x0000004a   Code   RO         1799    .text               c_w.l(sys_stackheap_outer.o)
    0x080014ca   0x080014ca   0x00000002   PAD
    0x080014cc   0x080014cc   0x00000010   Code   RO         1801    .text               c_w.l(rt_ctype_table.o)
    0x080014dc   0x080014dc   0x00000008   Code   RO         1806    .text               c_w.l(rt_locale_intlibspace.o)
    0x080014e4   0x080014e4   0x0000004e   Code   RO         1810    .text               c_w.l(h1_free.o)
    0x08001532   0x08001532   0x00000002   PAD
    0x08001534   0x08001534   0x00000080   Code   RO         1864    .text               c_w.l(_printf_fp_infnan.o)
    0x080015b4   0x080015b4   0x000000e4   Code   RO         1868    .text               c_w.l(bigflt0.o)
    0x08001698   0x08001698   0x00000046   Code   RO         1895    .text               c_w.l(setvbuf.o)
    0x080016de   0x080016de   0x00000002   PAD
    0x080016e0   0x080016e0   0x000000f0   Code   RO         1898    .text               c_w.l(fopen.o)
    0x080017d0   0x080017d0   0x0000004c   Code   RO         1900    .text               c_w.l(fclose.o)
    0x0800181c   0x0800181c   0x00000012   Code   RO         1909    .text               c_w.l(exit.o)
    0x0800182e   0x0800182e   0x0000000e   Code   RO         1915    .text               c_w.l(defsig_rtred_outer.o)
    0x0800183c   0x0800183c   0x00000066   Code   RO         1990    .text               c_w.l(sys_io.o)
    0x080018a2   0x080018a2   0x00000002   PAD
    0x080018a4   0x080018a4   0x00000008   Code   RO         1994    .text               c_w.l(libspace.o)
    0x080018ac   0x080018ac   0x00000008   Code   RO         2004    .text               c_w.l(rt_heap_descriptor_intlibspace.o)
    0x080018b4   0x080018b4   0x00000004   Code   RO         2006    .text               c_w.l(hguard.o)
    0x080018b8   0x080018b8   0x0000008a   Code   RO         2008    .text               c_w.l(init_alloc.o)
    0x08001942   0x08001942   0x0000005e   Code   RO         2014    .text               c_w.l(h1_alloc.o)
    0x080019a0   0x080019a0   0x000000f8   Code   RO         2028    .text               c_w.l(fseek.o)
    0x08001a98   0x08001a98   0x000000f0   Code   RO         2030    .text               c_w.l(stdio.o)
    0x08001b88   0x08001b88   0x0000000a   Code   RO         2035    .text               c_w.l(defsig_exit.o)
    0x08001b92   0x08001b92   0x00000002   PAD
    0x08001b94   0x08001b94   0x00000034   Code   RO         2039    .text               c_w.l(defsig_rtred_inner.o)
    0x08001bc8   0x08001bc8   0x0000007c   Code   RO         2043    .text               c_w.l(strcmpv7em.o)
    0x08001c44   0x08001c44   0x0000000c   Code   RO         2049    .text               c_w.l(sys_exit.o)
    0x08001c50   0x08001c50   0x00000002   Code   RO         2053    .text               c_w.l(use_no_semi.o)
    0x08001c52   0x08001c52   0x00000000   Code   RO         2055    .text               c_w.l(indicate_semi.o)
    0x08001c52   0x08001c52   0x00000000   Code   RO         2063    .text               c_w.l(maybetermalloc1.o)
    0x08001c52   0x08001c52   0x0000000e   Code   RO         2065    .text               c_w.l(h1_init.o)
    0x08001c60   0x08001c60   0x00000034   Code   RO         2067    .text               c_w.l(h1_extend.o)
    0x08001c94   0x08001c94   0x00000042   Code   RO         2075    .text               c_w.l(ftell.o)
    0x08001cd6   0x08001cd6   0x00000032   Code   RO         2079    .text               c_w.l(defsig_general.o)
    0x08001d08   0x08001d08   0x0000000e   Code   RO         2081    .text               c_w.l(defsig_rtmem_outer.o)
    0x08001d16   0x08001d16   0x0000003e   Code   RO         2085    .text               c_w.l(strlen.o)
    0x08001d54   0x08001d54   0x0000000e   Code   RO         2096    .text               c_w.l(sys_wrch.o)
    0x08001d62   0x08001d62   0x00000002   PAD
    0x08001d64   0x08001d64   0x00000008   Code   RO         2107    .text               c_w.l(rt_errno_addr_intlibspace.o)
    0x08001d6c   0x08001d6c   0x00000050   Code   RO         2113    .text               c_w.l(defsig_rtmem_inner.o)
    0x08001dbc   0x08001dbc   0x00000010   Code   RO           95    .text.ADC1_2_IRQHandler  stm32g4xx_it.o
    0x08001dcc   0x08001dcc   0x000000c4   Code   RO          136    .text.ADC_Disable   stm32g4xx_hal_adc.o
    0x08001e90   0x08001e90   0x00000110   Code   RO          144    .text.ADC_Enable    stm32g4xx_hal_adc.o
    0x08001fa0   0x08001fa0   0x00000004   Code   RO           83    .text.BusFault_Handler  stm32g4xx_it.o
    0x08001fa4   0x08001fa4   0x00000002   Code   RO           89    .text.DebugMon_Handler  stm32g4xx_it.o
    0x08001fa6   0x08001fa6   0x00000002   PAD
    0x08001fa8   0x08001fa8   0x0000000e   Code   RO           15    .text.Error_Handler  main.o
    0x08001fb6   0x08001fb6   0x00000002   PAD
    0x08001fb8   0x08001fb8   0x000000e0   Code   RO          259    .text.HAL_ADCEx_Calibration_Start  stm32g4xx_hal_adc_ex.o
    0x08002098   0x08002098   0x00000008   Code   RO          317    .text.HAL_ADCEx_EndOfSamplingCallback  stm32g4xx_hal_adc_ex.o
    0x080020a0   0x080020a0   0x000009be   Code   RO          327    .text.HAL_ADCEx_InjectedConfigChannel  stm32g4xx_hal_adc_ex.o
    0x08002a5e   0x08002a5e   0x00000002   PAD
    0x08002a60   0x08002a60   0x000002b4   Code   RO         1573    .text.HAL_ADCEx_InjectedConvCpltCallback  usermain.o
    0x08002d14   0x08002d14   0x00000008   Code   RO          311    .text.HAL_ADCEx_InjectedQueueOverflowCallback  stm32g4xx_hal_adc_ex.o
    0x08002d1c   0x08002d1c   0x000001fc   Code   RO          295    .text.HAL_ADCEx_InjectedStart_IT  stm32g4xx_hal_adc_ex.o
    0x08002f18   0x08002f18   0x00000008   Code   RO          313    .text.HAL_ADCEx_LevelOutOfWindow2Callback  stm32g4xx_hal_adc_ex.o
    0x08002f20   0x08002f20   0x00000008   Code   RO          315    .text.HAL_ADCEx_LevelOutOfWindow3Callback  stm32g4xx_hal_adc_ex.o
    0x08002f28   0x08002f28   0x00000176   Code   RO          349    .text.HAL_ADCEx_MultiModeConfigChannel  stm32g4xx_hal_adc_ex.o
    0x0800309e   0x0800309e   0x00000002   PAD
    0x080030a0   0x080030a0   0x00000008   Code   RO          180    .text.HAL_ADC_ConvCpltCallback  stm32g4xx_hal_adc.o
    0x080030a8   0x080030a8   0x00000008   Code   RO          186    .text.HAL_ADC_ErrorCallback  stm32g4xx_hal_adc.o
    0x080030b0   0x080030b0   0x000004aa   Code   RO          178    .text.HAL_ADC_IRQHandler  stm32g4xx_hal_adc.o
    0x0800355a   0x0800355a   0x00000002   PAD
    0x0800355c   0x0800355c   0x00000318   Code   RO          112    .text.HAL_ADC_Init  stm32g4xx_hal_adc.o
    0x08003874   0x08003874   0x00000008   Code   RO          184    .text.HAL_ADC_LevelOutOfWindowCallback  stm32g4xx_hal_adc.o
    0x0800387c   0x0800387c   0x000000e8   Code   RO           35    .text.HAL_ADC_MspInit  adc.o
    0x08003964   0x08003964   0x00000368   Code   RO          641    .text.HAL_GPIO_Init  stm32g4xx_hal_gpio.o
    0x08003ccc   0x08003ccc   0x0000002c   Code   RO          647    .text.HAL_GPIO_WritePin  stm32g4xx_hal_gpio.o
    0x08003cf8   0x08003cf8   0x0000000c   Code   RO          385    .text.HAL_GetTick   stm32g4xx_hal.o
    0x08003d04   0x08003d04   0x0000001a   Code   RO          383    .text.HAL_IncTick   stm32g4xx_hal.o
    0x08003d1e   0x08003d1e   0x00000002   PAD
    0x08003d20   0x08003d20   0x00000030   Code   RO          373    .text.HAL_Init      stm32g4xx_hal.o
    0x08003d50   0x08003d50   0x00000088   Code   RO          375    .text.HAL_InitTick  stm32g4xx_hal.o
    0x08003dd8   0x08003dd8   0x00000048   Code   RO          104    .text.HAL_MspInit   stm32g4xx_hal_msp.o
    0x08003e20   0x08003e20   0x00000014   Code   RO          875    .text.HAL_NVIC_EnableIRQ  stm32g4xx_hal_cortex.o
    0x08003e34   0x08003e34   0x0000002e   Code   RO          867    .text.HAL_NVIC_SetPriority  stm32g4xx_hal_cortex.o
    0x08003e62   0x08003e62   0x00000002   PAD
    0x08003e64   0x08003e64   0x00000010   Code   RO          863    .text.HAL_NVIC_SetPriorityGrouping  stm32g4xx_hal_cortex.o
    0x08003e74   0x08003e74   0x000001b4   Code   RO          784    .text.HAL_PWREx_ControlVoltageScaling  stm32g4xx_hal_pwr_ex.o
    0x08004028   0x08004028   0x00000012   Code   RO          854    .text.HAL_PWREx_DisableUCPDDeadBattery  stm32g4xx_hal_pwr_ex.o
    0x0800403a   0x0800403a   0x00000002   PAD
    0x0800403c   0x0800403c   0x0000045a   Code   RO          498    .text.HAL_RCCEx_PeriphCLKConfig  stm32g4xx_hal_rcc_ex.o
    0x08004496   0x08004496   0x00000002   PAD
    0x08004498   0x08004498   0x00000326   Code   RO          463    .text.HAL_RCC_ClockConfig  stm32g4xx_hal_rcc.o
    0x080047be   0x080047be   0x00000002   PAD
    0x080047c0   0x080047c0   0x0000000c   Code   RO          471    .text.HAL_RCC_GetHCLKFreq  stm32g4xx_hal_rcc.o
    0x080047cc   0x080047cc   0x00000026   Code   RO          473    .text.HAL_RCC_GetPCLK1Freq  stm32g4xx_hal_rcc.o
    0x080047f2   0x080047f2   0x00000002   PAD
    0x080047f4   0x080047f4   0x00000026   Code   RO          475    .text.HAL_RCC_GetPCLK2Freq  stm32g4xx_hal_rcc.o
    0x0800481a   0x0800481a   0x00000002   PAD
    0x0800481c   0x0800481c   0x000000fc   Code   RO          467    .text.HAL_RCC_GetSysClockFreq  stm32g4xx_hal_rcc.o
    0x08004918   0x08004918   0x000007b6   Code   RO          461    .text.HAL_RCC_OscConfig  stm32g4xx_hal_rcc.o
    0x080050ce   0x080050ce   0x00000002   PAD
    0x080050d0   0x080050d0   0x00000010   Code   RO          887    .text.HAL_SYSTICK_Config  stm32g4xx_hal_cortex.o
    0x080050e0   0x080050e0   0x00000130   Code   RO         1257    .text.HAL_TIMEx_ConfigBreakDeadTime  stm32g4xx_hal_tim_ex.o
    0x08005210   0x08005210   0x0000013e   Code   RO         1255    .text.HAL_TIMEx_MasterConfigSynchronization  stm32g4xx_hal_tim_ex.o
    0x0800534e   0x0800534e   0x00000002   PAD
    0x08005350   0x08005350   0x0000017e   Code   RO         1225    .text.HAL_TIMEx_PWMN_Start  stm32g4xx_hal_tim_ex.o
    0x080054ce   0x080054ce   0x00000002   PAD
    0x080054d0   0x080054d0   0x000000a8   Code   RO          938    .text.HAL_TIM_Base_Init  stm32g4xx_hal_tim.o
    0x08005578   0x08005578   0x0000003a   Code   RO           51    .text.HAL_TIM_Base_MspInit  tim.o
    0x080055b2   0x080055b2   0x00000002   PAD
    0x080055b4   0x080055b4   0x000001d4   Code   RO         1134    .text.HAL_TIM_ConfigClockSource  stm32g4xx_hal_tim.o
    0x08005788   0x08005788   0x000000ec   Code   RO           49    .text.HAL_TIM_MspPostInit  tim.o
    0x08005874   0x08005874   0x000001b0   Code   RO         1108    .text.HAL_TIM_PWM_ConfigChannel  stm32g4xx_hal_tim.o
    0x08005a24   0x08005a24   0x000000a8   Code   RO          992    .text.HAL_TIM_PWM_Init  stm32g4xx_hal_tim.o
    0x08005acc   0x08005acc   0x00000008   Code   RO          994    .text.HAL_TIM_PWM_MspInit  stm32g4xx_hal_tim.o
    0x08005ad4   0x08005ad4   0x0000025e   Code   RO         1000    .text.HAL_TIM_PWM_Start  stm32g4xx_hal_tim.o
    0x08005d32   0x08005d32   0x00000002   PAD
    0x08005d34   0x08005d34   0x0000007c   Code   RO         1502    .text.HAL_UARTEx_DisableFifoMode  stm32g4xx_hal_uart_ex.o
    0x08005db0   0x08005db0   0x0000008c   Code   RO         1506    .text.HAL_UARTEx_SetRxFifoThreshold  stm32g4xx_hal_uart_ex.o
    0x08005e3c   0x08005e3c   0x0000008c   Code   RO         1504    .text.HAL_UARTEx_SetTxFifoThreshold  stm32g4xx_hal_uart_ex.o
    0x08005ec8   0x08005ec8   0x000000aa   Code   RO         1332    .text.HAL_UART_Init  stm32g4xx_hal_uart.o
    0x08005f72   0x08005f72   0x00000002   PAD
    0x08005f74   0x08005f74   0x000000a4   Code   RO           65    .text.HAL_UART_MspInit  usart.o
    0x08006018   0x08006018   0x00000138   Code   RO         1352    .text.HAL_UART_Transmit  stm32g4xx_hal_uart.o
    0x08006150   0x08006150   0x00000004   Code   RO           79    .text.HardFault_Handler  stm32g4xx_it.o
    0x08006154   0x08006154   0x0000001c   Code   RO          250    .text.LL_ADC_Disable  stm32g4xx_hal_adc.o
    0x08006170   0x08006170   0x00000018   Code   RO          118    .text.LL_ADC_DisableDeepPowerDown  stm32g4xx_hal_adc.o
    0x08006188   0x08006188   0x0000001c   Code   RO          248    .text.LL_ADC_Enable  stm32g4xx_hal_adc.o
    0x080061a4   0x080061a4   0x0000001e   Code   RO          122    .text.LL_ADC_EnableInternalRegulator  stm32g4xx_hal_adc.o
    0x080061c2   0x080061c2   0x00000002   PAD
    0x080061c4   0x080061c4   0x00000010   Code   RO          210    .text.LL_ADC_GetCommonPathInternalCh  stm32g4xx_hal_adc.o
    0x080061d4   0x080061d4   0x00000010   Code   RO          345    .text.LL_ADC_GetCommonPathInternalCh  stm32g4xx_hal_adc_ex.o
    0x080061e4   0x080061e4   0x00000010   Code   RO          152    .text.LL_ADC_GetMultiDMATransfer  stm32g4xx_hal_adc.o
    0x080061f4   0x080061f4   0x00000010   Code   RO          142    .text.LL_ADC_GetMultimode  stm32g4xx_hal_adc.o
    0x08006204   0x08006204   0x00000010   Code   RO          281    .text.LL_ADC_GetMultimode  stm32g4xx_hal_adc_ex.o
    0x08006214   0x08006214   0x0000001e   Code   RO          339    .text.LL_ADC_GetOffsetChannel  stm32g4xx_hal_adc_ex.o
    0x08006232   0x08006232   0x00000002   PAD
    0x08006234   0x08006234   0x00000010   Code   RO          283    .text.LL_ADC_INJ_GetTrigAuto  stm32g4xx_hal_adc_ex.o
    0x08006244   0x08006244   0x00000010   Code   RO          130    .text.LL_ADC_INJ_IsConversionOngoing  stm32g4xx_hal_adc.o
    0x08006254   0x08006254   0x00000010   Code   RO          273    .text.LL_ADC_INJ_IsConversionOngoing  stm32g4xx_hal_adc_ex.o
    0x08006264   0x08006264   0x00000016   Code   RO          182    .text.LL_ADC_INJ_IsTriggerSourceSWStart  stm32g4xx_hal_adc.o
    0x0800627a   0x0800627a   0x00000002   PAD
    0x0800627c   0x0800627c   0x0000001c   Code   RO          285    .text.LL_ADC_INJ_StartConversion  stm32g4xx_hal_adc_ex.o
    0x08006298   0x08006298   0x0000000e   Code   RO          263    .text.LL_ADC_IsCalibrationOnGoing  stm32g4xx_hal_adc_ex.o
    0x080062a6   0x080062a6   0x00000002   PAD
    0x080062a8   0x080062a8   0x00000010   Code   RO          116    .text.LL_ADC_IsDeepPowerDownEnabled  stm32g4xx_hal_adc.o
    0x080062b8   0x080062b8   0x00000010   Code   RO          242    .text.LL_ADC_IsDisableOngoing  stm32g4xx_hal_adc.o
    0x080062c8   0x080062c8   0x00000010   Code   RO          126    .text.LL_ADC_IsEnabled  stm32g4xx_hal_adc.o
    0x080062d8   0x080062d8   0x00000010   Code   RO          275    .text.LL_ADC_IsEnabled  stm32g4xx_hal_adc_ex.o
    0x080062e8   0x080062e8   0x00000010   Code   RO          120    .text.LL_ADC_IsInternalRegulatorEnabled  stm32g4xx_hal_adc.o
    0x080062f8   0x080062f8   0x00000010   Code   RO          124    .text.LL_ADC_REG_IsConversionOngoing  stm32g4xx_hal_adc.o
    0x08006308   0x08006308   0x00000010   Code   RO          271    .text.LL_ADC_REG_IsConversionOngoing  stm32g4xx_hal_adc_ex.o
    0x08006318   0x08006318   0x00000016   Code   RO          154    .text.LL_ADC_REG_IsTriggerSourceSWStart  stm32g4xx_hal_adc.o
    0x0800632e   0x0800632e   0x00000002   PAD
    0x08006330   0x08006330   0x00000036   Code   RO          329    .text.LL_ADC_SetChannelSamplingTime  stm32g4xx_hal_adc_ex.o
    0x08006366   0x08006366   0x00000002   PAD
    0x08006368   0x08006368   0x00000034   Code   RO          343    .text.LL_ADC_SetChannelSingleDiff  stm32g4xx_hal_adc_ex.o
    0x0800639c   0x0800639c   0x0000001a   Code   RO          128    .text.LL_ADC_SetCommonClock  stm32g4xx_hal_adc.o
    0x080063b6   0x080063b6   0x00000002   PAD
    0x080063b8   0x080063b8   0x0000001a   Code   RO          347    .text.LL_ADC_SetCommonPathInternalCh  stm32g4xx_hal_adc_ex.o
    0x080063d2   0x080063d2   0x00000002   PAD
    0x080063d4   0x080063d4   0x0000003c   Code   RO          333    .text.LL_ADC_SetOffset  stm32g4xx_hal_adc_ex.o
    0x08006410   0x08006410   0x00000028   Code   RO          337    .text.LL_ADC_SetOffsetSaturation  stm32g4xx_hal_adc_ex.o
    0x08006438   0x08006438   0x00000028   Code   RO          335    .text.LL_ADC_SetOffsetSign  stm32g4xx_hal_adc_ex.o
    0x08006460   0x08006460   0x00000028   Code   RO          341    .text.LL_ADC_SetOffsetState  stm32g4xx_hal_adc_ex.o
    0x08006488   0x08006488   0x0000001a   Code   RO          331    .text.LL_ADC_SetSamplingTimeCommonConfig  stm32g4xx_hal_adc_ex.o
    0x080064a2   0x080064a2   0x00000002   PAD
    0x080064a4   0x080064a4   0x00000028   Code   RO          261    .text.LL_ADC_StartCalibration  stm32g4xx_hal_adc_ex.o
    0x080064cc   0x080064cc   0x0000002c   Code   RO         1559    .text.LPF_Calc      my_math.o
    0x080064f8   0x080064f8   0x00000058   Code   RO         1557    .text.LPF_Init      my_math.o
    0x08006550   0x08006550   0x0000011a   Code   RO           33    .text.MX_ADC1_Init  adc.o
    0x0800666a   0x0800666a   0x00000002   PAD
    0x0800666c   0x0800666c   0x000000b6   Code   RO           25    .text.MX_GPIO_Init  gpio.o
    0x08006722   0x08006722   0x00000002   PAD
    0x08006724   0x08006724   0x0000017a   Code   RO           47    .text.MX_TIM1_Init  tim.o
    0x0800689e   0x0800689e   0x00000002   PAD
    0x080068a0   0x080068a0   0x0000008e   Code   RO           63    .text.MX_USART1_UART_Init  usart.o
    0x0800692e   0x0800692e   0x00000002   PAD
    0x08006930   0x08006930   0x00000004   Code   RO           81    .text.MemManage_Handler  stm32g4xx_it.o
    0x08006934   0x08006934   0x00000004   Code   RO           77    .text.NMI_Handler   stm32g4xx_it.o
    0x08006938   0x08006938   0x0000006c   Code   RO          873    .text.NVIC_EncodePriority  stm32g4xx_hal_cortex.o
    0x080069a4   0x080069a4   0x000000f2   Code   RO         1555    .text.PID_Calc      my_math.o
    0x08006a96   0x08006a96   0x00000002   PAD
    0x08006a98   0x08006a98   0x0000003a   Code   RO         1553    .text.PID_init      my_math.o
    0x08006ad2   0x08006ad2   0x00000002   PAD
    0x08006ad4   0x08006ad4   0x00000002   Code   RO           91    .text.PendSV_Handler  stm32g4xx_it.o
    0x08006ad6   0x08006ad6   0x00000002   PAD
    0x08006ad8   0x08006ad8   0x0000009c   Code   RO          465    .text.RCC_GetSysClockFreqFromPLLSource  stm32g4xx_hal_rcc.o
    0x08006b74   0x08006b74   0x00000002   Code   RO           87    .text.SVC_Handler   stm32g4xx_it.o
    0x08006b76   0x08006b76   0x00000002   PAD
    0x08006b78   0x08006b78   0x00000052   Code   RO          889    .text.SysTick_Config  stm32g4xx_hal_cortex.o
    0x08006bca   0x08006bca   0x00000002   PAD
    0x08006bcc   0x08006bcc   0x00000008   Code   RO           93    .text.SysTick_Handler  stm32g4xx_it.o
    0x08006bd4   0x08006bd4   0x00000072   Code   RO           13    .text.SystemClock_Config  main.o
    0x08006c46   0x08006c46   0x00000002   PAD
    0x08006c48   0x08006c48   0x00000012   Code   RO         1525    .text.SystemInit    system_stm32g4xx.o
    0x08006c5a   0x08006c5a   0x00000002   PAD
    0x08006c5c   0x08006c5c   0x00000196   Code   RO          942    .text.TIM_Base_SetConfig  stm32g4xx_hal_tim.o
    0x08006df2   0x08006df2   0x00000002   PAD
    0x08006df4   0x08006df4   0x00000036   Code   RO          976    .text.TIM_CCxChannelCmd  stm32g4xx_hal_tim.o
    0x08006e2a   0x08006e2a   0x00000002   PAD
    0x08006e2c   0x08006e2c   0x00000036   Code   RO         1209    .text.TIM_CCxNChannelCmd  stm32g4xx_hal_tim_ex.o
    0x08006e62   0x08006e62   0x00000002   PAD
    0x08006e64   0x08006e64   0x00000034   Code   RO         1132    .text.TIM_ETR_SetConfig  stm32g4xx_hal_tim.o
    0x08006e98   0x08006e98   0x00000030   Code   RO         1138    .text.TIM_ITRx_SetConfig  stm32g4xx_hal_tim.o
    0x08006ec8   0x08006ec8   0x00000154   Code   RO         1086    .text.TIM_OC1_SetConfig  stm32g4xx_hal_tim.o
    0x0800701c   0x0800701c   0x00000170   Code   RO         1088    .text.TIM_OC2_SetConfig  stm32g4xx_hal_tim.o
    0x0800718c   0x0800718c   0x0000016e   Code   RO         1090    .text.TIM_OC3_SetConfig  stm32g4xx_hal_tim.o
    0x080072fa   0x080072fa   0x00000002   PAD
    0x080072fc   0x080072fc   0x00000170   Code   RO         1092    .text.TIM_OC4_SetConfig  stm32g4xx_hal_tim.o
    0x0800746c   0x0800746c   0x000000d2   Code   RO         1094    .text.TIM_OC5_SetConfig  stm32g4xx_hal_tim.o
    0x0800753e   0x0800753e   0x00000002   PAD
    0x08007540   0x08007540   0x000000d4   Code   RO         1096    .text.TIM_OC6_SetConfig  stm32g4xx_hal_tim.o
    0x08007614   0x08007614   0x00000050   Code   RO         1136    .text.TIM_TI1_ConfigInputStage  stm32g4xx_hal_tim.o
    0x08007664   0x08007664   0x00000052   Code   RO         1140    .text.TIM_TI2_ConfigInputStage  stm32g4xx_hal_tim.o
    0x080076b6   0x080076b6   0x00000002   PAD
    0x080076b8   0x080076b8   0x00000086   Code   RO         1500    .text.UARTEx_SetNbDataToProcess  stm32g4xx_hal_uart_ex.o
    0x0800773e   0x0800773e   0x00000002   PAD
    0x08007740   0x08007740   0x00000148   Code   RO         1336    .text.UART_AdvFeatureConfig  stm32g4xx_hal_uart.o
    0x08007888   0x08007888   0x00000146   Code   RO         1340    .text.UART_CheckIdleState  stm32g4xx_hal_uart.o
    0x080079ce   0x080079ce   0x00000002   PAD
    0x080079d0   0x080079d0   0x0000009e   Code   RO         1392    .text.UART_EndRxTransfer  stm32g4xx_hal_uart.o
    0x08007a6e   0x08007a6e   0x00000002   PAD
    0x08007a70   0x08007a70   0x00000570   Code   RO         1338    .text.UART_SetConfig  stm32g4xx_hal_uart.o
    0x08007fe0   0x08007fe0   0x0000010c   Code   RO         1354    .text.UART_WaitOnFlagUntilTimeout  stm32g4xx_hal_uart.o
    0x080080ec   0x080080ec   0x00000004   Code   RO           85    .text.UsageFault_Handler  stm32g4xx_it.o
    0x080080f0   0x080080f0   0x00000030   Code   RO          877    .text.__NVIC_EnableIRQ  stm32g4xx_hal_cortex.o
    0x08008120   0x08008120   0x00000010   Code   RO          869    .text.__NVIC_GetPriorityGrouping  stm32g4xx_hal_cortex.o
    0x08008130   0x08008130   0x00000042   Code   RO          871    .text.__NVIC_SetPriority  stm32g4xx_hal_cortex.o
    0x08008172   0x08008172   0x00000002   PAD
    0x08008174   0x08008174   0x0000003c   Code   RO          865    .text.__NVIC_SetPriorityGrouping  stm32g4xx_hal_cortex.o
    0x080081b0   0x080081b0   0x000000c0   Code   RO         1577    .text.charge_control  usermain.o
    0x08008270   0x08008270   0x00000022   Code   RO         1569    .text.fputc         usermain.o
    0x08008292   0x08008292   0x00000002   PAD
    0x08008294   0x08008294   0x0000016c   Code   RO         1581    .text.init          usermain.o
    0x08008400   0x08008400   0x00000028   Code   RO           11    .text.main          main.o
    0x08008428   0x08008428   0x0000011a   Code   RO         1575    .text.mppt_control  usermain.o
    0x08008542   0x08008542   0x00000002   PAD
    0x08008544   0x08008544   0x000000a8   Code   RO         1571    .text.usermain      usermain.o
    0x080085ec   0x080085ec   0x0000003e   Code   RO         1871    CL$$btod_d2e        c_w.l(btod.o)
    0x0800862a   0x0800862a   0x00000046   Code   RO         1873    CL$$btod_d2e_denorm_low  c_w.l(btod.o)
    0x08008670   0x08008670   0x00000060   Code   RO         1872    CL$$btod_d2e_norm_op1  c_w.l(btod.o)
    0x080086d0   0x080086d0   0x00000338   Code   RO         1881    CL$$btod_div_common  c_w.l(btod.o)
    0x08008a08   0x08008a08   0x000000dc   Code   RO         1878    CL$$btod_e2e        c_w.l(btod.o)
    0x08008ae4   0x08008ae4   0x0000002a   Code   RO         1875    CL$$btod_ediv       c_w.l(btod.o)
    0x08008b0e   0x08008b0e   0x0000002a   Code   RO         1874    CL$$btod_emul       c_w.l(btod.o)
    0x08008b38   0x08008b38   0x00000244   Code   RO         1880    CL$$btod_mult_common  c_w.l(btod.o)
    0x08008d7c   0x08008d7c   0x00000030   Code   RO         1988    i.__ARM_fpclassify  m_wm.l(fpclassify.o)
    0x08008dac   0x08008dac   0x0000000e   Code   RO         1697    i._is_digit         c_w.l(__printf_wp.o)
    0x08008dba   0x08008dba   0x00000002   PAD
    0x08008dbc   0x08008dbc   0x0000002c   Code   RO         1907    locale$$code        c_w.l(lc_numeric_c.o)
    0x08008de8   0x08008de8   0x0000002c   Code   RO         2033    locale$$code        c_w.l(lc_ctype_c.o)
    0x08008e14   0x08008e14   0x0000000c   Code   RO         1736    x$fpl$dretinf       fz_wm.l(dretinf.o)
    0x08008e20   0x08008e20   0x00000056   Code   RO         1634    x$fpl$f2d           fz_wm.l(f2d.o)
    0x08008e76   0x08008e76   0x0000008c   Code   RO         1738    x$fpl$fnaninf       fz_wm.l(fnaninf.o)
    0x08008f02   0x08008f02   0x0000001a   Code   RO         2047    x$fpl$fpinit        fz_wm.l(fpinit.o)
    0x08008f1c   0x08008f1c   0x00000004   Code   RO         1740    x$fpl$printf1       fz_wm.l(printf1.o)
    0x08008f20   0x08008f20   0x00000004   Code   RO         1742    x$fpl$printf2       fz_wm.l(printf2.o)
    0x08008f24   0x08008f24   0x00000000   Code   RO         1748    x$fpl$usenofp       fz_wm.l(usenofp.o)
    0x08008f24   0x08008f24   0x00000008   Data   RO         1656    .constdata          c_w.l(_printf_wctomb.o)
    0x08008f2c   0x08008f2c   0x00000028   Data   RO         1685    .constdata          c_w.l(_printf_hex_int_ll_ptr.o)
    0x08008f54   0x08008f54   0x00000011   Data   RO         1705    .constdata          c_w.l(__printf_flags_ss_wp.o)
    0x08008f65   0x08008f65   0x00000026   Data   RO         1775    .constdata          c_w.l(_printf_fp_hex.o)
    0x08008f8b   0x08008f8b   0x00000004   Data   RO         1794    .constdata          c_w.l(sys_io_names.o)
    0x08008f8f   0x08008f8f   0x00000004   Data   RO         1795    .constdata          c_w.l(sys_io_names.o)
    0x08008f93   0x08008f93   0x00000004   Data   RO         1796    .constdata          c_w.l(sys_io_names.o)
    0x08008f97   0x08008f97   0x00000001   PAD
    0x08008f98   0x08008f98   0x00000094   Data   RO         1869    .constdata          c_w.l(bigflt0.o)
    0x0800902c   0x0800902c   0x00000010   Data   RO         1530    .rodata.AHBPrescTable  system_stm32g4xx.o
    0x0800903c   0x0800903c   0x00000008   Data   RO         1531    .rodata.APBPrescTable  system_stm32g4xx.o
    0x08009044   0x08009044   0x00000008   Data   RO         1517    .rodata.UARTEx_SetNbDataToProcess.denominator  stm32g4xx_hal_uart_ex.o
    0x0800904c   0x0800904c   0x00000008   Data   RO         1516    .rodata.UARTEx_SetNbDataToProcess.numerator  stm32g4xx_hal_uart_ex.o
    0x08009054   0x08009054   0x00000018   Data   RO         1472    .rodata.UARTPrescTable  stm32g4xx_hal_uart.o
    0x0800906c   0x0800906c   0x00000007   Data   RO         1590    .rodata.str1.1      usermain.o
    0x08009073   0x08009073   0x00000001   PAD
    0x08009074   0x08009074   0x00000020   Data   RO         2137    Region$$Table       anon$$obj.o
    0x08009094   0x08009094   0x0000001c   Data   RO         1906    locale$$data        c_w.l(lc_numeric_c.o)
    0x080090b0   0x080090b0   0x00000110   Data   RO         2032    locale$$data        c_w.l(lc_ctype_c.o)


    Execution Region RW_IRAM1 (Exec base: 0x20000000, Load base: 0x080091c0, Size: 0x000009f0, Max: 0x00008000, ABSOLUTE)

    Exec Addr    Load Addr    Size         Type   Attr      Idx    E Section Name        Object

    0x20000000   0x080091c0   0x00000004   Data   RW         1733    .data               c_w.l(stdio_streams.o)
    0x20000004   0x080091c4   0x00000004   Data   RW         1734    .data               c_w.l(stdio_streams.o)
    0x20000008   0x080091c8   0x00000004   Data   RW         1735    .data               c_w.l(stdio_streams.o)
    0x2000000c   0x080091cc   0x00000004   Data   RW         1586    .data.R_s           usermain.o
    0x20000010   0x080091d0   0x00000004   Data   RW         1529    .data.SystemCoreClock  system_stm32g4xx.o
    0x20000014   0x080091d4   0x00000004   Data   RW         1584    .data.system_sample_time  usermain.o
    0x20000018   0x080091d8   0x00000004   Data   RW         1589    .data.u_bref        usermain.o
    0x2000001c   0x080091dc   0x00000004   Data   RW          450    .data.uwTickFreq    stm32g4xx_hal.o
    0x20000020   0x080091e0   0x00000004   Data   RW          449    .data.uwTickPrio    stm32g4xx_hal.o
    0x20000024   0x080091e4   0x00000004   PAD
    0x20000028        -       0x00000054   Zero   RW         1730    .bss                c_w.l(stdio_streams.o)
    0x2000007c        -       0x00000054   Zero   RW         1731    .bss                c_w.l(stdio_streams.o)
    0x200000d0        -       0x00000054   Zero   RW         1732    .bss                c_w.l(stdio_streams.o)
    0x20000124        -       0x00000060   Zero   RW         1995    .bss                c_w.l(libspace.o)
    0x20000184        -       0x00000004   Zero   RW         1592    .bss.HAL_ADCEx_InjectedConvCpltCallback.adc_cnt  usermain.o
    0x20000188        -       0x00000004   Zero   RW         1598    .bss.HAL_ADCEx_InjectedConvCpltCallback.adc_iin  usermain.o
    0x2000018c        -       0x00000004   Zero   RW         1599    .bss.HAL_ADCEx_InjectedConvCpltCallback.adc_iin_offset  usermain.o
    0x20000190        -       0x00000004   Zero   RW         1597    .bss.HAL_ADCEx_InjectedConvCpltCallback.adc_iin_offset_sum  usermain.o
    0x20000194        -       0x00000004   Zero   RW         1602    .bss.HAL_ADCEx_InjectedConvCpltCallback.adc_ub  usermain.o
    0x20000198        -       0x00000004   Zero   RW         1603    .bss.HAL_ADCEx_InjectedConvCpltCallback.adc_ub_offset  usermain.o
    0x2000019c        -       0x00000004   Zero   RW         1601    .bss.HAL_ADCEx_InjectedConvCpltCallback.adc_ub_offset_sum  usermain.o
    0x200001a0        -       0x00000004   Zero   RW         1594    .bss.HAL_ADCEx_InjectedConvCpltCallback.adc_uin  usermain.o
    0x200001a4        -       0x00000004   Zero   RW         1595    .bss.HAL_ADCEx_InjectedConvCpltCallback.adc_uin_offset  usermain.o
    0x200001a8        -       0x00000004   Zero   RW         1593    .bss.HAL_ADCEx_InjectedConvCpltCallback.adc_uin_offset_sum  usermain.o
    0x200001ac        -       0x00000004   Zero   RW         1600    .bss.HAL_ADCEx_InjectedConvCpltCallback.i_in_origin  usermain.o
    0x200001b0        -       0x00000004   Zero   RW         1604    .bss.HAL_ADCEx_InjectedConvCpltCallback.u_b_origin  usermain.o
    0x200001b4        -       0x00000004   Zero   RW         1596    .bss.HAL_ADCEx_InjectedConvCpltCallback.u_in_origin  usermain.o
    0x200001b8        -       0x00000004   Zero   RW         1615    .bss.charge_duty    usermain.o
    0x200001bc        -       0x0000002c   Zero   RW         1614    .bss.charge_u_controller  usermain.o
    0x200001e8        -       0x0000006c   Zero   RW           39    .bss.hadc1          adc.o
    0x20000254        -       0x0000004c   Zero   RW           55    .bss.htim1          tim.o
    0x200002a0        -       0x00000094   Zero   RW           69    .bss.huart1         usart.o
    0x20000334        -       0x00000004   Zero   RW         1588    .bss.i_in           usermain.o
    0x20000338        -       0x00000018   Zero   RW         1605    .bss.i_in_filter    usermain.o
    0x20000350        -       0x00000004   Zero   RW         1611    .bss.mppt_duty      usermain.o
    0x20000354        -       0x0000002c   Zero   RW         1610    .bss.mppt_i_controller  usermain.o
    0x20000380        -       0x0000002c   Zero   RW         1609    .bss.mppt_u_controller  usermain.o
    0x200003ac        -       0x00000001   Zero   RW         1612    .bss.system_charge_enable  usermain.o
    0x200003ad        -       0x00000001   Zero   RW         1608    .bss.system_mppt_enable  usermain.o
    0x200003ae        -       0x00000001   Zero   RW         1585    .bss.system_print   usermain.o
    0x200003af        -       0x00000001   Zero   RW         1583    .bss.system_sample_flag  usermain.o
    0x200003b0        -       0x00000004   Zero   RW         1591    .bss.u_b            usermain.o
    0x200003b4        -       0x00000018   Zero   RW         1607    .bss.u_b_filter     usermain.o
    0x200003cc        -       0x00000004   Zero   RW         1587    .bss.u_in           usermain.o
    0x200003d0        -       0x00000018   Zero   RW         1606    .bss.u_in_filter    usermain.o
    0x200003e8        -       0x00000004   Zero   RW          451    .bss.uwTick         stm32g4xx_hal.o
    0x200003ec   0x080091e4   0x00000004   PAD
    0x200003f0        -       0x00000200   Zero   RW            2    HEAP                startup_stm32g431xx.o
    0x200005f0        -       0x00000400   Zero   RW            1    STACK               startup_stm32g431xx.o


==============================================================================

Image component sizes


      Code (inc. data)   RO Data    RW Data    ZI Data      Debug   Object Name

       514          0          0          0        108       9247   adc.o
       182          0          0          0          0       2333   gpio.o
       168          0          0          0          0       1648   main.o
       432          4          0          0          0       3570   my_math.o
        64         26        472          0       1536        836   startup_stm32g431xx.o
       222          0          0          8          4       8394   stm32g4xx_hal.o
      2802          0          0          0          0      21912   stm32g4xx_hal_adc.o
      4178          0          0          0          0      19338   stm32g4xx_hal_adc_ex.o
       478          0          0          0          0       9357   stm32g4xx_hal_cortex.o
       916          0          0          0          0       5287   stm32g4xx_hal_gpio.o
        72          0          0          0          0       1615   stm32g4xx_hal_msp.o
       454          0          0          0          0       7769   stm32g4xx_hal_pwr_ex.o
      3276          0          0          0          0       9351   stm32g4xx_hal_rcc.o
      1114          0          0          0          0      10876   stm32g4xx_hal_rcc_ex.o
      4436         22          0          0          0      37660   stm32g4xx_hal_tim.o
      1058          0          0          0          0      21541   stm32g4xx_hal_tim_ex.o
      2954         48         24          0          0      27213   stm32g4xx_hal_uart.o
       538          0         16          0          0       8829   stm32g4xx_hal_uart_ex.o
        50          0          0          0          0       1099   stm32g4xx_it.o
        18          0         24          4          0       2667   system_stm32g4xx.o
       672          0          0          0         76       7494   tim.o
       306          0          0          0        148       6494   usart.o
      1732         64          7         12        280       8914   usermain.o

    ----------------------------------------------------------------------
     26736        164        576         24       2160     233444   Object Totals
         0          0         32          0          0          0   (incl. Generated)
       100          0          1          0          8          0   (incl. Padding)

    ----------------------------------------------------------------------

      Code (inc. data)   RO Data    RW Data    ZI Data      Debug   Library Member Name

         8          0          0          0          0         68   __main.o
       392          4         17          0          0         92   __printf_flags_ss_wp.o
        14          0          0          0          0         68   __printf_wp.o
         0          0          0          0          0          0   __rtentry.o
        12          0          0          0          0          0   __rtentry2.o
         6          0          0          0          0          0   __rtentry4.o
        52          8          0          0          0          0   __scatter.o
        26          0          0          0          0          0   __scatter_copy.o
        28          0          0          0          0          0   __scatter_zi.o
        72          0          0          0          0         96   _c16rtomb.o
         6          0          0          0          0          0   _printf_a.o
         6          0          0          0          0          0   _printf_c.o
        44          0          0          0          0        108   _printf_char.o
        48          6          0          0          0         96   _printf_char_common.o
        36          4          0          0          0         80   _printf_char_file.o
        40          0          0          0          0         68   _printf_charcount.o
         6          0          0          0          0          0   _printf_d.o
       120         16          0          0          0         92   _printf_dec.o
         6          0          0          0          0          0   _printf_e.o
         6          0          0          0          0          0   _printf_f.o
      1052          0          0          0          0        148   _printf_fp_dec.o
       764          8         38          0          0        100   _printf_fp_hex.o
       128         16          0          0          0         84   _printf_fp_infnan.o
         6          0          0          0          0          0   _printf_g.o
       148          4         40          0          0        160   _printf_hex_int_ll_ptr.o
         6          0          0          0          0          0   _printf_i.o
       178          0          0          0          0         88   _printf_intcommon.o
        10          0          0          0          0          0   _printf_l.o
         6          0          0          0          0          0   _printf_lc.o
        10          0          0          0          0          0   _printf_ll.o
         6          0          0          0          0          0   _printf_lld.o
         6          0          0          0          0          0   _printf_lli.o
         6          0          0          0          0          0   _printf_llo.o
         6          0          0          0          0          0   _printf_llu.o
         6          0          0          0          0          0   _printf_llx.o
       124         16          0          0          0         92   _printf_longlong_dec.o
         6          0          0          0          0          0   _printf_ls.o
         6          0          0          0          0          0   _printf_n.o
         6          0          0          0          0          0   _printf_o.o
       112          8          0          0          0        124   _printf_oct_int_ll.o
         6          0          0          0          0          0   _printf_p.o
        78          0          0          0          0        108   _printf_pad.o
         0          0          0          0          0          0   _printf_percent.o
         4          0          0          0          0          0   _printf_percent_end.o
         6          0          0          0          0          0   _printf_s.o
        82          0          0          0          0         80   _printf_str.o
        36          0          0          0          0         84   _printf_truncate.o
         6          0          0          0          0          0   _printf_u.o
        44          0          0          0          0        108   _printf_wchar.o
       188          6          8          0          0         92   _printf_wctomb.o
         6          0          0          0          0          0   _printf_x.o
       228          4        148          0          0         96   bigflt0.o
      1936        128          0          0          0        668   btod.o
        10          0          0          0          0         68   defsig_exit.o
        50          0          0          0          0         88   defsig_general.o
        80         58          0          0          0         76   defsig_rtmem_inner.o
        14          0          0          0          0         80   defsig_rtmem_outer.o
        52         38          0          0          0         76   defsig_rtred_inner.o
        14          0          0          0          0         80   defsig_rtred_outer.o
        18          0          0          0          0         80   exit.o
        76          0          0          0          0         88   fclose.o
         8          0          0          0          0         68   ferror.o
       240          6          0          0          0        128   fopen.o
       248          6          0          0          0         84   fseek.o
        66          0          0          0          0         76   ftell.o
        94          0          0          0          0         80   h1_alloc.o
        52          0          0          0          0         68   h1_extend.o
        78          0          0          0          0         80   h1_free.o
        14          0          0          0          0         84   h1_init.o
         6          0          0          0          0        152   heapauxi.o
         4          0          0          0          0        136   hguard.o
         0          0          0          0          0          0   indicate_semi.o
       138          0          0          0          0        168   init_alloc.o
       312         46          0          0          0        112   initio.o
        44         10        272          0          0         76   lc_ctype_c.o
        44         10         28          0          0         76   lc_numeric_c.o
         2          0          0          0          0          0   libinit.o
        46          0          0          0          0          0   libinit2.o
         2          0          0          0          0          0   libshutdown.o
         6          0          0          0          0          0   libshutdown2.o
         8          4          0          0         96         68   libspace.o
       138          0          0          0          0         80   lludiv10.o
       240          0          0          0          0        100   lludivv7m.o
         0          0          0          0          0          0   maybetermalloc1.o
        24          4          0          0          0         84   printf.o
        16          4          0          0          0         76   rt_ctype_table.o
         8          4          0          0          0         68   rt_errno_addr_intlibspace.o
         8          4          0          0          0         68   rt_heap_descriptor_intlibspace.o
         8          4          0          0          0         68   rt_locale_intlibspace.o
        78          0          0          0          0         80   rt_memclr_w.o
         2          0          0          0          0          0   rtexit.o
        10          0          0          0          0          0   rtexit2.o
        70          0          0          0          0         80   setvbuf.o
       240          6          0          0          0        156   stdio.o
         0          0          0         12        252          0   stdio_streams.o
       124          0          0          0          0         88   strcmpv7em.o
        62          0          0          0          0         76   strlen.o
        12          4          0          0          0         68   sys_exit.o
       102          0          0          0          0        240   sys_io.o
         0          0         12          0          0          0   sys_io_names.o
        74          0          0          0          0         80   sys_stackheap_outer.o
        14          0          0          0          0         76   sys_wrch.o
         2          0          0          0          0         68   use_no_semi.o
        12          0          0          0          0        116   dretinf.o
        86          4          0          0          0        132   f2d.o
       140          4          0          0          0        132   fnaninf.o
        26          0          0          0          0        116   fpinit.o
         4          0          0          0          0        116   printf1.o
         4          0          0          0          0        116   printf2.o
         0          0          0          0          0          0   usenofp.o
        48          0          0          0          0        124   fpclassify.o

    ----------------------------------------------------------------------
      9436        444        564         12        348       7300   Library Totals
        18          0          1          0          0          0   (incl. Padding)

    ----------------------------------------------------------------------

      Code (inc. data)   RO Data    RW Data    ZI Data      Debug   Library Name

      9098        436        563         12        348       6448   c_w.l
       272          8          0          0          0        728   fz_wm.l
        48          0          0          0          0        124   m_wm.l

    ----------------------------------------------------------------------
      9436        444        564         12        348       7300   Library Totals

    ----------------------------------------------------------------------

==============================================================================


      Code (inc. data)   RO Data    RW Data    ZI Data      Debug   

     36172        608       1140         36       2508     236340   Grand Totals
     36172        608       1140         36       2508     236340   ELF Image Totals
     36172        608       1140         36          0          0   ROM Totals

==============================================================================

    Total RO  Size (Code + RO Data)                37312 (  36.44kB)
    Total RW  Size (RW Data + ZI Data)              2544 (   2.48kB)
    Total ROM Size (Code + RO Data + RW Data)      37348 (  36.47kB)

==============================================================================

