Component: ARM Compiler 6.16 Tool: armlink [5dfeaa00]

==============================================================================

Section Cross References

    startup_stm32g431xx.o(RESET) refers to startup_stm32g431xx.o(STACK) for __initial_sp
    startup_stm32g431xx.o(RESET) refers to startup_stm32g431xx.o(.text) for Reset_Handler
    startup_stm32g431xx.o(RESET) refers to stm32g4xx_it.o(.text.NMI_Handler) for NMI_Handler
    startup_stm32g431xx.o(RESET) refers to stm32g4xx_it.o(.text.HardFault_Handler) for HardFault_Handler
    startup_stm32g431xx.o(RESET) refers to stm32g4xx_it.o(.text.MemManage_Handler) for MemManage_Handler
    startup_stm32g431xx.o(RESET) refers to stm32g4xx_it.o(.text.BusFault_Handler) for BusFault_Handler
    startup_stm32g431xx.o(RESET) refers to stm32g4xx_it.o(.text.UsageFault_Handler) for UsageFault_Handler
    startup_stm32g431xx.o(RESET) refers to stm32g4xx_it.o(.text.SVC_Handler) for SVC_Handler
    startup_stm32g431xx.o(RESET) refers to stm32g4xx_it.o(.text.DebugMon_Handler) for DebugMon_Handler
    startup_stm32g431xx.o(RESET) refers to stm32g4xx_it.o(.text.PendSV_Handler) for PendSV_Handler
    startup_stm32g431xx.o(RESET) refers to stm32g4xx_it.o(.text.SysTick_Handler) for SysTick_Handler
    startup_stm32g431xx.o(RESET) refers to stm32g4xx_it.o(.text.ADC1_2_IRQHandler) for ADC1_2_IRQHandler
    startup_stm32g431xx.o(RESET) refers to stm32g4xx_it.o(.text.TIM1_UP_TIM16_IRQHandler) for TIM1_UP_TIM16_IRQHandler
    startup_stm32g431xx.o(.text) refers to system_stm32g4xx.o(.text.SystemInit) for SystemInit
    startup_stm32g431xx.o(.text) refers to entry.o(.ARM.Collect$$$$00000000) for __main
    main.o(.text.main) refers to stm32g4xx_hal.o(.text.HAL_Init) for HAL_Init
    main.o(.text.main) refers to main.o(.text.SystemClock_Config) for SystemClock_Config
    main.o(.text.main) refers to gpio.o(.text.MX_GPIO_Init) for MX_GPIO_Init
    main.o(.text.main) refers to tim.o(.text.MX_TIM1_Init) for MX_TIM1_Init
    main.o(.text.main) refers to adc.o(.text.MX_ADC1_Init) for MX_ADC1_Init
    main.o(.text.main) refers to usart.o(.text.MX_USART1_UART_Init) for MX_USART1_UART_Init
    main.o(.text.main) refers to usermain.o(.text.usermain) for usermain
    main.o(.ARM.exidx.text.main) refers to main.o(.text.main) for [Anonymous Symbol]
    main.o(.text.SystemClock_Config) refers to memseta.o(.text) for __aeabi_memclr4
    main.o(.text.SystemClock_Config) refers to stm32g4xx_hal_pwr_ex.o(.text.HAL_PWREx_ControlVoltageScaling) for HAL_PWREx_ControlVoltageScaling
    main.o(.text.SystemClock_Config) refers to stm32g4xx_hal_rcc.o(.text.HAL_RCC_OscConfig) for HAL_RCC_OscConfig
    main.o(.text.SystemClock_Config) refers to main.o(.text.Error_Handler) for Error_Handler
    main.o(.text.SystemClock_Config) refers to stm32g4xx_hal_rcc.o(.text.HAL_RCC_ClockConfig) for HAL_RCC_ClockConfig
    main.o(.ARM.exidx.text.SystemClock_Config) refers to main.o(.text.SystemClock_Config) for [Anonymous Symbol]
    main.o(.ARM.exidx.text.Error_Handler) refers to main.o(.text.Error_Handler) for [Anonymous Symbol]
    gpio.o(.ARM.exidx.text.MX_GPIO_Init) refers to gpio.o(.text.MX_GPIO_Init) for [Anonymous Symbol]
    adc.o(.text.MX_ADC1_Init) refers to memseta.o(.text) for __aeabi_memclr4
    adc.o(.text.MX_ADC1_Init) refers to adc.o(.bss.hadc1) for hadc1
    adc.o(.text.MX_ADC1_Init) refers to stm32g4xx_hal_adc.o(.text.HAL_ADC_Init) for HAL_ADC_Init
    adc.o(.text.MX_ADC1_Init) refers to main.o(.text.Error_Handler) for Error_Handler
    adc.o(.text.MX_ADC1_Init) refers to stm32g4xx_hal_adc_ex.o(.text.HAL_ADCEx_MultiModeConfigChannel) for HAL_ADCEx_MultiModeConfigChannel
    adc.o(.text.MX_ADC1_Init) refers to stm32g4xx_hal_adc_ex.o(.text.HAL_ADCEx_InjectedConfigChannel) for HAL_ADCEx_InjectedConfigChannel
    adc.o(.ARM.exidx.text.MX_ADC1_Init) refers to adc.o(.text.MX_ADC1_Init) for [Anonymous Symbol]
    adc.o(.text.HAL_ADC_MspInit) refers to memseta.o(.text) for __aeabi_memclr4
    adc.o(.text.HAL_ADC_MspInit) refers to stm32g4xx_hal_rcc_ex.o(.text.HAL_RCCEx_PeriphCLKConfig) for HAL_RCCEx_PeriphCLKConfig
    adc.o(.text.HAL_ADC_MspInit) refers to main.o(.text.Error_Handler) for Error_Handler
    adc.o(.text.HAL_ADC_MspInit) refers to stm32g4xx_hal_gpio.o(.text.HAL_GPIO_Init) for HAL_GPIO_Init
    adc.o(.text.HAL_ADC_MspInit) refers to stm32g4xx_hal_cortex.o(.text.HAL_NVIC_SetPriority) for HAL_NVIC_SetPriority
    adc.o(.text.HAL_ADC_MspInit) refers to stm32g4xx_hal_cortex.o(.text.HAL_NVIC_EnableIRQ) for HAL_NVIC_EnableIRQ
    adc.o(.ARM.exidx.text.HAL_ADC_MspInit) refers to adc.o(.text.HAL_ADC_MspInit) for [Anonymous Symbol]
    adc.o(.text.HAL_ADC_MspDeInit) refers to stm32g4xx_hal_gpio.o(.text.HAL_GPIO_DeInit) for HAL_GPIO_DeInit
    adc.o(.text.HAL_ADC_MspDeInit) refers to stm32g4xx_hal_cortex.o(.text.HAL_NVIC_DisableIRQ) for HAL_NVIC_DisableIRQ
    adc.o(.ARM.exidx.text.HAL_ADC_MspDeInit) refers to adc.o(.text.HAL_ADC_MspDeInit) for [Anonymous Symbol]
[...]
    stm32g4xx_hal_dma_ex.c                   0x00000000   Number         0  stm32g4xx_hal_dma_ex.o ABSOLUTE
    stm32g4xx_hal_exti.c                     0x00000000   Number         0  stm32g4xx_hal_exti.o ABSOLUTE
    stm32g4xx_hal_flash.c                    0x00000000   Number         0  stm32g4xx_hal_flash.o ABSOLUTE
    stm32g4xx_hal_flash_ex.c                 0x00000000   Number         0  stm32g4xx_hal_flash_ex.o ABSOLUTE
    stm32g4xx_hal_flash_ramfunc.c            0x00000000   Number         0  stm32g4xx_hal_flash_ramfunc.o ABSOLUTE
    stm32g4xx_hal_gpio.c                     0x00000000   Number         0  stm32g4xx_hal_gpio.o ABSOLUTE
    stm32g4xx_hal_msp.c                      0x00000000   Number         0  stm32g4xx_hal_msp.o ABSOLUTE
    stm32g4xx_hal_pwr.c                      0x00000000   Number         0  stm32g4xx_hal_pwr.o ABSOLUTE
    stm32g4xx_hal_pwr_ex.c                   0x00000000   Number         0  stm32g4xx_hal_pwr_ex.o ABSOLUTE
    stm32g4xx_hal_rcc.c                      0x00000000   Number         0  stm32g4xx_hal_rcc.o ABSOLUTE
    stm32g4xx_hal_rcc_ex.c                   0x00000000   Number         0  stm32g4xx_hal_rcc_ex.o ABSOLUTE
    stm32g4xx_hal_tim.c                      0x00000000   Number         0  stm32g4xx_hal_tim.o ABSOLUTE
    stm32g4xx_hal_tim_ex.c                   0x00000000   Number         0  stm32g4xx_hal_tim_ex.o ABSOLUTE
    stm32g4xx_hal_uart.c                     0x00000000   Number         0  stm32g4xx_hal_uart.o ABSOLUTE
    stm32g4xx_hal_uart_ex.c                  0x00000000   Number         0  stm32g4xx_hal_uart_ex.o ABSOLUTE
    stm32g4xx_it.c                           0x00000000   Number         0  stm32g4xx_it.o ABSOLUTE
    stm32g4xx_ll_adc.c                       0x00000000   Number         0  stm32g4xx_ll_adc.o ABSOLUTE
    system_stm32g4xx.c                       0x00000000   Number         0  system_stm32g4xx.o ABSOLUTE
    tim.c                                    0x00000000   Number         0  tim.o ABSOLUTE
    usart.c                                  0x00000000   Number         0  usart.o ABSOLUTE
    usermain.c                               0x00000000   Number         0  usermain.o ABSOLUTE
    RESET                                    0x08000000   Section      472  startup_stm32g431xx.o(RESET)
    .ARM.Collect$$$$00000000                 0x080001d8   Section        0  entry.o(.ARM.Collect$$$$00000000)
    .ARM.Collect$$$$00000001                 0x080001d8   Section        4  entry2.o(.ARM.Collect$$$$00000001)
    .ARM.Collect$$$$00000004                 0x080001dc   Section        4  entry5.o(.ARM.Collect$$$$00000004)
    .ARM.Collect$$$$00000008                 0x080001e0   Section        0  entry7b.o(.ARM.Collect$$$$00000008)
    .ARM.Collect$$$$0000000A                 0x080001e0   Section        0  entry8b.o(.ARM.Collect$$$$0000000A)
    .ARM.Collect$$$$0000000B                 0x080001e0   Section        8  entry9a.o(.ARM.Collect$$$$0000000B)
    __lit__00000000                          0x080001e8   Data           4  entry2.o(.ARM.Collect$$$$00002712)
    .ARM.Collect$$$$0000000D                 0x080001e8   Section        0  entry10a.o(.ARM.Collect$$$$0000000D)
    .ARM.Collect$$$$0000000F                 0x080001e8   Section        0  entry11a.o(.ARM.Collect$$$$0000000F)
    .ARM.Collect$$$$00002712                 0x080001e8   Section        4  entry2.o(.ARM.Collect$$$$00002712)
    $v0                                      0x080001ec   Number         0  startup_stm32g431xx.o(.text)
    .text                                    0x080001ec   Section       36  startup_stm32g431xx.o(.text)
    .text                                    0x08000210   Section        0  uldiv.o(.text)
    .text                                    0x08000272   Section        0  memseta.o(.text)
    .text                                    0x08000296   Section        0  f2d.o(.text)
    .text                                    0x080002bc   Section        0  uidiv.o(.text)
    .text                                    0x080002e8   Section        0  llshl.o(.text)
    .text                                    0x08000306   Section        0  llushr.o(.text)
    .text                                    0x08000326   Section        0  iusefp.o(.text)
    .text                                    0x08000326   Section        0  dadd.o(.text)
    .text                                    0x08000474   Section        0  dmul.o(.text)
    .text                                    0x08000558   Section        0  ddiv.o(.text)
    .text                                    0x08000636   Section        0  dfixul.o(.text)
    .text                                    0x08000668   Section       48  cdrcmple.o(.text)
    .text                                    0x08000698   Section       36  init.o(.text)
    .text                                    0x080006bc   Section        0  llsshr.o(.text)
    .text                                    0x080006e0   Section        0  depilogue.o(.text)
    [Anonymous Symbol]                       0x0800079c   Section        0  stm32g4xx_it.o(.text.ADC1_2_IRQHandler)
    [Anonymous Symbol]                       0x080007ac   Section        0  stm32g4xx_hal_adc.o(.text.ADC_Disable)
    [Anonymous Symbol]                       0x08000870   Section        0  stm32g4xx_hal_adc.o(.text.ADC_Enable)
    [Anonymous Symbol]                       0x08000980   Section        0  stm32g4xx_it.o(.text.BusFault_Handler)
    [Anonymous Symbol]                       0x08000984   Section        0  stm32g4xx_it.o(.text.DebugMon_Handler)
    [Anonymous Symbol]                       0x08000988   Section        0  main.o(.text.Error_Handler)
    [Anonymous Symbol]                       0x08000998   Section        0  stm32g4xx_hal_adc_ex.o(.text.HAL_ADCEx_Calibration_Start)
    [Anonymous Symbol]                       0x08000a78   Section        0  stm32g4xx_hal_adc_ex.o(.text.HAL_ADCEx_EndOfSamplingCallback)
    [Anonymous Symbol]                       0x08000a80   Section        0  stm32g4xx_hal_adc_ex.o(.text.HAL_ADCEx_InjectedConfigChannel)
    [Anonymous Symbol]                       0x08001440   Section        0  usermain.o(.text.HAL_ADCEx_InjectedConvCpltCallback)
    [Anonymous Symbol]                       0x0800153c   Section        0  stm32g4xx_hal_adc_ex.o(.text.HAL_ADCEx_InjectedQueueOverflowCallback)
    [Anonymous Symbol]                       0x08001544   Section        0  stm32g4xx_hal_adc_ex.o(.text.HAL_ADCEx_InjectedStart_IT)
    [Anonymous Symbol]                       0x08001740   Section        0  stm32g4xx_hal_adc_ex.o(.text.HAL_ADCEx_LevelOutOfWindow2Callback)
    [Anonymous Symbol]                       0x08001748   Section        0  stm32g4xx_hal_adc_ex.o(.text.HAL_ADCEx_LevelOutOfWindow3Callback)
    [Anonymous Symbol]                       0x08001750   Section        0  stm32g4xx_hal_adc_ex.o(.text.HAL_ADCEx_MultiModeConfigChannel)
    [Anonymous Symbol]                       0x080018c8   Section        0  stm32g4xx_hal_adc.o(.text.HAL_ADC_ConvCpltCallback)
    [Anonymous Symbol]                       0x080018d0   Section        0  stm32g4xx_hal_adc.o(.text.HAL_ADC_ErrorCallback)
    [Anonymous Symbol]                       0x080018d8   Section        0  stm32g4xx_hal_adc.o(.text.HAL_ADC_IRQHandler)
    [Anonymous Symbol]                       0x08001d84   Section        0  stm32g4xx_hal_adc.o(.text.HAL_ADC_Init)
    [Anonymous Symbol]                       0x0800209c   Section        0  stm32g4xx_hal_adc.o(.text.HAL_ADC_LevelOutOfWindowCallback)
    [Anonymous Symbol]                       0x080020a4   Section        0  adc.o(.text.HAL_ADC_MspInit)
    [Anonymous Symbol]                       0x08002154   Section        0  stm32g4xx_hal_gpio.o(.text.HAL_GPIO_Init)
    [Anonymous Symbol]                       0x080024bc   Section        0  stm32g4xx_hal.o(.text.HAL_GetTick)
    [Anonymous Symbol]                       0x080024c8   Section        0  stm32g4xx_hal.o(.text.HAL_IncTick)
    [Anonymous Symbol]                       0x080024e4   Section        0  stm32g4xx_hal.o(.text.HAL_Init)
    [Anonymous Symbol]                       0x08002514   Section        0  stm32g4xx_hal.o(.text.HAL_InitTick)
    [Anonymous Symbol]                       0x0800259c   Section        0  stm32g4xx_hal_msp.o(.text.HAL_MspInit)
    [Anonymous Symbol]                       0x080025e4   Section        0  stm32g4xx_hal_cortex.o(.text.HAL_NVIC_EnableIRQ)
    [Anonymous Symbol]                       0x080025f8   Section        0  stm32g4xx_hal_cortex.o(.text.HAL_NVIC_SetPriority)
    [Anonymous Symbol]                       0x08002628   Section        0  stm32g4xx_hal_cortex.o(.text.HAL_NVIC_SetPriorityGrouping)
    [Anonymous Symbol]                       0x08002638   Section        0  stm32g4xx_hal_pwr_ex.o(.text.HAL_PWREx_ControlVoltageScaling)
    [Anonymous Symbol]                       0x080027ec   Section        0  stm32g4xx_hal_pwr_ex.o(.text.HAL_PWREx_DisableUCPDDeadBattery)
    [Anonymous Symbol]                       0x08002800   Section        0  stm32g4xx_hal_rcc_ex.o(.text.HAL_RCCEx_PeriphCLKConfig)
    [Anonymous Symbol]                       0x08002c5c   Section        0  stm32g4xx_hal_rcc.o(.text.HAL_RCC_ClockConfig)
    [Anonymous Symbol]                       0x08002f84   Section        0  stm32g4xx_hal_rcc.o(.text.HAL_RCC_GetHCLKFreq)
    [Anonymous Symbol]                       0x08002f90   Section        0  stm32g4xx_hal_rcc.o(.text.HAL_RCC_GetPCLK1Freq)
    [Anonymous Symbol]                       0x08002fb8   Section        0  stm32g4xx_hal_rcc.o(.text.HAL_RCC_GetPCLK2Freq)
    [Anonymous Symbol]                       0x08002fe0   Section        0  stm32g4xx_hal_rcc.o(.text.HAL_RCC_GetSysClockFreq)
    [Anonymous Symbol]                       0x080030dc   Section        0  stm32g4xx_hal_rcc.o(.text.HAL_RCC_OscConfig)
    [Anonymous Symbol]                       0x08003894   Section        0  stm32g4xx_hal_cortex.o(.text.HAL_SYSTICK_Config)
    [Anonymous Symbol]                       0x080038a4   Section        0  stm32g4xx_hal_tim_ex.o(.text.HAL_TIMEx_Break2Callback)
    [Anonymous Symbol]                       0x080038ac   Section        0  stm32g4xx_hal_tim_ex.o(.text.HAL_TIMEx_BreakCallback)
    [Anonymous Symbol]                       0x080038b4   Section        0  stm32g4xx_hal_tim_ex.o(.text.HAL_TIMEx_CommutCallback)
    [Anonymous Symbol]                       0x080038bc   Section        0  stm32g4xx_hal_tim_ex.o(.text.HAL_TIMEx_ConfigBreakDeadTime)
    [Anonymous Symbol]                       0x080039ec   Section        0  stm32g4xx_hal_tim_ex.o(.text.HAL_TIMEx_DirectionChangeCallback)
    [Anonymous Symbol]                       0x080039f4   Section        0  stm32g4xx_hal_tim_ex.o(.text.HAL_TIMEx_EncoderIndexCallback)
    [Anonymous Symbol]                       0x080039fc   Section        0  stm32g4xx_hal_tim_ex.o(.text.HAL_TIMEx_IndexErrorCallback)
    [Anonymous Symbol]                       0x08003a04   Section        0  stm32g4xx_hal_tim_ex.o(.text.HAL_TIMEx_MasterConfigSynchronization)
    [Anonymous Symbol]                       0x08003b44   Section        0  stm32g4xx_hal_tim_ex.o(.text.HAL_TIMEx_PWMN_Start)
    [Anonymous Symbol]                       0x08003cc4   Section        0  stm32g4xx_hal_tim_ex.o(.text.HAL_TIMEx_TransitionErrorCallback)
    [Anonymous Symbol]                       0x08003ccc   Section        0  stm32g4xx_hal_tim.o(.text.HAL_TIM_Base_Init)
    [Anonymous Symbol]                       0x08003d74   Section        0  tim.o(.text.HAL_TIM_Base_MspInit)
    [Anonymous Symbol]                       0x08003dc4   Section        0  stm32g4xx_hal_tim.o(.text.HAL_TIM_Base_Start_IT)
    [Anonymous Symbol]                       0x08003ea8   Section        0  stm32g4xx_hal_tim.o(.text.HAL_TIM_ConfigClockSource)
    [Anonymous Symbol]                       0x0800407c   Section        0  stm32g4xx_hal_tim.o(.text.HAL_TIM_IC_CaptureCallback)
    [Anonymous Symbol]                       0x08004084   Section        0  stm32g4xx_hal_tim.o(.text.HAL_TIM_IRQHandler)
    [Anonymous Symbol]                       0x08004384   Section        0  tim.o(.text.HAL_TIM_MspPostInit)
    [Anonymous Symbol]                       0x0800442c   Section        0  stm32g4xx_hal_tim.o(.text.HAL_TIM_OC_DelayElapsedCallback)
    [Anonymous Symbol]                       0x08004434   Section        0  stm32g4xx_hal_tim.o(.text.HAL_TIM_PWM_ConfigChannel)
    [Anonymous Symbol]                       0x080045e4   Section        0  stm32g4xx_hal_tim.o(.text.HAL_TIM_PWM_Init)
    [Anonymous Symbol]                       0x0800468c   Section        0  stm32g4xx_hal_tim.o(.text.HAL_TIM_PWM_MspInit)
    [Anonymous Symbol]                       0x08004694   Section        0  stm32g4xx_hal_tim.o(.text.HAL_TIM_PWM_PulseFinishedCallback)
    [Anonymous Symbol]                       0x0800469c   Section        0  stm32g4xx_hal_tim.o(.text.HAL_TIM_PWM_Start)
    [Anonymous Symbol]                       0x080048fc   Section        0  usermain.o(.text.HAL_TIM_PeriodElapsedCallback)
    [Anonymous Symbol]                       0x08004918   Section        0  stm32g4xx_hal_tim.o(.text.HAL_TIM_TriggerCallback)
    [Anonymous Symbol]                       0x08004920   Section        0  stm32g4xx_hal_uart_ex.o(.text.HAL_UARTEx_DisableFifoMode)
    [Anonymous Symbol]                       0x0800499c   Section        0  stm32g4xx_hal_uart_ex.o(.text.HAL_UARTEx_SetRxFifoThreshold)
    [Anonymous Symbol]                       0x08004a28   Section        0  stm32g4xx_hal_uart_ex.o(.text.HAL_UARTEx_SetTxFifoThreshold)
    [Anonymous Symbol]                       0x08004ab4   Section        0  stm32g4xx_hal_uart.o(.text.HAL_UART_Init)
    [Anonymous Symbol]                       0x08004b60   Section        0  usart.o(.text.HAL_UART_MspInit)
    [Anonymous Symbol]                       0x08004c04   Section        0  stm32g4xx_hal_uart.o(.text.HAL_UART_Transmit)
    [Anonymous Symbol]                       0x08004d3c   Section        0  stm32g4xx_it.o(.text.HardFault_Handler)
    LL_ADC_Disable                           0x08004d41   Thumb Code    28  stm32g4xx_hal_adc.o(.text.LL_ADC_Disable)
    [Anonymous Symbol]                       0x08004d40   Section        0  stm32g4xx_hal_adc.o(.text.LL_ADC_Disable)
    LL_ADC_DisableDeepPowerDown              0x08004d5d   Thumb Code    24  stm32g4xx_hal_adc.o(.text.LL_ADC_DisableDeepPowerDown)
    [Anonymous Symbol]                       0x08004d5c   Section        0  stm32g4xx_hal_adc.o(.text.LL_ADC_DisableDeepPowerDown)
    LL_ADC_Enable                            0x08004d75   Thumb Code    28  stm32g4xx_hal_adc.o(.text.LL_ADC_Enable)
    [Anonymous Symbol]                       0x08004d74   Section        0  stm32g4xx_hal_adc.o(.text.LL_ADC_Enable)
    LL_ADC_EnableInternalRegulator           0x08004d91   Thumb Code    30  stm32g4xx_hal_adc.o(.text.LL_ADC_EnableInternalRegulator)
    [Anonymous Symbol]                       0x08004d90   Section        0  stm32g4xx_hal_adc.o(.text.LL_ADC_EnableInternalRegulator)
    LL_ADC_GetCommonPathInternalCh           0x08004db1   Thumb Code    16  stm32g4xx_hal_adc.o(.text.LL_ADC_GetCommonPathInternalCh)
    [Anonymous Symbol]                       0x08004db0   Section        0  stm32g4xx_hal_adc.o(.text.LL_ADC_GetCommonPathInternalCh)
    LL_ADC_GetCommonPathInternalCh           0x08004dc1   Thumb Code    16  stm32g4xx_hal_adc_ex.o(.text.LL_ADC_GetCommonPathInternalCh)
    [Anonymous Symbol]                       0x08004dc0   Section        0  stm32g4xx_hal_adc_ex.o(.text.LL_ADC_GetCommonPathInternalCh)
    LL_ADC_GetMultiDMATransfer               0x08004dd1   Thumb Code    16  stm32g4xx_hal_adc.o(.text.LL_ADC_GetMultiDMATransfer)
    [Anonymous Symbol]                       0x08004dd0   Section        0  stm32g4xx_hal_adc.o(.text.LL_ADC_GetMultiDMATransfer)
    LL_ADC_GetMultimode                      0x08004de1   Thumb Code    16  stm32g4xx_hal_adc.o(.text.LL_ADC_GetMultimode)
    [Anonymous Symbol]                       0x08004de0   Section        0  stm32g4xx_hal_adc.o(.text.LL_ADC_GetMultimode)
    LL_ADC_GetMultimode                      0x08004df1   Thumb Code    16  stm32g4xx_hal_adc_ex.o(.text.LL_ADC_GetMultimode)
    [Anonymous Symbol]                       0x08004df0   Section        0  stm32g4xx_hal_adc_ex.o(.text.LL_ADC_GetMultimode)
    LL_ADC_GetOffsetChannel                  0x08004e01   Thumb Code    30  stm32g4xx_hal_adc_ex.o(.text.LL_ADC_GetOffsetChannel)
    [Anonymous Symbol]                       0x08004e00   Section        0  stm32g4xx_hal_adc_ex.o(.text.LL_ADC_GetOffsetChannel)
    LL_ADC_INJ_GetTrigAuto                   0x08004e21   Thumb Code    16  stm32g4xx_hal_adc_ex.o(.text.LL_ADC_INJ_GetTrigAuto)
    [Anonymous Symbol]                       0x08004e20   Section        0  stm32g4xx_hal_adc_ex.o(.text.LL_ADC_INJ_GetTrigAuto)
    LL_ADC_INJ_IsConversionOngoing           0x08004e31   Thumb Code    16  stm32g4xx_hal_adc.o(.text.LL_ADC_INJ_IsConversionOngoing)
    [Anonymous Symbol]                       0x08004e30   Section        0  stm32g4xx_hal_adc.o(.text.LL_ADC_INJ_IsConversionOngoing)
    LL_ADC_INJ_IsConversionOngoing           0x08004e41   Thumb Code    16  stm32g4xx_hal_adc_ex.o(.text.LL_ADC_INJ_IsConversionOngoing)
    [Anonymous Symbol]                       0x08004e40   Section        0  stm32g4xx_hal_adc_ex.o(.text.LL_ADC_INJ_IsConversionOngoing)
    LL_ADC_INJ_IsTriggerSourceSWStart        0x08004e51   Thumb Code    22  stm32g4xx_hal_adc.o(.text.LL_ADC_INJ_IsTriggerSourceSWStart)
    [Anonymous Symbol]                       0x08004e50   Section        0  stm32g4xx_hal_adc.o(.text.LL_ADC_INJ_IsTriggerSourceSWStart)
    LL_ADC_INJ_StartConversion               0x08004e69   Thumb Code    28  stm32g4xx_hal_adc_ex.o(.text.LL_ADC_INJ_StartConversion)
    [Anonymous Symbol]                       0x08004e68   Section        0  stm32g4xx_hal_adc_ex.o(.text.LL_ADC_INJ_StartConversion)
    LL_ADC_IsCalibrationOnGoing              0x08004e85   Thumb Code    14  stm32g4xx_hal_adc_ex.o(.text.LL_ADC_IsCalibrationOnGoing)
    [Anonymous Symbol]                       0x08004e84   Section        0  stm32g4xx_hal_adc_ex.o(.text.LL_ADC_IsCalibrationOnGoing)
    LL_ADC_IsDeepPowerDownEnabled            0x08004e95   Thumb Code    16  stm32g4xx_hal_adc.o(.text.LL_ADC_IsDeepPowerDownEnabled)
    [Anonymous Symbol]                       0x08004e94   Section        0  stm32g4xx_hal_adc.o(.text.LL_ADC_IsDeepPowerDownEnabled)
    LL_ADC_IsDisableOngoing                  0x08004ea5   Thumb Code    16  stm32g4xx_hal_adc.o(.text.LL_ADC_IsDisableOngoing)
    [Anonymous Symbol]                       0x08004ea4   Section        0  stm32g4xx_hal_adc.o(.text.LL_ADC_IsDisableOngoing)
    LL_ADC_IsEnabled                         0x08004eb5   Thumb Code    16  stm32g4xx_hal_adc.o(.text.LL_ADC_IsEnabled)
    [Anonymous Symbol]                       0x08004eb4   Section        0  stm32g4xx_hal_adc.o(.text.LL_ADC_IsEnabled)
    LL_ADC_IsEnabled                         0x08004ec5   Thumb Code    16  stm32g4xx_hal_adc_ex.o(.text.LL_ADC_IsEnabled)
    [Anonymous Symbol]                       0x08004ec4   Section        0  stm32g4xx_hal_adc_ex.o(.text.LL_ADC_IsEnabled)
    LL_ADC_IsInternalRegulatorEnabled        0x08004ed5   Thumb Code    16  stm32g4xx_hal_adc.o(.text.LL_ADC_IsInternalRegulatorEnabled)
    [Anonymous Symbol]                       0x08004ed4   Section        0  stm32g4xx_hal_adc.o(.text.LL_ADC_IsInternalRegulatorEnabled)
    LL_ADC_REG_IsConversionOngoing           0x08004ee5   Thumb Code    16  stm32g4xx_hal_adc.o(.text.LL_ADC_REG_IsConversionOngoing)
    [Anonymous Symbol]                       0x08004ee4   Section        0  stm32g4xx_hal_adc.o(.text.LL_ADC_REG_IsConversionOngoing)
    LL_ADC_REG_IsConversionOngoing           0x08004ef5   Thumb Code    16  stm32g4xx_hal_adc_ex.o(.text.LL_ADC_REG_IsConversionOngoing)
    [Anonymous Symbol]                       0x08004ef4   Section        0  stm32g4xx_hal_adc_ex.o(.text.LL_ADC_REG_IsConversionOngoing)
    LL_ADC_REG_IsTriggerSourceSWStart        0x08004f05   Thumb Code    22  stm32g4xx_hal_adc.o(.text.LL_ADC_REG_IsTriggerSourceSWStart)
    [Anonymous Symbol]                       0x08004f04   Section        0  stm32g4xx_hal_adc.o(.text.LL_ADC_REG_IsTriggerSourceSWStart)
    LL_ADC_SetChannelSamplingTime            0x08004f1d   Thumb Code    54  stm32g4xx_hal_adc_ex.o(.text.LL_ADC_SetChannelSamplingTime)
    [Anonymous Symbol]                       0x08004f1c   Section        0  stm32g4xx_hal_adc_ex.o(.text.LL_ADC_SetChannelSamplingTime)
    LL_ADC_SetChannelSingleDiff              0x08004f55   Thumb Code    52  stm32g4xx_hal_adc_ex.o(.text.LL_ADC_SetChannelSingleDiff)
    [Anonymous Symbol]                       0x08004f54   Section        0  stm32g4xx_hal_adc_ex.o(.text.LL_ADC_SetChannelSingleDiff)
    LL_ADC_SetCommonClock                    0x08004f89   Thumb Code    26  stm32g4xx_hal_adc.o(.text.LL_ADC_SetCommonClock)
    [Anonymous Symbol]                       0x08004f88   Section        0  stm32g4xx_hal_adc.o(.text.LL_ADC_SetCommonClock)
    LL_ADC_SetCommonPathInternalCh           0x08004fa5   Thumb Code    26  stm32g4xx_hal_adc_ex.o(.text.LL_ADC_SetCommonPathInternalCh)
    [Anonymous Symbol]                       0x08004fa4   Section        0  stm32g4xx_hal_adc_ex.o(.text.LL_ADC_SetCommonPathInternalCh)
    LL_ADC_SetOffset                         0x08004fc1   Thumb Code    60  stm32g4xx_hal_adc_ex.o(.text.LL_ADC_SetOffset)
    [Anonymous Symbol]                       0x08004fc0   Section        0  stm32g4xx_hal_adc_ex.o(.text.LL_ADC_SetOffset)
    LL_ADC_SetOffsetSaturation               0x08004ffd   Thumb Code    40  stm32g4xx_hal_adc_ex.o(.text.LL_ADC_SetOffsetSaturation)
    [Anonymous Symbol]                       0x08004ffc   Section        0  stm32g4xx_hal_adc_ex.o(.text.LL_ADC_SetOffsetSaturation)
    LL_ADC_SetOffsetSign                     0x08005025   Thumb Code    40  stm32g4xx_hal_adc_ex.o(.text.LL_ADC_SetOffsetSign)
    [Anonymous Symbol]                       0x08005024   Section        0  stm32g4xx_hal_adc_ex.o(.text.LL_ADC_SetOffsetSign)
    LL_ADC_SetOffsetState                    0x0800504d   Thumb Code    40  stm32g4xx_hal_adc_ex.o(.text.LL_ADC_SetOffsetState)
    [Anonymous Symbol]                       0x0800504c   Section        0  stm32g4xx_hal_adc_ex.o(.text.LL_ADC_SetOffsetState)
    LL_ADC_SetSamplingTimeCommonConfig       0x08005075   Thumb Code    26  stm32g4xx_hal_adc_ex.o(.text.LL_ADC_SetSamplingTimeCommonConfig)
    [Anonymous Symbol]                       0x08005074   Section        0  stm32g4xx_hal_adc_ex.o(.text.LL_ADC_SetSamplingTimeCommonConfig)
    LL_ADC_StartCalibration                  0x08005091   Thumb Code    40  stm32g4xx_hal_adc_ex.o(.text.LL_ADC_StartCalibration)
    [Anonymous Symbol]                       0x08005090   Section        0  stm32g4xx_hal_adc_ex.o(.text.LL_ADC_StartCalibration)
    [Anonymous Symbol]                       0x080050b8   Section        0  adc.o(.text.MX_ADC1_Init)
    [Anonymous Symbol]                       0x08005184   Section        0  gpio.o(.text.MX_GPIO_Init)
    [Anonymous Symbol]                       0x08005204   Section        0  tim.o(.text.MX_TIM1_Init)
    [Anonymous Symbol]                       0x0800536c   Section        0  usart.o(.text.MX_USART1_UART_Init)
    [Anonymous Symbol]                       0x080053fc   Section        0  stm32g4xx_it.o(.text.MemManage_Handler)
    [Anonymous Symbol]                       0x08005400   Section        0  stm32g4xx_it.o(.text.NMI_Handler)
    NVIC_EncodePriority                      0x08005405   Thumb Code   108  stm32g4xx_hal_cortex.o(.text.NVIC_EncodePriority)
    [Anonymous Symbol]                       0x08005404   Section        0  stm32g4xx_hal_cortex.o(.text.NVIC_EncodePriority)
    [Anonymous Symbol]                       0x08005470   Section        0  my_math.o(.text.PID_Calc)
    [Anonymous Symbol]                       0x08005588   Section        0  my_math.o(.text.PID_init)
    [Anonymous Symbol]                       0x080055c4   Section        0  stm32g4xx_it.o(.text.PendSV_Handler)
    RCC_GetSysClockFreqFromPLLSource         0x080055c9   Thumb Code   156  stm32g4xx_hal_rcc.o(.text.RCC_GetSysClockFreqFromPLLSource)
    [Anonymous Symbol]                       0x080055c8   Section        0  stm32g4xx_hal_rcc.o(.text.RCC_GetSysClockFreqFromPLLSource)
    [Anonymous Symbol]                       0x08005664   Section        0  stm32g4xx_it.o(.text.SVC_Handler)
    SysTick_Config                           0x08005669   Thumb Code    82  stm32g4xx_hal_cortex.o(.text.SysTick_Config)
    [Anonymous Symbol]                       0x08005668   Section        0  stm32g4xx_hal_cortex.o(.text.SysTick_Config)
    [Anonymous Symbol]                       0x080056bc   Section        0  stm32g4xx_it.o(.text.SysTick_Handler)
    [Anonymous Symbol]                       0x080056c4   Section        0  main.o(.text.SystemClock_Config)
    [Anonymous Symbol]                       0x08005738   Section        0  system_stm32g4xx.o(.text.SystemInit)
    [Anonymous Symbol]                       0x0800574c   Section        0  stm32g4xx_it.o(.text.TIM1_UP_TIM16_IRQHandler)
    [Anonymous Symbol]                       0x0800575c   Section        0  stm32g4xx_hal_tim.o(.text.TIM_Base_SetConfig)
    [Anonymous Symbol]                       0x080058f4   Section        0  stm32g4xx_hal_tim.o(.text.TIM_CCxChannelCmd)
    TIM_CCxNChannelCmd                       0x0800592d   Thumb Code    54  stm32g4xx_hal_tim_ex.o(.text.TIM_CCxNChannelCmd)
    [Anonymous Symbol]                       0x0800592c   Section        0  stm32g4xx_hal_tim_ex.o(.text.TIM_CCxNChannelCmd)
    [Anonymous Symbol]                       0x08005964   Section        0  stm32g4xx_hal_tim.o(.text.TIM_ETR_SetConfig)
    TIM_ITRx_SetConfig                       0x08005999   Thumb Code    48  stm32g4xx_hal_tim.o(.text.TIM_ITRx_SetConfig)
    [Anonymous Symbol]                       0x08005998   Section        0  stm32g4xx_hal_tim.o(.text.TIM_ITRx_SetConfig)
    TIM_OC1_SetConfig                        0x080059c9   Thumb Code   340  stm32g4xx_hal_tim.o(.text.TIM_OC1_SetConfig)
    [Anonymous Symbol]                       0x080059c8   Section        0  stm32g4xx_hal_tim.o(.text.TIM_OC1_SetConfig)
    [Anonymous Symbol]                       0x08005b1c   Section        0  stm32g4xx_hal_tim.o(.text.TIM_OC2_SetConfig)
    TIM_OC3_SetConfig                        0x08005c8d   Thumb Code   366  stm32g4xx_hal_tim.o(.text.TIM_OC3_SetConfig)
    [Anonymous Symbol]                       0x08005c8c   Section        0  stm32g4xx_hal_tim.o(.text.TIM_OC3_SetConfig)
    TIM_OC4_SetConfig                        0x08005dfd   Thumb Code   368  stm32g4xx_hal_tim.o(.text.TIM_OC4_SetConfig)
    [Anonymous Symbol]                       0x08005dfc   Section        0  stm32g4xx_hal_tim.o(.text.TIM_OC4_SetConfig)
    TIM_OC5_SetConfig                        0x08005f6d   Thumb Code   210  stm32g4xx_hal_tim.o(.text.TIM_OC5_SetConfig)
    [Anonymous Symbol]                       0x08005f6c   Section        0  stm32g4xx_hal_tim.o(.text.TIM_OC5_SetConfig)
    TIM_OC6_SetConfig                        0x08006041   Thumb Code   212  stm32g4xx_hal_tim.o(.text.TIM_OC6_SetConfig)
    [Anonymous Symbol]                       0x08006040   Section        0  stm32g4xx_hal_tim.o(.text.TIM_OC6_SetConfig)
    TIM_TI1_ConfigInputStage                 0x08006115   Thumb Code    80  stm32g4xx_hal_tim.o(.text.TIM_TI1_ConfigInputStage)
    [Anonymous Symbol]                       0x08006114   Section        0  stm32g4xx_hal_tim.o(.text.TIM_TI1_ConfigInputStage)
    TIM_TI2_ConfigInputStage                 0x08006165   Thumb Code    82  stm32g4xx_hal_tim.o(.text.TIM_TI2_ConfigInputStage)
    [Anonymous Symbol]                       0x08006164   Section        0  stm32g4xx_hal_tim.o(.text.TIM_TI2_ConfigInputStage)
    UARTEx_SetNbDataToProcess                0x080061b9   Thumb Code   134  stm32g4xx_hal_uart_ex.o(.text.UARTEx_SetNbDataToProcess)
    [Anonymous Symbol]                       0x080061b8   Section        0  stm32g4xx_hal_uart_ex.o(.text.UARTEx_SetNbDataToProcess)
    [Anonymous Symbol]                       0x08006240   Section        0  stm32g4xx_hal_uart.o(.text.UART_AdvFeatureConfig)
    [Anonymous Symbol]                       0x08006388   Section        0  stm32g4xx_hal_uart.o(.text.UART_CheckIdleState)
    UART_EndRxTransfer                       0x080064d1   Thumb Code   158  stm32g4xx_hal_uart.o(.text.UART_EndRxTransfer)
    [Anonymous Symbol]                       0x080064d0   Section        0  stm32g4xx_hal_uart.o(.text.UART_EndRxTransfer)
    [Anonymous Symbol]                       0x08006570   Section        0  stm32g4xx_hal_uart.o(.text.UART_SetConfig)
    [Anonymous Symbol]                       0x08006ae0   Section        0  stm32g4xx_hal_uart.o(.text.UART_WaitOnFlagUntilTimeout)
    [Anonymous Symbol]                       0x08006bec   Section        0  stm32g4xx_it.o(.text.UsageFault_Handler)
    __NVIC_EnableIRQ                         0x08006bf1   Thumb Code    48  stm32g4xx_hal_cortex.o(.text.__NVIC_EnableIRQ)
    [Anonymous Symbol]                       0x08006bf0   Section        0  stm32g4xx_hal_cortex.o(.text.__NVIC_EnableIRQ)
    __NVIC_GetPriorityGrouping               0x08006c21   Thumb Code    16  stm32g4xx_hal_cortex.o(.text.__NVIC_GetPriorityGrouping)
    [Anonymous Symbol]                       0x08006c20   Section        0  stm32g4xx_hal_cortex.o(.text.__NVIC_GetPriorityGrouping)
    __NVIC_SetPriority                       0x08006c31   Thumb Code    66  stm32g4xx_hal_cortex.o(.text.__NVIC_SetPriority)
    [Anonymous Symbol]                       0x08006c30   Section        0  stm32g4xx_hal_cortex.o(.text.__NVIC_SetPriority)
    __NVIC_SetPriorityGrouping               0x08006c75   Thumb Code    60  stm32g4xx_hal_cortex.o(.text.__NVIC_SetPriorityGrouping)
    [Anonymous Symbol]                       0x08006c74   Section        0  stm32g4xx_hal_cortex.o(.text.__NVIC_SetPriorityGrouping)
    control                                  0x08006cb1   Thumb Code   110  usermain.o(.text.control)
    [Anonymous Symbol]                       0x08006cb0   Section        0  usermain.o(.text.control)
    [Anonymous Symbol]                       0x08006d20   Section        0  usermain.o(.text.fputc)
    init                                     0x08006d45   Thumb Code   172  usermain.o(.text.init)
    [Anonymous Symbol]                       0x08006d44   Section        0  usermain.o(.text.init)
    [Anonymous Symbol]                       0x08006df0   Section        0  main.o(.text.main)
    [Anonymous Symbol]                       0x08006e18   Section        0  usermain.o(.text.usermain)
    i.__0printf                              0x08006e44   Section        0  printfa.o(i.__0printf)
    i.__scatterload_copy                     0x08006e64   Section       14  handlers.o(i.__scatterload_copy)
    i.__scatterload_null                     0x08006e72   Section        2  handlers.o(i.__scatterload_null)
    i.__scatterload_zeroinit                 0x08006e74   Section       14  handlers.o(i.__scatterload_zeroinit)
    _fp_digits                               0x08006e85   Thumb Code   366  printfa.o(i._fp_digits)
    i._fp_digits                             0x08006e84   Section        0  printfa.o(i._fp_digits)
    _printf_core                             0x08007009   Thumb Code  1744  printfa.o(i._printf_core)
    i._printf_core                           0x08007008   Section        0  printfa.o(i._printf_core)
    _printf_post_padding                     0x080076e5   Thumb Code    36  printfa.o(i._printf_post_padding)
    i._printf_post_padding                   0x080076e4   Section        0  printfa.o(i._printf_post_padding)
    _printf_pre_padding                      0x08007709   Thumb Code    46  printfa.o(i._printf_pre_padding)
    i._printf_pre_padding                    0x08007708   Section        0  printfa.o(i._printf_pre_padding)
    UARTEx_SetNbDataToProcess.denominator    0x0800774e   Data           8  stm32g4xx_hal_uart_ex.o(.rodata.UARTEx_SetNbDataToProcess.denominator)
    [Anonymous Symbol]                       0x0800774e   Section        0  stm32g4xx_hal_uart_ex.o(.rodata.UARTEx_SetNbDataToProcess.denominator)
    UARTEx_SetNbDataToProcess.numerator      0x08007756   Data           8  stm32g4xx_hal_uart_ex.o(.rodata.UARTEx_SetNbDataToProcess.numerator)
    [Anonymous Symbol]                       0x08007756   Section        0  stm32g4xx_hal_uart_ex.o(.rodata.UARTEx_SetNbDataToProcess.numerator)
    .L.str                                   0x08007776   Data           7  usermain.o(.rodata.str1.1)
    [Anonymous Symbol]                       0x08007776   Section        0  usermain.o(.rodata.str1.1)
    .data                                    0x20000000   Section        4  stdout.o(.data)
    HAL_ADCEx_InjectedConvCpltCallback.adc_cnt 0x20000018   Data           4  usermain.o(.bss.HAL_ADCEx_InjectedConvCpltCallback.adc_cnt)
    [Anonymous Symbol]                       0x20000018   Section        0  usermain.o(.bss.HAL_ADCEx_InjectedConvCpltCallback.adc_cnt)
    HAL_ADCEx_InjectedConvCpltCallback.adc_uout 0x2000001c   Data           4  usermain.o(.bss.HAL_ADCEx_InjectedConvCpltCallback.adc_uout)
    [Anonymous Symbol]                       0x2000001c   Section        0  usermain.o(.bss.HAL_ADCEx_InjectedConvCpltCallback.adc_uout)
    HAL_ADCEx_InjectedConvCpltCallback.adc_uout_offset_sum 0x20000020   Data           4  usermain.o(.bss.HAL_ADCEx_InjectedConvCpltCallback.adc_uout_offset_sum)
    [Anonymous Symbol]                       0x20000020   Section        0  usermain.o(.bss.HAL_ADCEx_InjectedConvCpltCallback.adc_uout_offset_sum)
    STACK                                    0x200001b0   Section     1024  startup_stm32g431xx.o(STACK)

    Global Symbols

    Symbol Name                              Value     Ov Type        Size  Object(Section)

    BuildAttributes$$THM_ISAv4$E$P$D$K$B$S$7EM$VFPi3$EXTD16$VFPS$VFMA$PE$A:L22UL41UL21$X:L11$S22US41US21$IEEE1$IW$~IW$USESV6$~STKCKD$USESV7$~SHL$OSPACE$ROPI$EBA8$MICROLIB$REQ8$PRES8$EABIv2 0x00000000   Number         0  anon$$obj.o ABSOLUTE
    __cpp_initialize__aeabi_                  - Undefined Weak Reference
    __cxa_finalize                            - Undefined Weak Reference
    __decompress                              - Undefined Weak Reference
    _clock_init                               - Undefined Weak Reference
    _microlib_exit                            - Undefined Weak Reference
    __Vectors_Size                           0x000001d8   Number         0  startup_stm32g431xx.o ABSOLUTE
    __Vectors                                0x08000000   Data           4  startup_stm32g431xx.o(RESET)
    __Vectors_End                            0x080001d8   Data           0  startup_stm32g431xx.o(RESET)
    __main                                   0x080001d9   Thumb Code     0  entry.o(.ARM.Collect$$$$00000000)
    _main_stk                                0x080001d9   Thumb Code     0  entry2.o(.ARM.Collect$$$$00000001)
    _main_scatterload                        0x080001dd   Thumb Code     0  entry5.o(.ARM.Collect$$$$00000004)
    __main_after_scatterload                 0x080001e1   Thumb Code     0  entry5.o(.ARM.Collect$$$$00000004)
    _main_clock                              0x080001e1   Thumb Code     0  entry7b.o(.ARM.Collect$$$$00000008)
    _main_cpp_init                           0x080001e1   Thumb Code     0  entry8b.o(.ARM.Collect$$$$0000000A)
    _main_init                               0x080001e1   Thumb Code     0  entry9a.o(.ARM.Collect$$$$0000000B)
    __rt_final_cpp                           0x080001e9   Thumb Code     0  entry10a.o(.ARM.Collect$$$$0000000D)
    __rt_final_exit                          0x080001e9   Thumb Code     0  entry11a.o(.ARM.Collect$$$$0000000F)
    Reset_Handler                            0x080001ed   Thumb Code     8  startup_stm32g431xx.o(.text)
    COMP1_2_3_IRQHandler                     0x08000207   Thumb Code     0  startup_stm32g431xx.o(.text)
    COMP4_IRQHandler                         0x08000207   Thumb Code     0  startup_stm32g431xx.o(.text)
    CORDIC_IRQHandler                        0x08000207   Thumb Code     0  startup_stm32g431xx.o(.text)
    CRS_IRQHandler                           0x08000207   Thumb Code     0  startup_stm32g431xx.o(.text)
    DMA1_Channel1_IRQHandler                 0x08000207   Thumb Code     0  startup_stm32g431xx.o(.text)
    DMA1_Channel2_IRQHandler                 0x08000207   Thumb Code     0  startup_stm32g431xx.o(.text)
    DMA1_Channel3_IRQHandler                 0x08000207   Thumb Code     0  startup_stm32g431xx.o(.text)
    DMA1_Channel4_IRQHandler                 0x08000207   Thumb Code     0  startup_stm32g431xx.o(.text)
    DMA1_Channel5_IRQHandler                 0x08000207   Thumb Code     0  startup_stm32g431xx.o(.text)
    DMA1_Channel6_IRQHandler                 0x08000207   Thumb Code     0  startup_stm32g431xx.o(.text)
    DMA2_Channel1_IRQHandler                 0x08000207   Thumb Code     0  startup_stm32g431xx.o(.text)
    DMA2_Channel2_IRQHandler                 0x08000207   Thumb Code     0  startup_stm32g431xx.o(.text)
    DMA2_Channel3_IRQHandler                 0x08000207   Thumb Code     0  startup_stm32g431xx.o(.text)
    DMA2_Channel4_IRQHandler                 0x08000207   Thumb Code     0  startup_stm32g431xx.o(.text)
    DMA2_Channel5_IRQHandler                 0x08000207   Thumb Code     0  startup_stm32g431xx.o(.text)
    DMA2_Channel6_IRQHandler                 0x08000207   Thumb Code     0  startup_stm32g431xx.o(.text)
    DMAMUX_OVR_IRQHandler                    0x08000207   Thumb Code     0  startup_stm32g431xx.o(.text)
    EXTI0_IRQHandler                         0x08000207   Thumb Code     0  startup_stm32g431xx.o(.text)
    EXTI15_10_IRQHandler                     0x08000207   Thumb Code     0  startup_stm32g431xx.o(.text)
    EXTI1_IRQHandler                         0x08000207   Thumb Code     0  startup_stm32g431xx.o(.text)
    EXTI2_IRQHandler                         0x08000207   Thumb Code     0  startup_stm32g431xx.o(.text)
    EXTI3_IRQHandler                         0x08000207   Thumb Code     0  startup_stm32g431xx.o(.text)
    EXTI4_IRQHandler                         0x08000207   Thumb Code     0  startup_stm32g431xx.o(.text)
    EXTI9_5_IRQHandler                       0x08000207   Thumb Code     0  startup_stm32g431xx.o(.text)
    FDCAN1_IT0_IRQHandler                    0x08000207   Thumb Code     0  startup_stm32g431xx.o(.text)
    FDCAN1_IT1_IRQHandler                    0x08000207   Thumb Code     0  startup_stm32g431xx.o(.text)
    FLASH_IRQHandler                         0x08000207   Thumb Code     0  startup_stm32g431xx.o(.text)
    FMAC_IRQHandler                          0x08000207   Thumb Code     0  startup_stm32g431xx.o(.text)
    FPU_IRQHandler                           0x08000207   Thumb Code     0  startup_stm32g431xx.o(.text)
    I2C1_ER_IRQHandler                       0x08000207   Thumb Code     0  startup_stm32g431xx.o(.text)
    I2C1_EV_IRQHandler                       0x08000207   Thumb Code     0  startup_stm32g431xx.o(.text)
    I2C2_ER_IRQHandler                       0x08000207   Thumb Code     0  startup_stm32g431xx.o(.text)
    I2C2_EV_IRQHandler                       0x08000207   Thumb Code     0  startup_stm32g431xx.o(.text)
    I2C3_ER_IRQHandler                       0x08000207   Thumb Code     0  startup_stm32g431xx.o(.text)
    I2C3_EV_IRQHandler                       0x08000207   Thumb Code     0  startup_stm32g431xx.o(.text)
    LPTIM1_IRQHandler                        0x08000207   Thumb Code     0  startup_stm32g431xx.o(.text)
    LPUART1_IRQHandler                       0x08000207   Thumb Code     0  startup_stm32g431xx.o(.text)
    PVD_PVM_IRQHandler                       0x08000207   Thumb Code     0  startup_stm32g431xx.o(.text)
    RCC_IRQHandler                           0x08000207   Thumb Code     0  startup_stm32g431xx.o(.text)
    RNG_IRQHandler                           0x08000207   Thumb Code     0  startup_stm32g431xx.o(.text)
    RTC_Alarm_IRQHandler                     0x08000207   Thumb Code     0  startup_stm32g431xx.o(.text)
    RTC_TAMP_LSECSS_IRQHandler               0x08000207   Thumb Code     0  startup_stm32g431xx.o(.text)
    RTC_WKUP_IRQHandler                      0x08000207   Thumb Code     0  startup_stm32g431xx.o(.text)
    SAI1_IRQHandler                          0x08000207   Thumb Code     0  startup_stm32g431xx.o(.text)
    SPI1_IRQHandler                          0x08000207   Thumb Code     0  startup_stm32g431xx.o(.text)
    SPI2_IRQHandler                          0x08000207   Thumb Code     0  startup_stm32g431xx.o(.text)
    SPI3_IRQHandler                          0x08000207   Thumb Code     0  startup_stm32g431xx.o(.text)
    TIM1_BRK_TIM15_IRQHandler                0x08000207   Thumb Code     0  startup_stm32g431xx.o(.text)
    TIM1_CC_IRQHandler                       0x08000207   Thumb Code     0  startup_stm32g431xx.o(.text)
    TIM1_TRG_COM_TIM17_IRQHandler            0x08000207   Thumb Code     0  startup_stm32g431xx.o(.text)
    TIM2_IRQHandler                          0x08000207   Thumb Code     0  startup_stm32g431xx.o(.text)
    TIM3_IRQHandler                          0x08000207   Thumb Code     0  startup_stm32g431xx.o(.text)
    TIM4_IRQHandler                          0x08000207   Thumb Code     0  startup_stm32g431xx.o(.text)
    TIM6_DAC_IRQHandler                      0x08000207   Thumb Code     0  startup_stm32g431xx.o(.text)
    TIM7_IRQHandler                          0x08000207   Thumb Code     0  startup_stm32g431xx.o(.text)
    TIM8_BRK_IRQHandler                      0x08000207   Thumb Code     0  startup_stm32g431xx.o(.text)
    TIM8_CC_IRQHandler                       0x08000207   Thumb Code     0  startup_stm32g431xx.o(.text)
    TIM8_TRG_COM_IRQHandler                  0x08000207   Thumb Code     0  startup_stm32g431xx.o(.text)
    TIM8_UP_IRQHandler                       0x08000207   Thumb Code     0  startup_stm32g431xx.o(.text)
    UART4_IRQHandler                         0x08000207   Thumb Code     0  startup_stm32g431xx.o(.text)
    UCPD1_IRQHandler                         0x08000207   Thumb Code     0  startup_stm32g431xx.o(.text)
    USART1_IRQHandler                        0x08000207   Thumb Code     0  startup_stm32g431xx.o(.text)
    USART2_IRQHandler                        0x08000207   Thumb Code     0  startup_stm32g431xx.o(.text)
    USART3_IRQHandler                        0x08000207   Thumb Code     0  startup_stm32g431xx.o(.text)
    USBWakeUp_IRQHandler                     0x08000207   Thumb Code     0  startup_stm32g431xx.o(.text)
    USB_HP_IRQHandler                        0x08000207   Thumb Code     0  startup_stm32g431xx.o(.text)
    USB_LP_IRQHandler                        0x08000207   Thumb Code     0  startup_stm32g431xx.o(.text)
    WWDG_IRQHandler                          0x08000207   Thumb Code     0  startup_stm32g431xx.o(.text)
    __aeabi_uldivmod                         0x08000211   Thumb Code    98  uldiv.o(.text)
    __aeabi_memset                           0x08000273   Thumb Code    14  memseta.o(.text)
    __aeabi_memset4                          0x08000273   Thumb Code     0  memseta.o(.text)
    __aeabi_memset8                          0x08000273   Thumb Code     0  memseta.o(.text)
    __aeabi_memclr                           0x08000281   Thumb Code     4  memseta.o(.text)
    __aeabi_memclr4                          0x08000281   Thumb Code     0  memseta.o(.text)
    __aeabi_memclr8                          0x08000281   Thumb Code     0  memseta.o(.text)
    _memset$wrapper                          0x08000285   Thumb Code    18  memseta.o(.text)
    __aeabi_f2d                              0x08000297   Thumb Code    38  f2d.o(.text)
    __aeabi_uidiv                            0x080002bd   Thumb Code     0  uidiv.o(.text)
    __aeabi_uidivmod                         0x080002bd   Thumb Code    44  uidiv.o(.text)
    __aeabi_llsl                             0x080002e9   Thumb Code    30  llshl.o(.text)
    _ll_shift_l                              0x080002e9   Thumb Code     0  llshl.o(.text)
    __aeabi_llsr                             0x08000307   Thumb Code    32  llushr.o(.text)
    _ll_ushift_r                             0x08000307   Thumb Code     0  llushr.o(.text)
    __I$use$fp                               0x08000327   Thumb Code     0  iusefp.o(.text)
    __aeabi_dadd                             0x08000327   Thumb Code   322  dadd.o(.text)
    __aeabi_dsub                             0x08000469   Thumb Code     6  dadd.o(.text)
    __aeabi_drsub                            0x0800046f   Thumb Code     6  dadd.o(.text)
    __aeabi_dmul                             0x08000475   Thumb Code   228  dmul.o(.text)
    __aeabi_ddiv                             0x08000559   Thumb Code   222  ddiv.o(.text)
    __aeabi_d2ulz                            0x08000637   Thumb Code    48  dfixul.o(.text)
    __aeabi_cdrcmple                         0x08000669   Thumb Code    48  cdrcmple.o(.text)
    __scatterload                            0x08000699   Thumb Code    28  init.o(.text)
    __scatterload_rt2                        0x08000699   Thumb Code     0  init.o(.text)
    __aeabi_lasr                             0x080006bd   Thumb Code    36  llsshr.o(.text)
    _ll_sshift_r                             0x080006bd   Thumb Code     0  llsshr.o(.text)
    _double_round                            0x080006e1   Thumb Code    30  depilogue.o(.text)
    _double_epilogue                         0x080006ff   Thumb Code   156  depilogue.o(.text)
    ADC1_2_IRQHandler                        0x0800079d   Thumb Code    16  stm32g4xx_it.o(.text.ADC1_2_IRQHandler)
    ADC_Disable                              0x080007ad   Thumb Code   196  stm32g4xx_hal_adc.o(.text.ADC_Disable)
    ADC_Enable                               0x08000871   Thumb Code   272  stm32g4xx_hal_adc.o(.text.ADC_Enable)
    BusFault_Handler                         0x08000981   Thumb Code     4  stm32g4xx_it.o(.text.BusFault_Handler)
    DebugMon_Handler                         0x08000985   Thumb Code     2  stm32g4xx_it.o(.text.DebugMon_Handler)
    Error_Handler                            0x08000989   Thumb Code    14  main.o(.text.Error_Handler)
    HAL_ADCEx_Calibration_Start              0x08000999   Thumb Code   224  stm32g4xx_hal_adc_ex.o(.text.HAL_ADCEx_Calibration_Start)
    HAL_ADCEx_EndOfSamplingCallback          0x08000a79   Thumb Code     8  stm32g4xx_hal_adc_ex.o(.text.HAL_ADCEx_EndOfSamplingCallback)
    HAL_ADCEx_InjectedConfigChannel          0x08000a81   Thumb Code  2494  stm32g4xx_hal_adc_ex.o(.text.HAL_ADCEx_InjectedConfigChannel)
    HAL_ADCEx_InjectedConvCpltCallback       0x08001441   Thumb Code   252  usermain.o(.text.HAL_ADCEx_InjectedConvCpltCallback)
    HAL_ADCEx_InjectedQueueOverflowCallback  0x0800153d   Thumb Code     8  stm32g4xx_hal_adc_ex.o(.text.HAL_ADCEx_InjectedQueueOverflowCallback)
    HAL_ADCEx_InjectedStart_IT               0x08001545   Thumb Code   508  stm32g4xx_hal_adc_ex.o(.text.HAL_ADCEx_InjectedStart_IT)
    HAL_ADCEx_LevelOutOfWindow2Callback      0x08001741   Thumb Code     8  stm32g4xx_hal_adc_ex.o(.text.HAL_ADCEx_LevelOutOfWindow2Callback)
    HAL_ADCEx_LevelOutOfWindow3Callback      0x08001749   Thumb Code     8  stm32g4xx_hal_adc_ex.o(.text.HAL_ADCEx_LevelOutOfWindow3Callback)
    HAL_ADCEx_MultiModeConfigChannel         0x08001751   Thumb Code   374  stm32g4xx_hal_adc_ex.o(.text.HAL_ADCEx_MultiModeConfigChannel)
    HAL_ADC_ConvCpltCallback                 0x080018c9   Thumb Code     8  stm32g4xx_hal_adc.o(.text.HAL_ADC_ConvCpltCallback)
    HAL_ADC_ErrorCallback                    0x080018d1   Thumb Code     8  stm32g4xx_hal_adc.o(.text.HAL_ADC_ErrorCallback)
    HAL_ADC_IRQHandler                       0x080018d9   Thumb Code  1194  stm32g4xx_hal_adc.o(.text.HAL_ADC_IRQHandler)
    HAL_ADC_Init                             0x08001d85   Thumb Code   792  stm32g4xx_hal_adc.o(.text.HAL_ADC_Init)
    HAL_ADC_LevelOutOfWindowCallback         0x0800209d   Thumb Code     8  stm32g4xx_hal_adc.o(.text.HAL_ADC_LevelOutOfWindowCallback)
    HAL_ADC_MspInit                          0x080020a5   Thumb Code   174  adc.o(.text.HAL_ADC_MspInit)
    HAL_GPIO_Init                            0x08002155   Thumb Code   872  stm32g4xx_hal_gpio.o(.text.HAL_GPIO_Init)
    HAL_GetTick                              0x080024bd   Thumb Code    12  stm32g4xx_hal.o(.text.HAL_GetTick)
    HAL_IncTick                              0x080024c9   Thumb Code    26  stm32g4xx_hal.o(.text.HAL_IncTick)
    HAL_Init                                 0x080024e5   Thumb Code    48  stm32g4xx_hal.o(.text.HAL_Init)
    HAL_InitTick                             0x08002515   Thumb Code   136  stm32g4xx_hal.o(.text.HAL_InitTick)
    HAL_MspInit                              0x0800259d   Thumb Code    72  stm32g4xx_hal_msp.o(.text.HAL_MspInit)
    HAL_NVIC_EnableIRQ                       0x080025e5   Thumb Code    20  stm32g4xx_hal_cortex.o(.text.HAL_NVIC_EnableIRQ)
    HAL_NVIC_SetPriority                     0x080025f9   Thumb Code    46  stm32g4xx_hal_cortex.o(.text.HAL_NVIC_SetPriority)
    HAL_NVIC_SetPriorityGrouping             0x08002629   Thumb Code    16  stm32g4xx_hal_cortex.o(.text.HAL_NVIC_SetPriorityGrouping)
    HAL_PWREx_ControlVoltageScaling          0x08002639   Thumb Code   436  stm32g4xx_hal_pwr_ex.o(.text.HAL_PWREx_ControlVoltageScaling)
    HAL_PWREx_DisableUCPDDeadBattery         0x080027ed   Thumb Code    18  stm32g4xx_hal_pwr_ex.o(.text.HAL_PWREx_DisableUCPDDeadBattery)
    HAL_RCCEx_PeriphCLKConfig                0x08002801   Thumb Code  1114  stm32g4xx_hal_rcc_ex.o(.text.HAL_RCCEx_PeriphCLKConfig)
    HAL_RCC_ClockConfig                      0x08002c5d   Thumb Code   806  stm32g4xx_hal_rcc.o(.text.HAL_RCC_ClockConfig)
    HAL_RCC_GetHCLKFreq                      0x08002f85   Thumb Code    12  stm32g4xx_hal_rcc.o(.text.HAL_RCC_GetHCLKFreq)
    HAL_RCC_GetPCLK1Freq                     0x08002f91   Thumb Code    38  stm32g4xx_hal_rcc.o(.text.HAL_RCC_GetPCLK1Freq)
    HAL_RCC_GetPCLK2Freq                     0x08002fb9   Thumb Code    38  stm32g4xx_hal_rcc.o(.text.HAL_RCC_GetPCLK2Freq)
    HAL_RCC_GetSysClockFreq                  0x08002fe1   Thumb Code   252  stm32g4xx_hal_rcc.o(.text.HAL_RCC_GetSysClockFreq)
    HAL_RCC_OscConfig                        0x080030dd   Thumb Code  1974  stm32g4xx_hal_rcc.o(.text.HAL_RCC_OscConfig)
    HAL_SYSTICK_Config                       0x08003895   Thumb Code    16  stm32g4xx_hal_cortex.o(.text.HAL_SYSTICK_Config)
    HAL_TIMEx_Break2Callback                 0x080038a5   Thumb Code     8  stm32g4xx_hal_tim_ex.o(.text.HAL_TIMEx_Break2Callback)
    HAL_TIMEx_BreakCallback                  0x080038ad   Thumb Code     8  stm32g4xx_hal_tim_ex.o(.text.HAL_TIMEx_BreakCallback)
    HAL_TIMEx_CommutCallback                 0x080038b5   Thumb Code     8  stm32g4xx_hal_tim_ex.o(.text.HAL_TIMEx_CommutCallback)
    HAL_TIMEx_ConfigBreakDeadTime            0x080038bd   Thumb Code   304  stm32g4xx_hal_tim_ex.o(.text.HAL_TIMEx_ConfigBreakDeadTime)
    HAL_TIMEx_DirectionChangeCallback        0x080039ed   Thumb Code     8  stm32g4xx_hal_tim_ex.o(.text.HAL_TIMEx_DirectionChangeCallback)
    HAL_TIMEx_EncoderIndexCallback           0x080039f5   Thumb Code     8  stm32g4xx_hal_tim_ex.o(.text.HAL_TIMEx_EncoderIndexCallback)
    HAL_TIMEx_IndexErrorCallback             0x080039fd   Thumb Code     8  stm32g4xx_hal_tim_ex.o(.text.HAL_TIMEx_IndexErrorCallback)
    HAL_TIMEx_MasterConfigSynchronization    0x08003a05   Thumb Code   318  stm32g4xx_hal_tim_ex.o(.text.HAL_TIMEx_MasterConfigSynchronization)
    HAL_TIMEx_PWMN_Start                     0x08003b45   Thumb Code   382  stm32g4xx_hal_tim_ex.o(.text.HAL_TIMEx_PWMN_Start)
    HAL_TIMEx_TransitionErrorCallback        0x08003cc5   Thumb Code     8  stm32g4xx_hal_tim_ex.o(.text.HAL_TIMEx_TransitionErrorCallback)
    HAL_TIM_Base_Init                        0x08003ccd   Thumb Code   168  stm32g4xx_hal_tim.o(.text.HAL_TIM_Base_Init)
    HAL_TIM_Base_MspInit                     0x08003d75   Thumb Code    78  tim.o(.text.HAL_TIM_Base_MspInit)
    HAL_TIM_Base_Start_IT                    0x08003dc5   Thumb Code   226  stm32g4xx_hal_tim.o(.text.HAL_TIM_Base_Start_IT)
    HAL_TIM_ConfigClockSource                0x08003ea9   Thumb Code   468  stm32g4xx_hal_tim.o(.text.HAL_TIM_ConfigClockSource)
    HAL_TIM_IC_CaptureCallback               0x0800407d   Thumb Code     8  stm32g4xx_hal_tim.o(.text.HAL_TIM_IC_CaptureCallback)
    HAL_TIM_IRQHandler                       0x08004085   Thumb Code   768  stm32g4xx_hal_tim.o(.text.HAL_TIM_IRQHandler)
    HAL_TIM_MspPostInit                      0x08004385   Thumb Code   168  tim.o(.text.HAL_TIM_MspPostInit)
    HAL_TIM_OC_DelayElapsedCallback          0x0800442d   Thumb Code     8  stm32g4xx_hal_tim.o(.text.HAL_TIM_OC_DelayElapsedCallback)
    HAL_TIM_PWM_ConfigChannel                0x08004435   Thumb Code   432  stm32g4xx_hal_tim.o(.text.HAL_TIM_PWM_ConfigChannel)
    HAL_TIM_PWM_Init                         0x080045e5   Thumb Code   168  stm32g4xx_hal_tim.o(.text.HAL_TIM_PWM_Init)
    HAL_TIM_PWM_MspInit                      0x0800468d   Thumb Code     8  stm32g4xx_hal_tim.o(.text.HAL_TIM_PWM_MspInit)
    HAL_TIM_PWM_PulseFinishedCallback        0x08004695   Thumb Code     8  stm32g4xx_hal_tim.o(.text.HAL_TIM_PWM_PulseFinishedCallback)
    HAL_TIM_PWM_Start                        0x0800469d   Thumb Code   606  stm32g4xx_hal_tim.o(.text.HAL_TIM_PWM_Start)
    HAL_TIM_PeriodElapsedCallback            0x080048fd   Thumb Code    28  usermain.o(.text.HAL_TIM_PeriodElapsedCallback)
    HAL_TIM_TriggerCallback                  0x08004919   Thumb Code     8  stm32g4xx_hal_tim.o(.text.HAL_TIM_TriggerCallback)
    HAL_UARTEx_DisableFifoMode               0x08004921   Thumb Code   124  stm32g4xx_hal_uart_ex.o(.text.HAL_UARTEx_DisableFifoMode)
    HAL_UARTEx_SetRxFifoThreshold            0x0800499d   Thumb Code   140  stm32g4xx_hal_uart_ex.o(.text.HAL_UARTEx_SetRxFifoThreshold)
    HAL_UARTEx_SetTxFifoThreshold            0x08004a29   Thumb Code   140  stm32g4xx_hal_uart_ex.o(.text.HAL_UARTEx_SetTxFifoThreshold)
    HAL_UART_Init                            0x08004ab5   Thumb Code   170  stm32g4xx_hal_uart.o(.text.HAL_UART_Init)
    HAL_UART_MspInit                         0x08004b61   Thumb Code   164  usart.o(.text.HAL_UART_MspInit)
    HAL_UART_Transmit                        0x08004c05   Thumb Code   312  stm32g4xx_hal_uart.o(.text.HAL_UART_Transmit)
    HardFault_Handler                        0x08004d3d   Thumb Code     4  stm32g4xx_it.o(.text.HardFault_Handler)
    MX_ADC1_Init                             0x080050b9   Thumb Code   204  adc.o(.text.MX_ADC1_Init)
    MX_GPIO_Init                             0x08005185   Thumb Code   126  gpio.o(.text.MX_GPIO_Init)
    MX_TIM1_Init                             0x08005205   Thumb Code   358  tim.o(.text.MX_TIM1_Init)
    MX_USART1_UART_Init                      0x0800536d   Thumb Code   142  usart.o(.text.MX_USART1_UART_Init)
    MemManage_Handler                        0x080053fd   Thumb Code     4  stm32g4xx_it.o(.text.MemManage_Handler)
    NMI_Handler                              0x08005401   Thumb Code     4  stm32g4xx_it.o(.text.NMI_Handler)
    PID_Calc                                 0x08005471   Thumb Code   280  my_math.o(.text.PID_Calc)
    PID_init                                 0x08005589   Thumb Code    58  my_math.o(.text.PID_init)
    PendSV_Handler                           0x080055c5   Thumb Code     2  stm32g4xx_it.o(.text.PendSV_Handler)
    SVC_Handler                              0x08005665   Thumb Code     2  stm32g4xx_it.o(.text.SVC_Handler)
    SysTick_Handler                          0x080056bd   Thumb Code     8  stm32g4xx_it.o(.text.SysTick_Handler)
    SystemClock_Config                       0x080056c5   Thumb Code   114  main.o(.text.SystemClock_Config)
    SystemInit                               0x08005739   Thumb Code    18  system_stm32g4xx.o(.text.SystemInit)
    TIM1_UP_TIM16_IRQHandler                 0x0800574d   Thumb Code    16  stm32g4xx_it.o(.text.TIM1_UP_TIM16_IRQHandler)
    TIM_Base_SetConfig                       0x0800575d   Thumb Code   406  stm32g4xx_hal_tim.o(.text.TIM_Base_SetConfig)
    TIM_CCxChannelCmd                        0x080058f5   Thumb Code    54  stm32g4xx_hal_tim.o(.text.TIM_CCxChannelCmd)
    TIM_ETR_SetConfig                        0x08005965   Thumb Code    52  stm32g4xx_hal_tim.o(.text.TIM_ETR_SetConfig)
    TIM_OC2_SetConfig                        0x08005b1d   Thumb Code   368  stm32g4xx_hal_tim.o(.text.TIM_OC2_SetConfig)
    UART_AdvFeatureConfig                    0x08006241   Thumb Code   328  stm32g4xx_hal_uart.o(.text.UART_AdvFeatureConfig)
    UART_CheckIdleState                      0x08006389   Thumb Code   326  stm32g4xx_hal_uart.o(.text.UART_CheckIdleState)
    UART_SetConfig                           0x08006571   Thumb Code  1392  stm32g4xx_hal_uart.o(.text.UART_SetConfig)
    UART_WaitOnFlagUntilTimeout              0x08006ae1   Thumb Code   268  stm32g4xx_hal_uart.o(.text.UART_WaitOnFlagUntilTimeout)
    UsageFault_Handler                       0x08006bed   Thumb Code     4  stm32g4xx_it.o(.text.UsageFault_Handler)
    fputc                                    0x08006d21   Thumb Code    34  usermain.o(.text.fputc)
    main                                     0x08006df1   Thumb Code    40  main.o(.text.main)
    usermain                                 0x08006e19   Thumb Code    44  usermain.o(.text.usermain)
    __0printf                                0x08006e45   Thumb Code    22  printfa.o(i.__0printf)
    __1printf                                0x08006e45   Thumb Code     0  printfa.o(i.__0printf)
    __2printf                                0x08006e45   Thumb Code     0  printfa.o(i.__0printf)
    __c89printf                              0x08006e45   Thumb Code     0  printfa.o(i.__0printf)
    printf                                   0x08006e45   Thumb Code     0  printfa.o(i.__0printf)
    __scatterload_copy                       0x08006e65   Thumb Code    14  handlers.o(i.__scatterload_copy)
    __scatterload_null                       0x08006e73   Thumb Code     2  handlers.o(i.__scatterload_null)
    __scatterload_zeroinit                   0x08006e75   Thumb Code    14  handlers.o(i.__scatterload_zeroinit)
    AHBPrescTable                            0x08007736   Data          16  system_stm32g4xx.o(.rodata.AHBPrescTable)
    APBPrescTable                            0x08007746   Data           8  system_stm32g4xx.o(.rodata.APBPrescTable)
    UARTPrescTable                           0x0800775e   Data          24  stm32g4xx_hal_uart.o(.rodata.UARTPrescTable)
    Region$$Table$$Base                      0x08007780   Number         0  anon$$obj.o(Region$$Table)
    Region$$Table$$Limit                     0x080077a0   Number         0  anon$$obj.o(Region$$Table)
    __stdout                                 0x20000000   Data           4  stdout.o(.data)
    SystemCoreClock                          0x20000004   Data           4  system_stm32g4xx.o(.data.SystemCoreClock)
    system_sample_time                       0x20000008   Data           4  usermain.o(.data.system_sample_time)
    uwTickFreq                               0x2000000c   Data           4  stm32g4xx_hal.o(.data.uwTickFreq)
    uwTickPrio                               0x20000010   Data           4  stm32g4xx_hal.o(.data.uwTickPrio)
    adc_uout_offset                          0x20000024   Data           4  usermain.o(.bss.adc_uout_offset)
    hadc1                                    0x20000028   Data         108  adc.o(.bss.hadc1)
    htim1                                    0x20000094   Data          76  tim.o(.bss.htim1)
    huart1                                   0x200000e0   Data         148  usart.o(.bss.huart1)
    system_enable                            0x20000174   Data           1  usermain.o(.bss.system_enable)
    system_sample_flag                       0x20000175   Data           1  usermain.o(.bss.system_sample_flag)
    u_out                                    0x20000178   Data           4  usermain.o(.bss.u_out)
    u_out_ref                                0x2000017c   Data           4  usermain.o(.bss.u_out_ref)
    u_pid                                    0x20000180   Data          44  usermain.o(.bss.u_pid)
    uwTick                                   0x200001ac   Data           4  stm32g4xx_hal.o(.bss.uwTick)
    __initial_sp                             0x200005b0   Data           0  startup_stm32g431xx.o(STACK)



==============================================================================

Memory Map of the image

  Image Entry point : 0x080001d9

  Load Region LR_IROM1 (Base: 0x08000000, Size: 0x000077b8, Max: 0x00020000, ABSOLUTE)

    Execution Region ER_IROM1 (Exec base: 0x08000000, Load base: 0x08000000, Size: 0x000077a0, Max: 0x00020000, ABSOLUTE)

    Exec Addr    Load Addr    Size         Type   Attr      Idx    E Section Name        Object

    0x08000000   0x08000000   0x000001d8   Data   RO            3    RESET               startup_stm32g431xx.o
    0x080001d8   0x080001d8   0x00000000   Code   RO         1600  * .ARM.Collect$$$$00000000  mc_w.l(entry.o)
    0x080001d8   0x080001d8   0x00000004   Code   RO         1637    .ARM.Collect$$$$00000001  mc_w.l(entry2.o)
    0x080001dc   0x080001dc   0x00000004   Code   RO         1640    .ARM.Collect$$$$00000004  mc_w.l(entry5.o)
    0x080001e0   0x080001e0   0x00000000   Code   RO         1642    .ARM.Collect$$$$00000008  mc_w.l(entry7b.o)
    0x080001e0   0x080001e0   0x00000000   Code   RO         1644    .ARM.Collect$$$$0000000A  mc_w.l(entry8b.o)
    0x080001e0   0x080001e0   0x00000008   Code   RO         1645    .ARM.Collect$$$$0000000B  mc_w.l(entry9a.o)
    0x080001e8   0x080001e8   0x00000000   Code   RO         1647    .ARM.Collect$$$$0000000D  mc_w.l(entry10a.o)
    0x080001e8   0x080001e8   0x00000000   Code   RO         1649    .ARM.Collect$$$$0000000F  mc_w.l(entry11a.o)
    0x080001e8   0x080001e8   0x00000004   Code   RO         1638    .ARM.Collect$$$$00002712  mc_w.l(entry2.o)
    0x080001ec   0x080001ec   0x00000024   Code   RO            4    .text               startup_stm32g431xx.o
    0x08000210   0x08000210   0x00000062   Code   RO         1603    .text               mc_w.l(uldiv.o)
    0x08000272   0x08000272   0x00000024   Code   RO         1605    .text               mc_w.l(memseta.o)
    0x08000296   0x08000296   0x00000026   Code   RO         1635    .text               mf_w.l(f2d.o)
    0x080002bc   0x080002bc   0x0000002c   Code   RO         1661    .text               mc_w.l(uidiv.o)
    0x080002e8   0x080002e8   0x0000001e   Code   RO         1663    .text               mc_w.l(llshl.o)
    0x08000306   0x08000306   0x00000020   Code   RO         1665    .text               mc_w.l(llushr.o)
    0x08000326   0x08000326   0x00000000   Code   RO         1667    .text               mc_w.l(iusefp.o)
    0x08000326   0x08000326   0x0000014e   Code   RO         1668    .text               mf_w.l(dadd.o)
    0x08000474   0x08000474   0x000000e4   Code   RO         1670    .text               mf_w.l(dmul.o)
    0x08000558   0x08000558   0x000000de   Code   RO         1672    .text               mf_w.l(ddiv.o)
    0x08000636   0x08000636   0x00000030   Code   RO         1674    .text               mf_w.l(dfixul.o)
    0x08000666   0x08000666   0x00000002   PAD
    0x08000668   0x08000668   0x00000030   Code   RO         1676    .text               mf_w.l(cdrcmple.o)
    0x08000698   0x08000698   0x00000024   Code   RO         1678    .text               mc_w.l(init.o)
    0x080006bc   0x080006bc   0x00000024   Code   RO         1680    .text               mc_w.l(llsshr.o)
    0x080006e0   0x080006e0   0x000000ba   Code   RO         1682    .text               mf_w.l(depilogue.o)
    0x0800079a   0x0800079a   0x00000002   PAD
    0x0800079c   0x0800079c   0x00000010   Code   RO           95    .text.ADC1_2_IRQHandler  stm32g4xx_it.o
    0x080007ac   0x080007ac   0x000000c4   Code   RO          138    .text.ADC_Disable   stm32g4xx_hal_adc.o
    0x08000870   0x08000870   0x00000110   Code   RO          146    .text.ADC_Enable    stm32g4xx_hal_adc.o
    0x08000980   0x08000980   0x00000004   Code   RO           83    .text.BusFault_Handler  stm32g4xx_it.o
    0x08000984   0x08000984   0x00000002   Code   RO           89    .text.DebugMon_Handler  stm32g4xx_it.o
    0x08000986   0x08000986   0x00000002   PAD
    0x08000988   0x08000988   0x0000000e   Code   RO           15    .text.Error_Handler  main.o
    0x08000996   0x08000996   0x00000002   PAD
    0x08000998   0x08000998   0x000000e0   Code   RO          261    .text.HAL_ADCEx_Calibration_Start  stm32g4xx_hal_adc_ex.o
    0x08000a78   0x08000a78   0x00000008   Code   RO          319    .text.HAL_ADCEx_EndOfSamplingCallback  stm32g4xx_hal_adc_ex.o
    0x08000a80   0x08000a80   0x000009be   Code   RO          329    .text.HAL_ADCEx_InjectedConfigChannel  stm32g4xx_hal_adc_ex.o
    0x0800143e   0x0800143e   0x00000002   PAD
    0x08001440   0x08001440   0x000000fc   Code   RO         1545    .text.HAL_ADCEx_InjectedConvCpltCallback  usermain.o
    0x0800153c   0x0800153c   0x00000008   Code   RO          313    .text.HAL_ADCEx_InjectedQueueOverflowCallback  stm32g4xx_hal_adc_ex.o
    0x08001544   0x08001544   0x000001fc   Code   RO          297    .text.HAL_ADCEx_InjectedStart_IT  stm32g4xx_hal_adc_ex.o
    0x08001740   0x08001740   0x00000008   Code   RO          315    .text.HAL_ADCEx_LevelOutOfWindow2Callback  stm32g4xx_hal_adc_ex.o
    0x08001748   0x08001748   0x00000008   Code   RO          317    .text.HAL_ADCEx_LevelOutOfWindow3Callback  stm32g4xx_hal_adc_ex.o
    0x08001750   0x08001750   0x00000176   Code   RO          351    .text.HAL_ADCEx_MultiModeConfigChannel  stm32g4xx_hal_adc_ex.o
    0x080018c6   0x080018c6   0x00000002   PAD
    0x080018c8   0x080018c8   0x00000008   Code   RO          182    .text.HAL_ADC_ConvCpltCallback  stm32g4xx_hal_adc.o
    0x080018d0   0x080018d0   0x00000008   Code   RO          188    .text.HAL_ADC_ErrorCallback  stm32g4xx_hal_adc.o
    0x080018d8   0x080018d8   0x000004aa   Code   RO          180    .text.HAL_ADC_IRQHandler  stm32g4xx_hal_adc.o
    0x08001d82   0x08001d82   0x00000002   PAD
    0x08001d84   0x08001d84   0x00000318   Code   RO          114    .text.HAL_ADC_Init  stm32g4xx_hal_adc.o
    0x0800209c   0x0800209c   0x00000008   Code   RO          186    .text.HAL_ADC_LevelOutOfWindowCallback  stm32g4xx_hal_adc.o
    0x080020a4   0x080020a4   0x000000ae   Code   RO           35    .text.HAL_ADC_MspInit  adc.o
    0x08002152   0x08002152   0x00000002   PAD
    0x08002154   0x08002154   0x00000368   Code   RO          643    .text.HAL_GPIO_Init  stm32g4xx_hal_gpio.o
    0x080024bc   0x080024bc   0x0000000c   Code   RO          387    .text.HAL_GetTick   stm32g4xx_hal.o
    0x080024c8   0x080024c8   0x0000001a   Code   RO          385    .text.HAL_IncTick   stm32g4xx_hal.o
    0x080024e2   0x080024e2   0x00000002   PAD
    0x080024e4   0x080024e4   0x00000030   Code   RO          375    .text.HAL_Init      stm32g4xx_hal.o
    0x08002514   0x08002514   0x00000088   Code   RO          377    .text.HAL_InitTick  stm32g4xx_hal.o
    0x0800259c   0x0800259c   0x00000048   Code   RO          106    .text.HAL_MspInit   stm32g4xx_hal_msp.o
    0x080025e4   0x080025e4   0x00000014   Code   RO          877    .text.HAL_NVIC_EnableIRQ  stm32g4xx_hal_cortex.o
    0x080025f8   0x080025f8   0x0000002e   Code   RO          869    .text.HAL_NVIC_SetPriority  stm32g4xx_hal_cortex.o
    0x08002626   0x08002626   0x00000002   PAD
    0x08002628   0x08002628   0x00000010   Code   RO          865    .text.HAL_NVIC_SetPriorityGrouping  stm32g4xx_hal_cortex.o
    0x08002638   0x08002638   0x000001b4   Code   RO          786    .text.HAL_PWREx_ControlVoltageScaling  stm32g4xx_hal_pwr_ex.o
    0x080027ec   0x080027ec   0x00000012   Code   RO          856    .text.HAL_PWREx_DisableUCPDDeadBattery  stm32g4xx_hal_pwr_ex.o
    0x080027fe   0x080027fe   0x00000002   PAD
    0x08002800   0x08002800   0x0000045a   Code   RO          500    .text.HAL_RCCEx_PeriphCLKConfig  stm32g4xx_hal_rcc_ex.o
    0x08002c5a   0x08002c5a   0x00000002   PAD
    0x08002c5c   0x08002c5c   0x00000326   Code   RO          465    .text.HAL_RCC_ClockConfig  stm32g4xx_hal_rcc.o
    0x08002f82   0x08002f82   0x00000002   PAD
    0x08002f84   0x08002f84   0x0000000c   Code   RO          473    .text.HAL_RCC_GetHCLKFreq  stm32g4xx_hal_rcc.o
    0x08002f90   0x08002f90   0x00000026   Code   RO          475    .text.HAL_RCC_GetPCLK1Freq  stm32g4xx_hal_rcc.o
    0x08002fb6   0x08002fb6   0x00000002   PAD
    0x08002fb8   0x08002fb8   0x00000026   Code   RO          477    .text.HAL_RCC_GetPCLK2Freq  stm32g4xx_hal_rcc.o
    0x08002fde   0x08002fde   0x00000002   PAD
    0x08002fe0   0x08002fe0   0x000000fc   Code   RO          469    .text.HAL_RCC_GetSysClockFreq  stm32g4xx_hal_rcc.o
    0x080030dc   0x080030dc   0x000007b6   Code   RO          463    .text.HAL_RCC_OscConfig  stm32g4xx_hal_rcc.o
    0x08003892   0x08003892   0x00000002   PAD
    0x08003894   0x08003894   0x00000010   Code   RO          889    .text.HAL_SYSTICK_Config  stm32g4xx_hal_cortex.o
    0x080038a4   0x080038a4   0x00000008   Code   RO         1313    .text.HAL_TIMEx_Break2Callback  stm32g4xx_hal_tim_ex.o
    0x080038ac   0x080038ac   0x00000008   Code   RO         1311    .text.HAL_TIMEx_BreakCallback  stm32g4xx_hal_tim_ex.o
    0x080038b4   0x080038b4   0x00000008   Code   RO         1307    .text.HAL_TIMEx_CommutCallback  stm32g4xx_hal_tim_ex.o
    0x080038bc   0x080038bc   0x00000130   Code   RO         1259    .text.HAL_TIMEx_ConfigBreakDeadTime  stm32g4xx_hal_tim_ex.o
    0x080039ec   0x080039ec   0x00000008   Code   RO         1317    .text.HAL_TIMEx_DirectionChangeCallback  stm32g4xx_hal_tim_ex.o
    0x080039f4   0x080039f4   0x00000008   Code   RO         1315    .text.HAL_TIMEx_EncoderIndexCallback  stm32g4xx_hal_tim_ex.o
    0x080039fc   0x080039fc   0x00000008   Code   RO         1319    .text.HAL_TIMEx_IndexErrorCallback  stm32g4xx_hal_tim_ex.o
    0x08003a04   0x08003a04   0x0000013e   Code   RO         1257    .text.HAL_TIMEx_MasterConfigSynchronization  stm32g4xx_hal_tim_ex.o
    0x08003b42   0x08003b42   0x00000002   PAD
    0x08003b44   0x08003b44   0x0000017e   Code   RO         1227    .text.HAL_TIMEx_PWMN_Start  stm32g4xx_hal_tim_ex.o
    0x08003cc2   0x08003cc2   0x00000002   PAD
    0x08003cc4   0x08003cc4   0x00000008   Code   RO         1321    .text.HAL_TIMEx_TransitionErrorCallback  stm32g4xx_hal_tim_ex.o
    0x08003ccc   0x08003ccc   0x000000a8   Code   RO          940    .text.HAL_TIM_Base_Init  stm32g4xx_hal_tim.o
    0x08003d74   0x08003d74   0x0000004e   Code   RO           51    .text.HAL_TIM_Base_MspInit  tim.o
    0x08003dc2   0x08003dc2   0x00000002   PAD
    0x08003dc4   0x08003dc4   0x000000e2   Code   RO          954    .text.HAL_TIM_Base_Start_IT  stm32g4xx_hal_tim.o
    0x08003ea6   0x08003ea6   0x00000002   PAD
    0x08003ea8   0x08003ea8   0x000001d4   Code   RO         1136    .text.HAL_TIM_ConfigClockSource  stm32g4xx_hal_tim.o
    0x0800407c   0x0800407c   0x00000008   Code   RO         1076    .text.HAL_TIM_IC_CaptureCallback  stm32g4xx_hal_tim.o
    0x08004084   0x08004084   0x00000300   Code   RO         1074    .text.HAL_TIM_IRQHandler  stm32g4xx_hal_tim.o
    0x08004384   0x08004384   0x000000a8   Code   RO           49    .text.HAL_TIM_MspPostInit  tim.o
    0x0800442c   0x0800442c   0x00000008   Code   RO         1078    .text.HAL_TIM_OC_DelayElapsedCallback  stm32g4xx_hal_tim.o
    0x08004434   0x08004434   0x000001b0   Code   RO         1110    .text.HAL_TIM_PWM_ConfigChannel  stm32g4xx_hal_tim.o
    0x080045e4   0x080045e4   0x000000a8   Code   RO          994    .text.HAL_TIM_PWM_Init  stm32g4xx_hal_tim.o
    0x0800468c   0x0800468c   0x00000008   Code   RO          996    .text.HAL_TIM_PWM_MspInit  stm32g4xx_hal_tim.o
    0x08004694   0x08004694   0x00000008   Code   RO         1080    .text.HAL_TIM_PWM_PulseFinishedCallback  stm32g4xx_hal_tim.o
    0x0800469c   0x0800469c   0x0000025e   Code   RO         1002    .text.HAL_TIM_PWM_Start  stm32g4xx_hal_tim.o
    0x080048fa   0x080048fa   0x00000002   PAD
    0x080048fc   0x080048fc   0x0000001c   Code   RO         1549    .text.HAL_TIM_PeriodElapsedCallback  usermain.o
    0x08004918   0x08004918   0x00000008   Code   RO         1084    .text.HAL_TIM_TriggerCallback  stm32g4xx_hal_tim.o
    0x08004920   0x08004920   0x0000007c   Code   RO         1504    .text.HAL_UARTEx_DisableFifoMode  stm32g4xx_hal_uart_ex.o
    0x0800499c   0x0800499c   0x0000008c   Code   RO         1508    .text.HAL_UARTEx_SetRxFifoThreshold  stm32g4xx_hal_uart_ex.o
    0x08004a28   0x08004a28   0x0000008c   Code   RO         1506    .text.HAL_UARTEx_SetTxFifoThreshold  stm32g4xx_hal_uart_ex.o
    0x08004ab4   0x08004ab4   0x000000aa   Code   RO         1334    .text.HAL_UART_Init  stm32g4xx_hal_uart.o
    0x08004b5e   0x08004b5e   0x00000002   PAD
    0x08004b60   0x08004b60   0x000000a4   Code   RO           65    .text.HAL_UART_MspInit  usart.o
    0x08004c04   0x08004c04   0x00000138   Code   RO         1354    .text.HAL_UART_Transmit  stm32g4xx_hal_uart.o
    0x08004d3c   0x08004d3c   0x00000004   Code   RO           79    .text.HardFault_Handler  stm32g4xx_it.o
    0x08004d40   0x08004d40   0x0000001c   Code   RO          252    .text.LL_ADC_Disable  stm32g4xx_hal_adc.o
    0x08004d5c   0x08004d5c   0x00000018   Code   RO          120    .text.LL_ADC_DisableDeepPowerDown  stm32g4xx_hal_adc.o
    0x08004d74   0x08004d74   0x0000001c   Code   RO          250    .text.LL_ADC_Enable  stm32g4xx_hal_adc.o
    0x08004d90   0x08004d90   0x0000001e   Code   RO          124    .text.LL_ADC_EnableInternalRegulator  stm32g4xx_hal_adc.o
    0x08004dae   0x08004dae   0x00000002   PAD
    0x08004db0   0x08004db0   0x00000010   Code   RO          212    .text.LL_ADC_GetCommonPathInternalCh  stm32g4xx_hal_adc.o
    0x08004dc0   0x08004dc0   0x00000010   Code   RO          347    .text.LL_ADC_GetCommonPathInternalCh  stm32g4xx_hal_adc_ex.o
    0x08004dd0   0x08004dd0   0x00000010   Code   RO          154    .text.LL_ADC_GetMultiDMATransfer  stm32g4xx_hal_adc.o
    0x08004de0   0x08004de0   0x00000010   Code   RO          144    .text.LL_ADC_GetMultimode  stm32g4xx_hal_adc.o
    0x08004df0   0x08004df0   0x00000010   Code   RO          283    .text.LL_ADC_GetMultimode  stm32g4xx_hal_adc_ex.o
    0x08004e00   0x08004e00   0x0000001e   Code   RO          341    .text.LL_ADC_GetOffsetChannel  stm32g4xx_hal_adc_ex.o
    0x08004e1e   0x08004e1e   0x00000002   PAD
    0x08004e20   0x08004e20   0x00000010   Code   RO          285    .text.LL_ADC_INJ_GetTrigAuto  stm32g4xx_hal_adc_ex.o
    0x08004e30   0x08004e30   0x00000010   Code   RO          132    .text.LL_ADC_INJ_IsConversionOngoing  stm32g4xx_hal_adc.o
    0x08004e40   0x08004e40   0x00000010   Code   RO          275    .text.LL_ADC_INJ_IsConversionOngoing  stm32g4xx_hal_adc_ex.o
    0x08004e50   0x08004e50   0x00000016   Code   RO          184    .text.LL_ADC_INJ_IsTriggerSourceSWStart  stm32g4xx_hal_adc.o
    0x08004e66   0x08004e66   0x00000002   PAD
    0x08004e68   0x08004e68   0x0000001c   Code   RO          287    .text.LL_ADC_INJ_StartConversion  stm32g4xx_hal_adc_ex.o
    0x08004e84   0x08004e84   0x0000000e   Code   RO          265    .text.LL_ADC_IsCalibrationOnGoing  stm32g4xx_hal_adc_ex.o
    0x08004e92   0x08004e92   0x00000002   PAD
    0x08004e94   0x08004e94   0x00000010   Code   RO          118    .text.LL_ADC_IsDeepPowerDownEnabled  stm32g4xx_hal_adc.o
    0x08004ea4   0x08004ea4   0x00000010   Code   RO          244    .text.LL_ADC_IsDisableOngoing  stm32g4xx_hal_adc.o
    0x08004eb4   0x08004eb4   0x00000010   Code   RO          128    .text.LL_ADC_IsEnabled  stm32g4xx_hal_adc.o
    0x08004ec4   0x08004ec4   0x00000010   Code   RO          277    .text.LL_ADC_IsEnabled  stm32g4xx_hal_adc_ex.o
    0x08004ed4   0x08004ed4   0x00000010   Code   RO          122    .text.LL_ADC_IsInternalRegulatorEnabled  stm32g4xx_hal_adc.o
    0x08004ee4   0x08004ee4   0x00000010   Code   RO          126    .text.LL_ADC_REG_IsConversionOngoing  stm32g4xx_hal_adc.o
    0x08004ef4   0x08004ef4   0x00000010   Code   RO          273    .text.LL_ADC_REG_IsConversionOngoing  stm32g4xx_hal_adc_ex.o
    0x08004f04   0x08004f04   0x00000016   Code   RO          156    .text.LL_ADC_REG_IsTriggerSourceSWStart  stm32g4xx_hal_adc.o
    0x08004f1a   0x08004f1a   0x00000002   PAD
    0x08004f1c   0x08004f1c   0x00000036   Code   RO          331    .text.LL_ADC_SetChannelSamplingTime  stm32g4xx_hal_adc_ex.o
    0x08004f52   0x08004f52   0x00000002   PAD
    0x08004f54   0x08004f54   0x00000034   Code   RO          345    .text.LL_ADC_SetChannelSingleDiff  stm32g4xx_hal_adc_ex.o
    0x08004f88   0x08004f88   0x0000001a   Code   RO          130    .text.LL_ADC_SetCommonClock  stm32g4xx_hal_adc.o
    0x08004fa2   0x08004fa2   0x00000002   PAD
    0x08004fa4   0x08004fa4   0x0000001a   Code   RO          349    .text.LL_ADC_SetCommonPathInternalCh  stm32g4xx_hal_adc_ex.o
    0x08004fbe   0x08004fbe   0x00000002   PAD
    0x08004fc0   0x08004fc0   0x0000003c   Code   RO          335    .text.LL_ADC_SetOffset  stm32g4xx_hal_adc_ex.o
    0x08004ffc   0x08004ffc   0x00000028   Code   RO          339    .text.LL_ADC_SetOffsetSaturation  stm32g4xx_hal_adc_ex.o
    0x08005024   0x08005024   0x00000028   Code   RO          337    .text.LL_ADC_SetOffsetSign  stm32g4xx_hal_adc_ex.o
    0x0800504c   0x0800504c   0x00000028   Code   RO          343    .text.LL_ADC_SetOffsetState  stm32g4xx_hal_adc_ex.o
    0x08005074   0x08005074   0x0000001a   Code   RO          333    .text.LL_ADC_SetSamplingTimeCommonConfig  stm32g4xx_hal_adc_ex.o
    0x0800508e   0x0800508e   0x00000002   PAD
    0x08005090   0x08005090   0x00000028   Code   RO          263    .text.LL_ADC_StartCalibration  stm32g4xx_hal_adc_ex.o
    0x080050b8   0x080050b8   0x000000cc   Code   RO           33    .text.MX_ADC1_Init  adc.o
    0x08005184   0x08005184   0x0000007e   Code   RO           25    .text.MX_GPIO_Init  gpio.o
    0x08005202   0x08005202   0x00000002   PAD
    0x08005204   0x08005204   0x00000166   Code   RO           47    .text.MX_TIM1_Init  tim.o
    0x0800536a   0x0800536a   0x00000002   PAD
    0x0800536c   0x0800536c   0x0000008e   Code   RO           63    .text.MX_USART1_UART_Init  usart.o
    0x080053fa   0x080053fa   0x00000002   PAD
    0x080053fc   0x080053fc   0x00000004   Code   RO           81    .text.MemManage_Handler  stm32g4xx_it.o
    0x08005400   0x08005400   0x00000004   Code   RO           77    .text.NMI_Handler   stm32g4xx_it.o
    0x08005404   0x08005404   0x0000006c   Code   RO          875    .text.NVIC_EncodePriority  stm32g4xx_hal_cortex.o
    0x08005470   0x08005470   0x00000118   Code   RO         1587    .text.PID_Calc      my_math.o
    0x08005588   0x08005588   0x0000003a   Code   RO         1585    .text.PID_init      my_math.o
    0x080055c2   0x080055c2   0x00000002   PAD
    0x080055c4   0x080055c4   0x00000002   Code   RO           91    .text.PendSV_Handler  stm32g4xx_it.o
    0x080055c6   0x080055c6   0x00000002   PAD
    0x080055c8   0x080055c8   0x0000009c   Code   RO          467    .text.RCC_GetSysClockFreqFromPLLSource  stm32g4xx_hal_rcc.o
    0x08005664   0x08005664   0x00000002   Code   RO           87    .text.SVC_Handler   stm32g4xx_it.o
    0x08005666   0x08005666   0x00000002   PAD
    0x08005668   0x08005668   0x00000052   Code   RO          891    .text.SysTick_Config  stm32g4xx_hal_cortex.o
    0x080056ba   0x080056ba   0x00000002   PAD
    0x080056bc   0x080056bc   0x00000008   Code   RO           93    .text.SysTick_Handler  stm32g4xx_it.o
    0x080056c4   0x080056c4   0x00000072   Code   RO           13    .text.SystemClock_Config  main.o
    0x08005736   0x08005736   0x00000002   PAD
    0x08005738   0x08005738   0x00000012   Code   RO         1527    .text.SystemInit    system_stm32g4xx.o
    0x0800574a   0x0800574a   0x00000002   PAD
    0x0800574c   0x0800574c   0x00000010   Code   RO           97    .text.TIM1_UP_TIM16_IRQHandler  stm32g4xx_it.o
    0x0800575c   0x0800575c   0x00000196   Code   RO          944    .text.TIM_Base_SetConfig  stm32g4xx_hal_tim.o
    0x080058f2   0x080058f2   0x00000002   PAD
    0x080058f4   0x080058f4   0x00000036   Code   RO          978    .text.TIM_CCxChannelCmd  stm32g4xx_hal_tim.o
    0x0800592a   0x0800592a   0x00000002   PAD
    0x0800592c   0x0800592c   0x00000036   Code   RO         1211    .text.TIM_CCxNChannelCmd  stm32g4xx_hal_tim_ex.o
    0x08005962   0x08005962   0x00000002   PAD
    0x08005964   0x08005964   0x00000034   Code   RO         1134    .text.TIM_ETR_SetConfig  stm32g4xx_hal_tim.o
    0x08005998   0x08005998   0x00000030   Code   RO         1140    .text.TIM_ITRx_SetConfig  stm32g4xx_hal_tim.o
    0x080059c8   0x080059c8   0x00000154   Code   RO         1088    .text.TIM_OC1_SetConfig  stm32g4xx_hal_tim.o
    0x08005b1c   0x08005b1c   0x00000170   Code   RO         1090    .text.TIM_OC2_SetConfig  stm32g4xx_hal_tim.o
    0x08005c8c   0x08005c8c   0x0000016e   Code   RO         1092    .text.TIM_OC3_SetConfig  stm32g4xx_hal_tim.o
    0x08005dfa   0x08005dfa   0x00000002   PAD
    0x08005dfc   0x08005dfc   0x00000170   Code   RO         1094    .text.TIM_OC4_SetConfig  stm32g4xx_hal_tim.o
    0x08005f6c   0x08005f6c   0x000000d2   Code   RO         1096    .text.TIM_OC5_SetConfig  stm32g4xx_hal_tim.o
    0x0800603e   0x0800603e   0x00000002   PAD
    0x08006040   0x08006040   0x000000d4   Code   RO         1098    .text.TIM_OC6_SetConfig  stm32g4xx_hal_tim.o
    0x08006114   0x08006114   0x00000050   Code   RO         1138    .text.TIM_TI1_ConfigInputStage  stm32g4xx_hal_tim.o
    0x08006164   0x08006164   0x00000052   Code   RO         1142    .text.TIM_TI2_ConfigInputStage  stm32g4xx_hal_tim.o
    0x080061b6   0x080061b6   0x00000002   PAD
    0x080061b8   0x080061b8   0x00000086   Code   RO         1502    .text.UARTEx_SetNbDataToProcess  stm32g4xx_hal_uart_ex.o
    0x0800623e   0x0800623e   0x00000002   PAD
    0x08006240   0x08006240   0x00000148   Code   RO         1338    .text.UART_AdvFeatureConfig  stm32g4xx_hal_uart.o
    0x08006388   0x08006388   0x00000146   Code   RO         1342    .text.UART_CheckIdleState  stm32g4xx_hal_uart.o
    0x080064ce   0x080064ce   0x00000002   PAD
    0x080064d0   0x080064d0   0x0000009e   Code   RO         1394    .text.UART_EndRxTransfer  stm32g4xx_hal_uart.o
    0x0800656e   0x0800656e   0x00000002   PAD
    0x08006570   0x08006570   0x00000570   Code   RO         1340    .text.UART_SetConfig  stm32g4xx_hal_uart.o
    0x08006ae0   0x08006ae0   0x0000010c   Code   RO         1356    .text.UART_WaitOnFlagUntilTimeout  stm32g4xx_hal_uart.o
    0x08006bec   0x08006bec   0x00000004   Code   RO           85    .text.UsageFault_Handler  stm32g4xx_it.o
    0x08006bf0   0x08006bf0   0x00000030   Code   RO          879    .text.__NVIC_EnableIRQ  stm32g4xx_hal_cortex.o
    0x08006c20   0x08006c20   0x00000010   Code   RO          871    .text.__NVIC_GetPriorityGrouping  stm32g4xx_hal_cortex.o
    0x08006c30   0x08006c30   0x00000042   Code   RO          873    .text.__NVIC_SetPriority  stm32g4xx_hal_cortex.o
    0x08006c72   0x08006c72   0x00000002   PAD
    0x08006c74   0x08006c74   0x0000003c   Code   RO          867    .text.__NVIC_SetPriorityGrouping  stm32g4xx_hal_cortex.o
    0x08006cb0   0x08006cb0   0x0000006e   Code   RO         1547    .text.control       usermain.o
    0x08006d1e   0x08006d1e   0x00000002   PAD
    0x08006d20   0x08006d20   0x00000022   Code   RO         1541    .text.fputc         usermain.o
    0x08006d42   0x08006d42   0x00000002   PAD
    0x08006d44   0x08006d44   0x000000ac   Code   RO         1551    .text.init          usermain.o
    0x08006df0   0x08006df0   0x00000028   Code   RO           11    .text.main          main.o
    0x08006e18   0x08006e18   0x0000002c   Code   RO         1543    .text.usermain      usermain.o
    0x08006e44   0x08006e44   0x00000020   Code   RO         1608    i.__0printf         mc_w.l(printfa.o)
    0x08006e64   0x08006e64   0x0000000e   Code   RO         1686    i.__scatterload_copy  mc_w.l(handlers.o)
    0x08006e72   0x08006e72   0x00000002   Code   RO         1687    i.__scatterload_null  mc_w.l(handlers.o)
    0x08006e74   0x08006e74   0x0000000e   Code   RO         1688    i.__scatterload_zeroinit  mc_w.l(handlers.o)
    0x08006e82   0x08006e82   0x00000002   PAD
    0x08006e84   0x08006e84   0x00000184   Code   RO         1615    i._fp_digits        mc_w.l(printfa.o)
    0x08007008   0x08007008   0x000006dc   Code   RO         1616    i._printf_core      mc_w.l(printfa.o)
    0x080076e4   0x080076e4   0x00000024   Code   RO         1617    i._printf_post_padding  mc_w.l(printfa.o)
    0x08007708   0x08007708   0x0000002e   Code   RO         1618    i._printf_pre_padding  mc_w.l(printfa.o)
    0x08007736   0x08007736   0x00000010   Data   RO         1532    .rodata.AHBPrescTable  system_stm32g4xx.o
    0x08007746   0x08007746   0x00000008   Data   RO         1533    .rodata.APBPrescTable  system_stm32g4xx.o
    0x0800774e   0x0800774e   0x00000008   Data   RO         1519    .rodata.UARTEx_SetNbDataToProcess.denominator  stm32g4xx_hal_uart_ex.o
    0x08007756   0x08007756   0x00000008   Data   RO         1518    .rodata.UARTEx_SetNbDataToProcess.numerator  stm32g4xx_hal_uart_ex.o
    0x0800775e   0x0800775e   0x00000018   Data   RO         1474    .rodata.UARTPrescTable  stm32g4xx_hal_uart.o
    0x08007776   0x08007776   0x00000007   Data   RO         1558    .rodata.str1.1      usermain.o
    0x0800777d   0x0800777d   0x00000003   PAD
    0x08007780   0x08007780   0x00000020   Data   RO         1685    Region$$Table       anon$$obj.o


    Execution Region RW_IRAM1 (Exec base: 0x20000000, Load base: 0x080077a0, Size: 0x000005b0, Max: 0x00008000, ABSOLUTE)

    Exec Addr    Load Addr    Size         Type   Attr      Idx    E Section Name        Object

    0x20000000   0x080077a0   0x00000004   Data   RW         1651    .data               mc_w.l(stdout.o)
    0x20000004   0x080077a4   0x00000004   Data   RW         1531    .data.SystemCoreClock  system_stm32g4xx.o
    0x20000008   0x080077a8   0x00000004   Data   RW         1555    .data.system_sample_time  usermain.o
    0x2000000c   0x080077ac   0x00000004   Data   RW          452    .data.uwTickFreq    stm32g4xx_hal.o
    0x20000010   0x080077b0   0x00000004   Data   RW          451    .data.uwTickPrio    stm32g4xx_hal.o
    0x20000014   0x080077b4   0x00000004   PAD
    0x20000018        -       0x00000004   Zero   RW         1559    .bss.HAL_ADCEx_InjectedConvCpltCallback.adc_cnt  usermain.o
    0x2000001c        -       0x00000004   Zero   RW         1561    .bss.HAL_ADCEx_InjectedConvCpltCallback.adc_uout  usermain.o
    0x20000020        -       0x00000004   Zero   RW         1560    .bss.HAL_ADCEx_InjectedConvCpltCallback.adc_uout_offset_sum  usermain.o
    0x20000024        -       0x00000004   Zero   RW         1556    .bss.adc_uout_offset  usermain.o
    0x20000028        -       0x0000006c   Zero   RW           39    .bss.hadc1          adc.o
    0x20000094        -       0x0000004c   Zero   RW           55    .bss.htim1          tim.o
    0x200000e0        -       0x00000094   Zero   RW           69    .bss.huart1         usart.o
    0x20000174        -       0x00000001   Zero   RW         1554    .bss.system_enable  usermain.o
    0x20000175        -       0x00000001   Zero   RW         1553    .bss.system_sample_flag  usermain.o
    0x20000176   0x080077b4   0x00000002   PAD
    0x20000178        -       0x00000004   Zero   RW         1557    .bss.u_out          usermain.o
    0x2000017c        -       0x00000004   Zero   RW         1563    .bss.u_out_ref      usermain.o
    0x20000180        -       0x0000002c   Zero   RW         1562    .bss.u_pid          usermain.o
    0x200001ac        -       0x00000004   Zero   RW          453    .bss.uwTick         stm32g4xx_hal.o
    0x200001b0        -       0x00000400   Zero   RW            1    STACK               startup_stm32g431xx.o


==============================================================================

Image component sizes


      Code (inc. data)   RO Data    RW Data    ZI Data      Debug   Object Name

       378          0          0          0        108       9174   adc.o
       126          0          0          0          0       1674   gpio.o
       168          0          0          0          0       1677   main.o
       338          0          0          0          0       3593   my_math.o
        36          8        472          0       1024        856   startup_stm32g431xx.o
       222          0          0          8          4       8423   stm32g4xx_hal.o
      2802          0          0          0          0      21941   stm32g4xx_hal_adc.o
      4178          0          0          0          0      19367   stm32g4xx_hal_adc_ex.o
       478          0          0          0          0       9386   stm32g4xx_hal_cortex.o
       872          0          0          0          0       5316   stm32g4xx_hal_gpio.o
        72          0          0          0          0       1644   stm32g4xx_hal_msp.o
       454          0          0          0          0       7798   stm32g4xx_hal_pwr_ex.o
      3276          0          0          0          0       9380   stm32g4xx_hal_rcc.o
      1114          0          0          0          0      10905   stm32g4xx_hal_rcc_ex.o
      5462         22          0          0          0      37689   stm32g4xx_hal_tim.o
      1114          0          0          0          0      21570   stm32g4xx_hal_tim_ex.o
      2954         48         24          0          0      27242   stm32g4xx_hal_uart.o
       538          0         16          0          0       8858   stm32g4xx_hal_uart_ex.o
        66          0          0          0          0       1225   stm32g4xx_it.o
        18          0         24          4          0       2696   system_stm32g4xx.o
       604          0          0          0         76       9120   tim.o
       306          0          0          0        148       6523   usart.o
       640         28          7          4         70       7585   usermain.o

    ----------------------------------------------------------------------
     26316        106        578         16       1436     233642   Object Totals
         0          0         32          0          0          0   (incl. Generated)
       100          0          3          0          6          0   (incl. Padding)

    ----------------------------------------------------------------------

      Code (inc. data)   RO Data    RW Data    ZI Data      Debug   Library Member Name

         0          0          0          0          0          0   entry.o
         0          0          0          0          0          0   entry10a.o
         0          0          0          0          0          0   entry11a.o
         8          4          0          0          0          0   entry2.o
         4          0          0          0          0          0   entry5.o
         0          0          0          0          0          0   entry7b.o
         0          0          0          0          0          0   entry8b.o
         8          4          0          0          0          0   entry9a.o
        30          0          0          0          0          0   handlers.o
        36          8          0          0          0         68   init.o
         0          0          0          0          0          0   iusefp.o
        30          0          0          0          0         68   llshl.o
        36          0          0          0          0         68   llsshr.o
        32          0          0          0          0         68   llushr.o
        36          0          0          0          0        108   memseta.o
      2258         90          0          0          0        452   printfa.o
         0          0          0          4          0          0   stdout.o
        44          0          0          0          0         80   uidiv.o
        98          0          0          0          0         92   uldiv.o
        48          0          0          0          0         68   cdrcmple.o
       334          0          0          0          0        148   dadd.o
       222          0          0          0          0        100   ddiv.o
       186          0          0          0          0        176   depilogue.o
        48          0          0          0          0         68   dfixul.o
       228          0          0          0          0         96   dmul.o
        38          0          0          0          0         68   f2d.o

    ----------------------------------------------------------------------
      3730        106          0          4          0       1728   Library Totals
         6          0          0          0          0          0   (incl. Padding)

    ----------------------------------------------------------------------

      Code (inc. data)   RO Data    RW Data    ZI Data      Debug   Library Name

      2620        106          0          4          0       1004   mc_w.l
      1104          0          0          0          0        724   mf_w.l

    ----------------------------------------------------------------------
      3730        106          0          4          0       1728   Library Totals

    ----------------------------------------------------------------------

==============================================================================


      Code (inc. data)   RO Data    RW Data    ZI Data      Debug   

     30046        212        578         20       1436     234322   Grand Totals
     30046        212        578         20       1436     234322   ELF Image Totals
     30046        212        578         20          0          0   ROM Totals

==============================================================================

    Total RO  Size (Code + RO Data)                30624 (  29.91kB)
    Total RW  Size (RW Data + ZI Data)              1456 (   1.42kB)
    Total ROM Size (Code + RO Data + RW Data)      30644 (  29.93kB)

==============================================================================

