Component: ARM Compiler 6.16 Tool: armlink [5dfeaa00]

==============================================================================

Section Cross References

    startup_stm32g431xx.o(STACK) refers (Special) to heapauxi.o(.text) for __use_two_region_memory
    startup_stm32g431xx.o(HEAP) refers (Special) to heapauxi.o(.text) for __use_two_region_memory
    startup_stm32g431xx.o(RESET) refers (Special) to heapauxi.o(.text) for __use_two_region_memory
    startup_stm32g431xx.o(RESET) refers to startup_stm32g431xx.o(STACK) for __initial_sp
    startup_stm32g431xx.o(RESET) refers to startup_stm32g431xx.o(.text) for Reset_Handler
    startup_stm32g431xx.o(RESET) refers to stm32g4xx_it.o(.text.NMI_Handler) for NMI_Handler
    startup_stm32g431xx.o(RESET) refers to stm32g4xx_it.o(.text.HardFault_Handler) for HardFault_Handler
    startup_stm32g431xx.o(RESET) refers to stm32g4xx_it.o(.text.MemManage_Handler) for MemManage_Handler
    startup_stm32g431xx.o(RESET) refers to stm32g4xx_it.o(.text.BusFault_Handler) for BusFault_Handler
    startup_stm32g431xx.o(RESET) refers to stm32g4xx_it.o(.text.UsageFault_Handler) for UsageFault_Handler
    startup_stm32g431xx.o(RESET) refers to stm32g4xx_it.o(.text.SVC_Handler) for SVC_Handler
    startup_stm32g431xx.o(RESET) refers to stm32g4xx_it.o(.text.DebugMon_Handler) for DebugMon_Handler
    startup_stm32g431xx.o(RESET) refers to stm32g4xx_it.o(.text.PendSV_Handler) for PendSV_Handler
    startup_stm32g431xx.o(RESET) refers to stm32g4xx_it.o(.text.SysTick_Handler) for SysTick_Handler
    startup_stm32g431xx.o(RESET) refers to stm32g4xx_it.o(.text.ADC1_2_IRQHandler) for ADC1_2_IRQHandler
    startup_stm32g431xx.o(.text) refers (Special) to heapauxi.o(.text) for __use_two_region_memory
    startup_stm32g431xx.o(.text) refers to system_stm32g4xx.o(.text.SystemInit) for SystemInit
    startup_stm32g431xx.o(.text) refers to __main.o(!!!main) for __main
    startup_stm32g431xx.o(.text) refers to startup_stm32g431xx.o(HEAP) for Heap_Mem
    startup_stm32g431xx.o(.text) refers to startup_stm32g431xx.o(STACK) for Stack_Mem
    main.o(.text.main) refers to stm32g4xx_hal.o(.text.HAL_Init) for HAL_Init
    main.o(.text.main) refers to main.o(.text.SystemClock_Config) for SystemClock_Config
    main.o(.text.main) refers to gpio.o(.text.MX_GPIO_Init) for MX_GPIO_Init
    main.o(.text.main) refers to tim.o(.text.MX_TIM1_Init) for MX_TIM1_Init
    main.o(.text.main) refers to adc.o(.text.MX_ADC1_Init) for MX_ADC1_Init
    main.o(.text.main) refers to usermain.o(.text.usermain) for usermain
    main.o(.ARM.exidx.text.main) refers to main.o(.text.main) for [Anonymous Symbol]
    main.o(.text.SystemClock_Config) refers to rt_memclr_w.o(.text) for __aeabi_memclr4
    main.o(.text.SystemClock_Config) refers to stm32g4xx_hal_pwr_ex.o(.text.HAL_PWREx_ControlVoltageScaling) for HAL_PWREx_ControlVoltageScaling
    main.o(.text.SystemClock_Config) refers to stm32g4xx_hal_rcc.o(.text.HAL_RCC_OscConfig) for HAL_RCC_OscConfig
    main.o(.text.SystemClock_Config) refers to main.o(.text.Error_Handler) for Error_Handler
    main.o(.text.SystemClock_Config) refers to stm32g4xx_hal_rcc.o(.text.HAL_RCC_ClockConfig) for HAL_RCC_ClockConfig
    main.o(.ARM.exidx.text.SystemClock_Config) refers to main.o(.text.SystemClock_Config) for [Anonymous Symbol]
    main.o(.ARM.exidx.text.Error_Handler) refers to main.o(.text.Error_Handler) for [Anonymous Symbol]
    gpio.o(.ARM.exidx.text.MX_GPIO_Init) refers to gpio.o(.text.MX_GPIO_Init) for [Anonymous Symbol]
    adc.o(.text.MX_ADC1_Init) refers to rt_memclr_w.o(.text) for __aeabi_memclr4
    adc.o(.text.MX_ADC1_Init) refers to adc.o(.bss.hadc1) for hadc1
    adc.o(.text.MX_ADC1_Init) refers to stm32g4xx_hal_adc.o(.text.HAL_ADC_Init) for HAL_ADC_Init
    adc.o(.text.MX_ADC1_Init) refers to main.o(.text.Error_Handler) for Error_Handler
    adc.o(.text.MX_ADC1_Init) refers to stm32g4xx_hal_adc_ex.o(.text.HAL_ADCEx_MultiModeConfigChannel) for HAL_ADCEx_MultiModeConfigChannel
    adc.o(.text.MX_ADC1_Init) refers to stm32g4xx_hal_adc_ex.o(.text.HAL_ADCEx_InjectedConfigChannel) for HAL_ADCEx_InjectedConfigChannel
    adc.o(.ARM.exidx.text.MX_ADC1_Init) refers to adc.o(.text.MX_ADC1_Init) for [Anonymous Symbol]
    adc.o(.text.HAL_ADC_MspInit) refers to rt_memclr_w.o(.text) for __aeabi_memclr4
    adc.o(.text.HAL_ADC_MspInit) refers to stm32g4xx_hal_rcc_ex.o(.text.HAL_RCCEx_PeriphCLKConfig) for HAL_RCCEx_PeriphCLKConfig
    adc.o(.text.HAL_ADC_MspInit) refers to main.o(.text.Error_Handler) for Error_Handler
    adc.o(.text.HAL_ADC_MspInit) refers to stm32g4xx_hal_gpio.o(.text.HAL_GPIO_Init) for HAL_GPIO_Init
    adc.o(.text.HAL_ADC_MspInit) refers to stm32g4xx_hal_cortex.o(.text.HAL_NVIC_SetPriority) for HAL_NVIC_SetPriority
    adc.o(.text.HAL_ADC_MspInit) refers to stm32g4xx_hal_cortex.o(.text.HAL_NVIC_EnableIRQ) for HAL_NVIC_EnableIRQ
    adc.o(.ARM.exidx.text.HAL_ADC_MspInit) refers to adc.o(.text.HAL_ADC_MspInit) for [Anonymous Symbol]
[...]
    ../clib/angel/sys.s                      0x00000000   Number         0  sys_stackheap_outer.o ABSOLUTE
    ../clib/angel/sys.s                      0x00000000   Number         0  libspace.o ABSOLUTE
    ../clib/angel/sys.s                      0x00000000   Number         0  use_no_semi.o ABSOLUTE
    ../clib/angel/sys.s                      0x00000000   Number         0  indicate_semi.o ABSOLUTE
    ../clib/angel/sysapp.c                   0x00000000   Number         0  sys_exit.o ABSOLUTE
    ../clib/angel/sysapp.c                   0x00000000   Number         0  sys_exit_hlt.o ABSOLUTE
    ../clib/angel/sysapp.c                   0x00000000   Number         0  sys_command.o ABSOLUTE
    ../clib/angel/sysapp.c                   0x00000000   Number         0  sys_command_hlt.o ABSOLUTE
    ../clib/angel/sysapp.c                   0x00000000   Number         0  sys_wrch.o ABSOLUTE
    ../clib/angel/sysapp.c                   0x00000000   Number         0  sys_wrch_hlt.o ABSOLUTE
    ../clib/armsys.c                         0x00000000   Number         0  argv_veneer.o ABSOLUTE
    ../clib/armsys.c                         0x00000000   Number         0  argv_veneer.o ABSOLUTE
    ../clib/armsys.c                         0x00000000   Number         0  _get_argv_nomalloc.o ABSOLUTE
    ../clib/armsys.c                         0x00000000   Number         0  no_argv.o ABSOLUTE
    ../clib/heapalloc.c                      0x00000000   Number         0  hrguard.o ABSOLUTE
    ../clib/heapaux.c                        0x00000000   Number         0  heapauxi.o ABSOLUTE
    ../clib/libinit.s                        0x00000000   Number         0  libinit.o ABSOLUTE
    ../clib/libinit.s                        0x00000000   Number         0  libinit2.o ABSOLUTE
    ../clib/libinit.s                        0x00000000   Number         0  libshutdown.o ABSOLUTE
    ../clib/libinit.s                        0x00000000   Number         0  libshutdown2.o ABSOLUTE
    ../clib/memcpset.s                       0x00000000   Number         0  rt_memclr_w.o ABSOLUTE
    ../clib/signal.c                         0x00000000   Number         0  defsig_rtmem_outer.o ABSOLUTE
    ../clib/signal.c                         0x00000000   Number         0  defsig_rtmem_formal.o ABSOLUTE
    ../clib/signal.c                         0x00000000   Number         0  defsig_exit.o ABSOLUTE
    ../clib/signal.c                         0x00000000   Number         0  defsig_rtmem_inner.o ABSOLUTE
    ../clib/signal.c                         0x00000000   Number         0  __raise.o ABSOLUTE
    ../clib/signal.c                         0x00000000   Number         0  defsig_general.o ABSOLUTE
    ../clib/signal.c                         0x00000000   Number         0  defsig_abrt_inner.o ABSOLUTE
    ../clib/signal.c                         0x00000000   Number         0  defsig_fpe_inner.o ABSOLUTE
    ../clib/signal.c                         0x00000000   Number         0  defsig_rtred_inner.o ABSOLUTE
    ../clib/signal.c                         0x00000000   Number         0  defsig_stak_inner.o ABSOLUTE
    ../clib/signal.c                         0x00000000   Number         0  defsig_pvfn_inner.o ABSOLUTE
    ../clib/signal.c                         0x00000000   Number         0  defsig_cppl_inner.o ABSOLUTE
    ../clib/signal.c                         0x00000000   Number         0  defsig_segv_inner.o ABSOLUTE
    ../clib/signal.c                         0x00000000   Number         0  defsig_other.o ABSOLUTE
    ../clib/signal.s                         0x00000000   Number         0  defsig.o ABSOLUTE
    ../clib/stdlib.c                         0x00000000   Number         0  exit.o ABSOLUTE
    ../fplib/fpinit.s                        0x00000000   Number         0  fpinit.o ABSOLUTE
    adc.c                                    0x00000000   Number         0  adc.o ABSOLUTE
    dc.s                                     0x00000000   Number         0  dc.o ABSOLUTE
    gpio.c                                   0x00000000   Number         0  gpio.o ABSOLUTE
    main.c                                   0x00000000   Number         0  main.o ABSOLUTE
    my_math.c                                0x00000000   Number         0  my_math.o ABSOLUTE
    startup_stm32g431xx.s                    0x00000000   Number         0  startup_stm32g431xx.o ABSOLUTE
    stm32g4xx_hal.c                          0x00000000   Number         0  stm32g4xx_hal.o ABSOLUTE
    stm32g4xx_hal_adc.c                      0x00000000   Number         0  stm32g4xx_hal_adc.o ABSOLUTE
    stm32g4xx_hal_adc_ex.c                   0x00000000   Number         0  stm32g4xx_hal_adc_ex.o ABSOLUTE
    stm32g4xx_hal_cortex.c                   0x00000000   Number         0  stm32g4xx_hal_cortex.o ABSOLUTE
    stm32g4xx_hal_dma.c                      0x00000000   Number         0  stm32g4xx_hal_dma.o ABSOLUTE
    stm32g4xx_hal_dma_ex.c                   0x00000000   Number         0  stm32g4xx_hal_dma_ex.o ABSOLUTE
    stm32g4xx_hal_exti.c                     0x00000000   Number         0  stm32g4xx_hal_exti.o ABSOLUTE
    stm32g4xx_hal_flash.c                    0x00000000   Number         0  stm32g4xx_hal_flash.o ABSOLUTE
    stm32g4xx_hal_flash_ex.c                 0x00000000   Number         0  stm32g4xx_hal_flash_ex.o ABSOLUTE
    stm32g4xx_hal_flash_ramfunc.c            0x00000000   Number         0  stm32g4xx_hal_flash_ramfunc.o ABSOLUTE
    stm32g4xx_hal_gpio.c                     0x00000000   Number         0  stm32g4xx_hal_gpio.o ABSOLUTE
    stm32g4xx_hal_msp.c                      0x00000000   Number         0  stm32g4xx_hal_msp.o ABSOLUTE
    stm32g4xx_hal_pwr.c                      0x00000000   Number         0  stm32g4xx_hal_pwr.o ABSOLUTE
    stm32g4xx_hal_pwr_ex.c                   0x00000000   Number         0  stm32g4xx_hal_pwr_ex.o ABSOLUTE
    stm32g4xx_hal_rcc.c                      0x00000000   Number         0  stm32g4xx_hal_rcc.o ABSOLUTE
    stm32g4xx_hal_rcc_ex.c                   0x00000000   Number         0  stm32g4xx_hal_rcc_ex.o ABSOLUTE
    stm32g4xx_hal_tim.c                      0x00000000   Number         0  stm32g4xx_hal_tim.o ABSOLUTE
    stm32g4xx_hal_tim_ex.c                   0x00000000   Number         0  stm32g4xx_hal_tim_ex.o ABSOLUTE
    stm32g4xx_it.c                           0x00000000   Number         0  stm32g4xx_it.o ABSOLUTE
    stm32g4xx_ll_adc.c                       0x00000000   Number         0  stm32g4xx_ll_adc.o ABSOLUTE
    system_stm32g4xx.c                       0x00000000   Number         0  system_stm32g4xx.o ABSOLUTE
    tim.c                                    0x00000000   Number         0  tim.o ABSOLUTE
    usermain.c                               0x00000000   Number         0  usermain.o ABSOLUTE
    RESET                                    0x08000000   Section      472  startup_stm32g431xx.o(RESET)
    !!!main                                  0x080001d8   Section        8  __main.o(!!!main)
    !!!scatter                               0x080001e0   Section       52  __scatter.o(!!!scatter)
    !!handler_copy                           0x08000214   Section       26  __scatter_copy.o(!!handler_copy)
    !!handler_zi                             0x08000230   Section       28  __scatter_zi.o(!!handler_zi)
    .ARM.Collect$$libinit$$00000000          0x0800024c   Section        2  libinit.o(.ARM.Collect$$libinit$$00000000)
    .ARM.Collect$$libinit$$00000001          0x0800024e   Section        4  libinit2.o(.ARM.Collect$$libinit$$00000001)
    .ARM.Collect$$libinit$$00000004          0x08000252   Section        0  libinit2.o(.ARM.Collect$$libinit$$00000004)
    .ARM.Collect$$libinit$$0000000A          0x08000252   Section        0  libinit2.o(.ARM.Collect$$libinit$$0000000A)
    .ARM.Collect$$libinit$$0000000C          0x08000252   Section        0  libinit2.o(.ARM.Collect$$libinit$$0000000C)
    .ARM.Collect$$libinit$$0000000E          0x08000252   Section        0  libinit2.o(.ARM.Collect$$libinit$$0000000E)
    .ARM.Collect$$libinit$$00000011          0x08000252   Section        0  libinit2.o(.ARM.Collect$$libinit$$00000011)
    .ARM.Collect$$libinit$$00000013          0x08000252   Section        0  libinit2.o(.ARM.Collect$$libinit$$00000013)
    .ARM.Collect$$libinit$$00000015          0x08000252   Section        0  libinit2.o(.ARM.Collect$$libinit$$00000015)
    .ARM.Collect$$libinit$$00000017          0x08000252   Section        0  libinit2.o(.ARM.Collect$$libinit$$00000017)
    .ARM.Collect$$libinit$$00000019          0x08000252   Section        0  libinit2.o(.ARM.Collect$$libinit$$00000019)
    .ARM.Collect$$libinit$$0000001B          0x08000252   Section        0  libinit2.o(.ARM.Collect$$libinit$$0000001B)
    .ARM.Collect$$libinit$$0000001D          0x08000252   Section        0  libinit2.o(.ARM.Collect$$libinit$$0000001D)
    .ARM.Collect$$libinit$$0000001F          0x08000252   Section        0  libinit2.o(.ARM.Collect$$libinit$$0000001F)
    .ARM.Collect$$libinit$$00000021          0x08000252   Section        0  libinit2.o(.ARM.Collect$$libinit$$00000021)
    .ARM.Collect$$libinit$$00000023          0x08000252   Section        0  libinit2.o(.ARM.Collect$$libinit$$00000023)
    .ARM.Collect$$libinit$$00000025          0x08000252   Section        0  libinit2.o(.ARM.Collect$$libinit$$00000025)
    .ARM.Collect$$libinit$$0000002C          0x08000252   Section        0  libinit2.o(.ARM.Collect$$libinit$$0000002C)
    .ARM.Collect$$libinit$$0000002E          0x08000252   Section        0  libinit2.o(.ARM.Collect$$libinit$$0000002E)
    .ARM.Collect$$libinit$$00000030          0x08000252   Section        0  libinit2.o(.ARM.Collect$$libinit$$00000030)
    .ARM.Collect$$libinit$$00000032          0x08000252   Section        0  libinit2.o(.ARM.Collect$$libinit$$00000032)
    .ARM.Collect$$libinit$$00000033          0x08000252   Section        2  libinit2.o(.ARM.Collect$$libinit$$00000033)
    .ARM.Collect$$libshutdown$$00000000      0x08000254   Section        2  libshutdown.o(.ARM.Collect$$libshutdown$$00000000)
    .ARM.Collect$$libshutdown$$00000002      0x08000256   Section        0  libshutdown2.o(.ARM.Collect$$libshutdown$$00000002)
    .ARM.Collect$$libshutdown$$00000004      0x08000256   Section        0  libshutdown2.o(.ARM.Collect$$libshutdown$$00000004)
    .ARM.Collect$$libshutdown$$00000007      0x08000256   Section        0  libshutdown2.o(.ARM.Collect$$libshutdown$$00000007)
    .ARM.Collect$$libshutdown$$0000000A      0x08000256   Section        0  libshutdown2.o(.ARM.Collect$$libshutdown$$0000000A)
    .ARM.Collect$$libshutdown$$0000000C      0x08000256   Section        0  libshutdown2.o(.ARM.Collect$$libshutdown$$0000000C)
    .ARM.Collect$$libshutdown$$0000000F      0x08000256   Section        0  libshutdown2.o(.ARM.Collect$$libshutdown$$0000000F)
    .ARM.Collect$$libshutdown$$00000010      0x08000256   Section        2  libshutdown2.o(.ARM.Collect$$libshutdown$$00000010)
    .ARM.Collect$$rtentry$$00000000          0x08000258   Section        0  __rtentry.o(.ARM.Collect$$rtentry$$00000000)
    .ARM.Collect$$rtentry$$00000002          0x08000258   Section        0  __rtentry2.o(.ARM.Collect$$rtentry$$00000002)
    .ARM.Collect$$rtentry$$00000004          0x08000258   Section        6  __rtentry4.o(.ARM.Collect$$rtentry$$00000004)
    .ARM.Collect$$rtentry$$00000009          0x0800025e   Section        0  __rtentry2.o(.ARM.Collect$$rtentry$$00000009)
    .ARM.Collect$$rtentry$$0000000A          0x0800025e   Section        4  __rtentry2.o(.ARM.Collect$$rtentry$$0000000A)
    .ARM.Collect$$rtentry$$0000000C          0x08000262   Section        0  __rtentry2.o(.ARM.Collect$$rtentry$$0000000C)
    .ARM.Collect$$rtentry$$0000000D          0x08000262   Section        8  __rtentry2.o(.ARM.Collect$$rtentry$$0000000D)
    .ARM.Collect$$rtexit$$00000000           0x0800026a   Section        2  rtexit.o(.ARM.Collect$$rtexit$$00000000)
    .ARM.Collect$$rtexit$$00000002           0x0800026c   Section        0  rtexit2.o(.ARM.Collect$$rtexit$$00000002)
    .ARM.Collect$$rtexit$$00000003           0x0800026c   Section        4  rtexit2.o(.ARM.Collect$$rtexit$$00000003)
    .ARM.Collect$$rtexit$$00000004           0x08000270   Section        6  rtexit2.o(.ARM.Collect$$rtexit$$00000004)
    $v0                                      0x08000278   Number         0  startup_stm32g431xx.o(.text)
    .text                                    0x08000278   Section       64  startup_stm32g431xx.o(.text)
    .text                                    0x080002b8   Section       78  rt_memclr_w.o(.text)
    .text                                    0x08000306   Section        0  heapauxi.o(.text)
    .text                                    0x0800030c   Section       74  sys_stackheap_outer.o(.text)
    .text                                    0x08000356   Section        0  exit.o(.text)
    .text                                    0x08000368   Section        8  libspace.o(.text)
    .text                                    0x08000370   Section        0  sys_exit.o(.text)
    .text                                    0x0800037c   Section        2  use_no_semi.o(.text)
    .text                                    0x0800037e   Section        0  indicate_semi.o(.text)
    [Anonymous Symbol]                       0x08000380   Section        0  stm32g4xx_it.o(.text.ADC1_2_IRQHandler)
    [Anonymous Symbol]                       0x08000390   Section        0  stm32g4xx_hal_adc.o(.text.ADC_Disable)
    [Anonymous Symbol]                       0x08000454   Section        0  stm32g4xx_hal_adc.o(.text.ADC_Enable)
    [Anonymous Symbol]                       0x08000564   Section        0  stm32g4xx_it.o(.text.BusFault_Handler)
    [Anonymous Symbol]                       0x08000568   Section        0  stm32g4xx_it.o(.text.DebugMon_Handler)
    [Anonymous Symbol]                       0x0800056c   Section        0  main.o(.text.Error_Handler)
    [Anonymous Symbol]                       0x0800057c   Section        0  stm32g4xx_hal_adc_ex.o(.text.HAL_ADCEx_Calibration_Start)
    [Anonymous Symbol]                       0x0800065c   Section        0  stm32g4xx_hal_adc_ex.o(.text.HAL_ADCEx_EndOfSamplingCallback)
    [Anonymous Symbol]                       0x08000664   Section        0  stm32g4xx_hal_adc_ex.o(.text.HAL_ADCEx_InjectedConfigChannel)
    [Anonymous Symbol]                       0x08001024   Section        0  usermain.o(.text.HAL_ADCEx_InjectedConvCpltCallback)
    [Anonymous Symbol]                       0x08001120   Section        0  stm32g4xx_hal_adc_ex.o(.text.HAL_ADCEx_InjectedQueueOverflowCallback)
    [Anonymous Symbol]                       0x08001128   Section        0  stm32g4xx_hal_adc_ex.o(.text.HAL_ADCEx_InjectedStart_IT)
    [Anonymous Symbol]                       0x08001324   Section        0  stm32g4xx_hal_adc_ex.o(.text.HAL_ADCEx_LevelOutOfWindow2Callback)
    [Anonymous Symbol]                       0x0800132c   Section        0  stm32g4xx_hal_adc_ex.o(.text.HAL_ADCEx_LevelOutOfWindow3Callback)
    [Anonymous Symbol]                       0x08001334   Section        0  stm32g4xx_hal_adc_ex.o(.text.HAL_ADCEx_MultiModeConfigChannel)
    [Anonymous Symbol]                       0x080014ac   Section        0  stm32g4xx_hal_adc.o(.text.HAL_ADC_ConvCpltCallback)
    [Anonymous Symbol]                       0x080014b4   Section        0  stm32g4xx_hal_adc.o(.text.HAL_ADC_ErrorCallback)
    [Anonymous Symbol]                       0x080014bc   Section        0  stm32g4xx_hal_adc.o(.text.HAL_ADC_IRQHandler)
    [Anonymous Symbol]                       0x08001968   Section        0  stm32g4xx_hal_adc.o(.text.HAL_ADC_Init)
    [Anonymous Symbol]                       0x08001c80   Section        0  stm32g4xx_hal_adc.o(.text.HAL_ADC_LevelOutOfWindowCallback)
    [Anonymous Symbol]                       0x08001c88   Section        0  adc.o(.text.HAL_ADC_MspInit)
    [Anonymous Symbol]                       0x08001d38   Section        0  stm32g4xx_hal_gpio.o(.text.HAL_GPIO_Init)
    [Anonymous Symbol]                       0x080020a0   Section        0  stm32g4xx_hal.o(.text.HAL_GetTick)
    [Anonymous Symbol]                       0x080020ac   Section        0  stm32g4xx_hal.o(.text.HAL_IncTick)
    [Anonymous Symbol]                       0x080020c8   Section        0  stm32g4xx_hal.o(.text.HAL_Init)
    [Anonymous Symbol]                       0x080020f8   Section        0  stm32g4xx_hal.o(.text.HAL_InitTick)
    [Anonymous Symbol]                       0x08002180   Section        0  stm32g4xx_hal_msp.o(.text.HAL_MspInit)
    [Anonymous Symbol]                       0x080021c8   Section        0  stm32g4xx_hal_cortex.o(.text.HAL_NVIC_EnableIRQ)
    [Anonymous Symbol]                       0x080021dc   Section        0  stm32g4xx_hal_cortex.o(.text.HAL_NVIC_SetPriority)
    [Anonymous Symbol]                       0x0800220c   Section        0  stm32g4xx_hal_cortex.o(.text.HAL_NVIC_SetPriorityGrouping)
    [Anonymous Symbol]                       0x0800221c   Section        0  stm32g4xx_hal_pwr_ex.o(.text.HAL_PWREx_ControlVoltageScaling)
    [Anonymous Symbol]                       0x080023d0   Section        0  stm32g4xx_hal_pwr_ex.o(.text.HAL_PWREx_DisableUCPDDeadBattery)
    [Anonymous Symbol]                       0x080023e4   Section        0  stm32g4xx_hal_rcc_ex.o(.text.HAL_RCCEx_PeriphCLKConfig)
    [Anonymous Symbol]                       0x08002840   Section        0  stm32g4xx_hal_rcc.o(.text.HAL_RCC_ClockConfig)
    [Anonymous Symbol]                       0x08002b68   Section        0  stm32g4xx_hal_rcc.o(.text.HAL_RCC_GetSysClockFreq)
    [Anonymous Symbol]                       0x08002c64   Section        0  stm32g4xx_hal_rcc.o(.text.HAL_RCC_OscConfig)
    [Anonymous Symbol]                       0x0800341c   Section        0  stm32g4xx_hal_cortex.o(.text.HAL_SYSTICK_Config)
    [Anonymous Symbol]                       0x0800342c   Section        0  stm32g4xx_hal_tim_ex.o(.text.HAL_TIMEx_ConfigBreakDeadTime)
    [Anonymous Symbol]                       0x0800355c   Section        0  stm32g4xx_hal_tim_ex.o(.text.HAL_TIMEx_MasterConfigSynchronization)
    [Anonymous Symbol]                       0x0800369c   Section        0  stm32g4xx_hal_tim.o(.text.HAL_TIM_Base_Init)
    [Anonymous Symbol]                       0x08003744   Section        0  tim.o(.text.HAL_TIM_Base_MspInit)
    [Anonymous Symbol]                       0x08003780   Section        0  stm32g4xx_hal_tim.o(.text.HAL_TIM_Base_Start)
    [Anonymous Symbol]                       0x08003858   Section        0  stm32g4xx_hal_tim.o(.text.HAL_TIM_ConfigClockSource)
    [Anonymous Symbol]                       0x08003a2c   Section        0  tim.o(.text.HAL_TIM_MspPostInit)
    [Anonymous Symbol]                       0x08003a94   Section        0  stm32g4xx_hal_tim.o(.text.HAL_TIM_PWM_ConfigChannel)
    [Anonymous Symbol]                       0x08003c44   Section        0  stm32g4xx_hal_tim.o(.text.HAL_TIM_PWM_Init)
    [Anonymous Symbol]                       0x08003cec   Section        0  stm32g4xx_hal_tim.o(.text.HAL_TIM_PWM_MspInit)
    [Anonymous Symbol]                       0x08003cf4   Section        0  stm32g4xx_hal_tim.o(.text.HAL_TIM_PWM_Start)
    [Anonymous Symbol]                       0x08003f54   Section        0  stm32g4xx_it.o(.text.HardFault_Handler)
    LL_ADC_Disable                           0x08003f59   Thumb Code    28  stm32g4xx_hal_adc.o(.text.LL_ADC_Disable)
    [Anonymous Symbol]                       0x08003f58   Section        0  stm32g4xx_hal_adc.o(.text.LL_ADC_Disable)
    LL_ADC_DisableDeepPowerDown              0x08003f75   Thumb Code    24  stm32g4xx_hal_adc.o(.text.LL_ADC_DisableDeepPowerDown)
    [Anonymous Symbol]                       0x08003f74   Section        0  stm32g4xx_hal_adc.o(.text.LL_ADC_DisableDeepPowerDown)
    LL_ADC_Enable                            0x08003f8d   Thumb Code    28  stm32g4xx_hal_adc.o(.text.LL_ADC_Enable)
    [Anonymous Symbol]                       0x08003f8c   Section        0  stm32g4xx_hal_adc.o(.text.LL_ADC_Enable)
    LL_ADC_EnableInternalRegulator           0x08003fa9   Thumb Code    30  stm32g4xx_hal_adc.o(.text.LL_ADC_EnableInternalRegulator)
    [Anonymous Symbol]                       0x08003fa8   Section        0  stm32g4xx_hal_adc.o(.text.LL_ADC_EnableInternalRegulator)
    LL_ADC_GetCommonPathInternalCh           0x08003fc9   Thumb Code    16  stm32g4xx_hal_adc.o(.text.LL_ADC_GetCommonPathInternalCh)
    [Anonymous Symbol]                       0x08003fc8   Section        0  stm32g4xx_hal_adc.o(.text.LL_ADC_GetCommonPathInternalCh)
    LL_ADC_GetCommonPathInternalCh           0x08003fd9   Thumb Code    16  stm32g4xx_hal_adc_ex.o(.text.LL_ADC_GetCommonPathInternalCh)
    [Anonymous Symbol]                       0x08003fd8   Section        0  stm32g4xx_hal_adc_ex.o(.text.LL_ADC_GetCommonPathInternalCh)
    LL_ADC_GetMultiDMATransfer               0x08003fe9   Thumb Code    16  stm32g4xx_hal_adc.o(.text.LL_ADC_GetMultiDMATransfer)
    [Anonymous Symbol]                       0x08003fe8   Section        0  stm32g4xx_hal_adc.o(.text.LL_ADC_GetMultiDMATransfer)
    LL_ADC_GetMultimode                      0x08003ff9   Thumb Code    16  stm32g4xx_hal_adc.o(.text.LL_ADC_GetMultimode)
    [Anonymous Symbol]                       0x08003ff8   Section        0  stm32g4xx_hal_adc.o(.text.LL_ADC_GetMultimode)
    LL_ADC_GetMultimode                      0x08004009   Thumb Code    16  stm32g4xx_hal_adc_ex.o(.text.LL_ADC_GetMultimode)
    [Anonymous Symbol]                       0x08004008   Section        0  stm32g4xx_hal_adc_ex.o(.text.LL_ADC_GetMultimode)
    LL_ADC_GetOffsetChannel                  0x08004019   Thumb Code    30  stm32g4xx_hal_adc_ex.o(.text.LL_ADC_GetOffsetChannel)
    [Anonymous Symbol]                       0x08004018   Section        0  stm32g4xx_hal_adc_ex.o(.text.LL_ADC_GetOffsetChannel)
    LL_ADC_INJ_GetTrigAuto                   0x08004039   Thumb Code    16  stm32g4xx_hal_adc_ex.o(.text.LL_ADC_INJ_GetTrigAuto)
    [Anonymous Symbol]                       0x08004038   Section        0  stm32g4xx_hal_adc_ex.o(.text.LL_ADC_INJ_GetTrigAuto)
    LL_ADC_INJ_IsConversionOngoing           0x08004049   Thumb Code    16  stm32g4xx_hal_adc.o(.text.LL_ADC_INJ_IsConversionOngoing)
    [Anonymous Symbol]                       0x08004048   Section        0  stm32g4xx_hal_adc.o(.text.LL_ADC_INJ_IsConversionOngoing)
    LL_ADC_INJ_IsConversionOngoing           0x08004059   Thumb Code    16  stm32g4xx_hal_adc_ex.o(.text.LL_ADC_INJ_IsConversionOngoing)
    [Anonymous Symbol]                       0x08004058   Section        0  stm32g4xx_hal_adc_ex.o(.text.LL_ADC_INJ_IsConversionOngoing)
    LL_ADC_INJ_IsTriggerSourceSWStart        0x08004069   Thumb Code    22  stm32g4xx_hal_adc.o(.text.LL_ADC_INJ_IsTriggerSourceSWStart)
    [Anonymous Symbol]                       0x08004068   Section        0  stm32g4xx_hal_adc.o(.text.LL_ADC_INJ_IsTriggerSourceSWStart)
    LL_ADC_INJ_StartConversion               0x08004081   Thumb Code    28  stm32g4xx_hal_adc_ex.o(.text.LL_ADC_INJ_StartConversion)
    [Anonymous Symbol]                       0x08004080   Section        0  stm32g4xx_hal_adc_ex.o(.text.LL_ADC_INJ_StartConversion)
    LL_ADC_IsCalibrationOnGoing              0x0800409d   Thumb Code    14  stm32g4xx_hal_adc_ex.o(.text.LL_ADC_IsCalibrationOnGoing)
    [Anonymous Symbol]                       0x0800409c   Section        0  stm32g4xx_hal_adc_ex.o(.text.LL_ADC_IsCalibrationOnGoing)
    LL_ADC_IsDeepPowerDownEnabled            0x080040ad   Thumb Code    16  stm32g4xx_hal_adc.o(.text.LL_ADC_IsDeepPowerDownEnabled)
    [Anonymous Symbol]                       0x080040ac   Section        0  stm32g4xx_hal_adc.o(.text.LL_ADC_IsDeepPowerDownEnabled)
    LL_ADC_IsDisableOngoing                  0x080040bd   Thumb Code    16  stm32g4xx_hal_adc.o(.text.LL_ADC_IsDisableOngoing)
    [Anonymous Symbol]                       0x080040bc   Section        0  stm32g4xx_hal_adc.o(.text.LL_ADC_IsDisableOngoing)
    LL_ADC_IsEnabled                         0x080040cd   Thumb Code    16  stm32g4xx_hal_adc.o(.text.LL_ADC_IsEnabled)
    [Anonymous Symbol]                       0x080040cc   Section        0  stm32g4xx_hal_adc.o(.text.LL_ADC_IsEnabled)
    LL_ADC_IsEnabled                         0x080040dd   Thumb Code    16  stm32g4xx_hal_adc_ex.o(.text.LL_ADC_IsEnabled)
    [Anonymous Symbol]                       0x080040dc   Section        0  stm32g4xx_hal_adc_ex.o(.text.LL_ADC_IsEnabled)
    LL_ADC_IsInternalRegulatorEnabled        0x080040ed   Thumb Code    16  stm32g4xx_hal_adc.o(.text.LL_ADC_IsInternalRegulatorEnabled)
    [Anonymous Symbol]                       0x080040ec   Section        0  stm32g4xx_hal_adc.o(.text.LL_ADC_IsInternalRegulatorEnabled)
    LL_ADC_REG_IsConversionOngoing           0x080040fd   Thumb Code    16  stm32g4xx_hal_adc.o(.text.LL_ADC_REG_IsConversionOngoing)
    [Anonymous Symbol]                       0x080040fc   Section        0  stm32g4xx_hal_adc.o(.text.LL_ADC_REG_IsConversionOngoing)
    LL_ADC_REG_IsConversionOngoing           0x0800410d   Thumb Code    16  stm32g4xx_hal_adc_ex.o(.text.LL_ADC_REG_IsConversionOngoing)
    [Anonymous Symbol]                       0x0800410c   Section        0  stm32g4xx_hal_adc_ex.o(.text.LL_ADC_REG_IsConversionOngoing)
    LL_ADC_REG_IsTriggerSourceSWStart        0x0800411d   Thumb Code    22  stm32g4xx_hal_adc.o(.text.LL_ADC_REG_IsTriggerSourceSWStart)
    [Anonymous Symbol]                       0x0800411c   Section        0  stm32g4xx_hal_adc.o(.text.LL_ADC_REG_IsTriggerSourceSWStart)
    LL_ADC_SetChannelSamplingTime            0x08004135   Thumb Code    54  stm32g4xx_hal_adc_ex.o(.text.LL_ADC_SetChannelSamplingTime)
    [Anonymous Symbol]                       0x08004134   Section        0  stm32g4xx_hal_adc_ex.o(.text.LL_ADC_SetChannelSamplingTime)
    LL_ADC_SetChannelSingleDiff              0x0800416d   Thumb Code    52  stm32g4xx_hal_adc_ex.o(.text.LL_ADC_SetChannelSingleDiff)
    [Anonymous Symbol]                       0x0800416c   Section        0  stm32g4xx_hal_adc_ex.o(.text.LL_ADC_SetChannelSingleDiff)
    LL_ADC_SetCommonClock                    0x080041a1   Thumb Code    26  stm32g4xx_hal_adc.o(.text.LL_ADC_SetCommonClock)
    [Anonymous Symbol]                       0x080041a0   Section        0  stm32g4xx_hal_adc.o(.text.LL_ADC_SetCommonClock)
    LL_ADC_SetCommonPathInternalCh           0x080041bd   Thumb Code    26  stm32g4xx_hal_adc_ex.o(.text.LL_ADC_SetCommonPathInternalCh)
    [Anonymous Symbol]                       0x080041bc   Section        0  stm32g4xx_hal_adc_ex.o(.text.LL_ADC_SetCommonPathInternalCh)
    LL_ADC_SetOffset                         0x080041d9   Thumb Code    60  stm32g4xx_hal_adc_ex.o(.text.LL_ADC_SetOffset)
    [Anonymous Symbol]                       0x080041d8   Section        0  stm32g4xx_hal_adc_ex.o(.text.LL_ADC_SetOffset)
    LL_ADC_SetOffsetSaturation               0x08004215   Thumb Code    40  stm32g4xx_hal_adc_ex.o(.text.LL_ADC_SetOffsetSaturation)
    [Anonymous Symbol]                       0x08004214   Section        0  stm32g4xx_hal_adc_ex.o(.text.LL_ADC_SetOffsetSaturation)
    LL_ADC_SetOffsetSign                     0x0800423d   Thumb Code    40  stm32g4xx_hal_adc_ex.o(.text.LL_ADC_SetOffsetSign)
    [Anonymous Symbol]                       0x0800423c   Section        0  stm32g4xx_hal_adc_ex.o(.text.LL_ADC_SetOffsetSign)
    LL_ADC_SetOffsetState                    0x08004265   Thumb Code    40  stm32g4xx_hal_adc_ex.o(.text.LL_ADC_SetOffsetState)
    [Anonymous Symbol]                       0x08004264   Section        0  stm32g4xx_hal_adc_ex.o(.text.LL_ADC_SetOffsetState)
    LL_ADC_SetSamplingTimeCommonConfig       0x0800428d   Thumb Code    26  stm32g4xx_hal_adc_ex.o(.text.LL_ADC_SetSamplingTimeCommonConfig)
    [Anonymous Symbol]                       0x0800428c   Section        0  stm32g4xx_hal_adc_ex.o(.text.LL_ADC_SetSamplingTimeCommonConfig)
    LL_ADC_StartCalibration                  0x080042a9   Thumb Code    40  stm32g4xx_hal_adc_ex.o(.text.LL_ADC_StartCalibration)
    [Anonymous Symbol]                       0x080042a8   Section        0  stm32g4xx_hal_adc_ex.o(.text.LL_ADC_StartCalibration)
    [Anonymous Symbol]                       0x080042d0   Section        0  adc.o(.text.MX_ADC1_Init)
    [Anonymous Symbol]                       0x0800439c   Section        0  gpio.o(.text.MX_GPIO_Init)
    [Anonymous Symbol]                       0x080043fc   Section        0  tim.o(.text.MX_TIM1_Init)
    [Anonymous Symbol]                       0x08004534   Section        0  stm32g4xx_it.o(.text.MemManage_Handler)
    [Anonymous Symbol]                       0x08004538   Section        0  stm32g4xx_it.o(.text.NMI_Handler)
    NVIC_EncodePriority                      0x0800453d   Thumb Code   108  stm32g4xx_hal_cortex.o(.text.NVIC_EncodePriority)
    [Anonymous Symbol]                       0x0800453c   Section        0  stm32g4xx_hal_cortex.o(.text.NVIC_EncodePriority)
    [Anonymous Symbol]                       0x080045a8   Section        0  my_math.o(.text.PID_Calc)
    [Anonymous Symbol]                       0x080046c0   Section        0  stm32g4xx_it.o(.text.PendSV_Handler)
    RCC_GetSysClockFreqFromPLLSource         0x080046c5   Thumb Code   156  stm32g4xx_hal_rcc.o(.text.RCC_GetSysClockFreqFromPLLSource)
    [Anonymous Symbol]                       0x080046c4   Section        0  stm32g4xx_hal_rcc.o(.text.RCC_GetSysClockFreqFromPLLSource)
    [Anonymous Symbol]                       0x08004760   Section        0  stm32g4xx_it.o(.text.SVC_Handler)
    SysTick_Config                           0x08004765   Thumb Code    82  stm32g4xx_hal_cortex.o(.text.SysTick_Config)
    [Anonymous Symbol]                       0x08004764   Section        0  stm32g4xx_hal_cortex.o(.text.SysTick_Config)
    [Anonymous Symbol]                       0x080047b8   Section        0  stm32g4xx_it.o(.text.SysTick_Handler)
    [Anonymous Symbol]                       0x080047c0   Section        0  main.o(.text.SystemClock_Config)
    [Anonymous Symbol]                       0x08004834   Section        0  system_stm32g4xx.o(.text.SystemInit)
    [Anonymous Symbol]                       0x08004848   Section        0  stm32g4xx_hal_tim.o(.text.TIM_Base_SetConfig)
    [Anonymous Symbol]                       0x080049e0   Section        0  stm32g4xx_hal_tim.o(.text.TIM_CCxChannelCmd)
    [Anonymous Symbol]                       0x08004a18   Section        0  stm32g4xx_hal_tim.o(.text.TIM_ETR_SetConfig)
    TIM_ITRx_SetConfig                       0x08004a4d   Thumb Code    48  stm32g4xx_hal_tim.o(.text.TIM_ITRx_SetConfig)
    [Anonymous Symbol]                       0x08004a4c   Section        0  stm32g4xx_hal_tim.o(.text.TIM_ITRx_SetConfig)
    TIM_OC1_SetConfig                        0x08004a7d   Thumb Code   340  stm32g4xx_hal_tim.o(.text.TIM_OC1_SetConfig)
    [Anonymous Symbol]                       0x08004a7c   Section        0  stm32g4xx_hal_tim.o(.text.TIM_OC1_SetConfig)
    [Anonymous Symbol]                       0x08004bd0   Section        0  stm32g4xx_hal_tim.o(.text.TIM_OC2_SetConfig)
    TIM_OC3_SetConfig                        0x08004d41   Thumb Code   366  stm32g4xx_hal_tim.o(.text.TIM_OC3_SetConfig)
    [Anonymous Symbol]                       0x08004d40   Section        0  stm32g4xx_hal_tim.o(.text.TIM_OC3_SetConfig)
    TIM_OC4_SetConfig                        0x08004eb1   Thumb Code   368  stm32g4xx_hal_tim.o(.text.TIM_OC4_SetConfig)
    [Anonymous Symbol]                       0x08004eb0   Section        0  stm32g4xx_hal_tim.o(.text.TIM_OC4_SetConfig)
    TIM_OC5_SetConfig                        0x08005021   Thumb Code   210  stm32g4xx_hal_tim.o(.text.TIM_OC5_SetConfig)
    [Anonymous Symbol]                       0x08005020   Section        0  stm32g4xx_hal_tim.o(.text.TIM_OC5_SetConfig)
    TIM_OC6_SetConfig                        0x080050f5   Thumb Code   212  stm32g4xx_hal_tim.o(.text.TIM_OC6_SetConfig)
    [Anonymous Symbol]                       0x080050f4   Section        0  stm32g4xx_hal_tim.o(.text.TIM_OC6_SetConfig)
    TIM_TI1_ConfigInputStage                 0x080051c9   Thumb Code    80  stm32g4xx_hal_tim.o(.text.TIM_TI1_ConfigInputStage)
    [Anonymous Symbol]                       0x080051c8   Section        0  stm32g4xx_hal_tim.o(.text.TIM_TI1_ConfigInputStage)
    TIM_TI2_ConfigInputStage                 0x08005219   Thumb Code    82  stm32g4xx_hal_tim.o(.text.TIM_TI2_ConfigInputStage)
    [Anonymous Symbol]                       0x08005218   Section        0  stm32g4xx_hal_tim.o(.text.TIM_TI2_ConfigInputStage)
    [Anonymous Symbol]                       0x0800526c   Section        0  stm32g4xx_it.o(.text.UsageFault_Handler)
    __NVIC_EnableIRQ                         0x08005271   Thumb Code    48  stm32g4xx_hal_cortex.o(.text.__NVIC_EnableIRQ)
    [Anonymous Symbol]                       0x08005270   Section        0  stm32g4xx_hal_cortex.o(.text.__NVIC_EnableIRQ)
    __NVIC_GetPriorityGrouping               0x080052a1   Thumb Code    16  stm32g4xx_hal_cortex.o(.text.__NVIC_GetPriorityGrouping)
    [Anonymous Symbol]                       0x080052a0   Section        0  stm32g4xx_hal_cortex.o(.text.__NVIC_GetPriorityGrouping)
    __NVIC_SetPriority                       0x080052b1   Thumb Code    66  stm32g4xx_hal_cortex.o(.text.__NVIC_SetPriority)
    [Anonymous Symbol]                       0x080052b0   Section        0  stm32g4xx_hal_cortex.o(.text.__NVIC_SetPriority)
    __NVIC_SetPriorityGrouping               0x080052f5   Thumb Code    60  stm32g4xx_hal_cortex.o(.text.__NVIC_SetPriorityGrouping)
    [Anonymous Symbol]                       0x080052f4   Section        0  stm32g4xx_hal_cortex.o(.text.__NVIC_SetPriorityGrouping)
    control                                  0x08005331   Thumb Code   110  usermain.o(.text.control)
    [Anonymous Symbol]                       0x08005330   Section        0  usermain.o(.text.control)
    init                                     0x080053a1   Thumb Code   110  usermain.o(.text.init)
    [Anonymous Symbol]                       0x080053a0   Section        0  usermain.o(.text.init)
    [Anonymous Symbol]                       0x08005410   Section        0  main.o(.text.main)
    [Anonymous Symbol]                       0x08005434   Section        0  usermain.o(.text.usermain)
    $v0                                      0x0800543e   Number         0  fpinit.o(x$fpl$fpinit)
    x$fpl$fpinit                             0x0800543e   Section       26  fpinit.o(x$fpl$fpinit)
    .bss                                     0x20000010   Section       96  libspace.o(.bss)
    HAL_ADCEx_InjectedConvCpltCallback.adc_cnt 0x20000070   Data           4  usermain.o(.bss.HAL_ADCEx_InjectedConvCpltCallback.adc_cnt)
    [Anonymous Symbol]                       0x20000070   Section        0  usermain.o(.bss.HAL_ADCEx_InjectedConvCpltCallback.adc_cnt)
    HAL_ADCEx_InjectedConvCpltCallback.adc_uout 0x20000074   Data           4  usermain.o(.bss.HAL_ADCEx_InjectedConvCpltCallback.adc_uout)
    [Anonymous Symbol]                       0x20000074   Section        0  usermain.o(.bss.HAL_ADCEx_InjectedConvCpltCallback.adc_uout)
    HAL_ADCEx_InjectedConvCpltCallback.adc_uout_offset_sum 0x20000078   Data           4  usermain.o(.bss.HAL_ADCEx_InjectedConvCpltCallback.adc_uout_offset_sum)
    [Anonymous Symbol]                       0x20000078   Section        0  usermain.o(.bss.HAL_ADCEx_InjectedConvCpltCallback.adc_uout_offset_sum)
    Heap_Mem                                 0x20000178   Data         512  startup_stm32g431xx.o(HEAP)
    HEAP                                     0x20000178   Section      512  startup_stm32g431xx.o(HEAP)
    Stack_Mem                                0x20000378   Data        1024  startup_stm32g431xx.o(STACK)
    STACK                                    0x20000378   Section     1024  startup_stm32g431xx.o(STACK)
    __initial_sp                             0x20000778   Data           0  startup_stm32g431xx.o(STACK)

    Global Symbols

    Symbol Name                              Value     Ov Type        Size  Object(Section)

    BuildAttributes$$THM_ISAv4$E$P$D$K$B$S$7EM$VFPi3$EXTD16$VFPS$VFMA$PE$A:L22UL41UL21$X:L11$S22US41US21$IEEE1$IW$~IW$USESV6$~STKCKD$USESV7$~SHL$OSPACE$ROPI$EBA8$UX$STANDARDLIB$REQ8$PRES8$EABIv2 0x00000000   Number         0  anon$$obj.o ABSOLUTE
    __ARM_exceptions_init                     - Undefined Weak Reference
    __alloca_initialize                       - Undefined Weak Reference
    __arm_preinit_                            - Undefined Weak Reference
    __cpp_initialize__aeabi_                  - Undefined Weak Reference
    __cxa_finalize                            - Undefined Weak Reference
    __rt_locale                               - Undefined Weak Reference
    __sigvec_lookup                           - Undefined Weak Reference
    _atexit_init                              - Undefined Weak Reference
    _call_atexit_fns                          - Undefined Weak Reference
    _clock_init                               - Undefined Weak Reference
    _fp_trap_init                             - Undefined Weak Reference
    _fp_trap_shutdown                         - Undefined Weak Reference
    _get_lc_collate                           - Undefined Weak Reference
    _get_lc_ctype                             - Undefined Weak Reference
    _get_lc_monetary                          - Undefined Weak Reference
    _get_lc_numeric                           - Undefined Weak Reference
    _get_lc_time                              - Undefined Weak Reference
    _getenv_init                              - Undefined Weak Reference
    _handle_redirection                       - Undefined Weak Reference
    _init_alloc                               - Undefined Weak Reference
    _init_user_alloc                          - Undefined Weak Reference
    _initio                                   - Undefined Weak Reference
    _rand_init                                - Undefined Weak Reference
    _signal_finish                            - Undefined Weak Reference
    _signal_init                              - Undefined Weak Reference
    _terminate_alloc                          - Undefined Weak Reference
    _terminate_user_alloc                     - Undefined Weak Reference
    _terminateio                              - Undefined Weak Reference
    __Vectors_Size                           0x000001d8   Number         0  startup_stm32g431xx.o ABSOLUTE
    __Vectors                                0x08000000   Data           4  startup_stm32g431xx.o(RESET)
    __Vectors_End                            0x080001d8   Data           0  startup_stm32g431xx.o(RESET)
    __main                                   0x080001d9   Thumb Code     8  __main.o(!!!main)
    __scatterload                            0x080001e1   Thumb Code     0  __scatter.o(!!!scatter)
    __scatterload_rt2                        0x080001e1   Thumb Code    44  __scatter.o(!!!scatter)
    __scatterload_rt2_thumb_only             0x080001e1   Thumb Code     0  __scatter.o(!!!scatter)
    __scatterload_null                       0x080001ef   Thumb Code     0  __scatter.o(!!!scatter)
    __scatterload_copy                       0x08000215   Thumb Code    26  __scatter_copy.o(!!handler_copy)
    __scatterload_zeroinit                   0x08000231   Thumb Code    28  __scatter_zi.o(!!handler_zi)
    __rt_lib_init                            0x0800024d   Thumb Code     0  libinit.o(.ARM.Collect$$libinit$$00000000)
    __rt_lib_init_fp_1                       0x0800024f   Thumb Code     0  libinit2.o(.ARM.Collect$$libinit$$00000001)
    __rt_lib_init_alloca_1                   0x08000253   Thumb Code     0  libinit2.o(.ARM.Collect$$libinit$$0000002E)
    __rt_lib_init_argv_1                     0x08000253   Thumb Code     0  libinit2.o(.ARM.Collect$$libinit$$0000002C)
    __rt_lib_init_atexit_1                   0x08000253   Thumb Code     0  libinit2.o(.ARM.Collect$$libinit$$0000001B)
    __rt_lib_init_clock_1                    0x08000253   Thumb Code     0  libinit2.o(.ARM.Collect$$libinit$$00000021)
    __rt_lib_init_cpp_1                      0x08000253   Thumb Code     0  libinit2.o(.ARM.Collect$$libinit$$00000032)
    __rt_lib_init_exceptions_1               0x08000253   Thumb Code     0  libinit2.o(.ARM.Collect$$libinit$$00000030)
    __rt_lib_init_fp_trap_1                  0x08000253   Thumb Code     0  libinit2.o(.ARM.Collect$$libinit$$0000001F)
    __rt_lib_init_getenv_1                   0x08000253   Thumb Code     0  libinit2.o(.ARM.Collect$$libinit$$00000023)
    __rt_lib_init_heap_1                     0x08000253   Thumb Code     0  libinit2.o(.ARM.Collect$$libinit$$0000000A)
    __rt_lib_init_lc_collate_1               0x08000253   Thumb Code     0  libinit2.o(.ARM.Collect$$libinit$$00000011)
    __rt_lib_init_lc_ctype_1                 0x08000253   Thumb Code     0  libinit2.o(.ARM.Collect$$libinit$$00000013)
    __rt_lib_init_lc_monetary_1              0x08000253   Thumb Code     0  libinit2.o(.ARM.Collect$$libinit$$00000015)
    __rt_lib_init_lc_numeric_1               0x08000253   Thumb Code     0  libinit2.o(.ARM.Collect$$libinit$$00000017)
    __rt_lib_init_lc_time_1                  0x08000253   Thumb Code     0  libinit2.o(.ARM.Collect$$libinit$$00000019)
    __rt_lib_init_preinit_1                  0x08000253   Thumb Code     0  libinit2.o(.ARM.Collect$$libinit$$00000004)
    __rt_lib_init_rand_1                     0x08000253   Thumb Code     0  libinit2.o(.ARM.Collect$$libinit$$0000000E)
    __rt_lib_init_return                     0x08000253   Thumb Code     0  libinit2.o(.ARM.Collect$$libinit$$00000033)
    __rt_lib_init_signal_1                   0x08000253   Thumb Code     0  libinit2.o(.ARM.Collect$$libinit$$0000001D)
    __rt_lib_init_stdio_1                    0x08000253   Thumb Code     0  libinit2.o(.ARM.Collect$$libinit$$00000025)
    __rt_lib_init_user_alloc_1               0x08000253   Thumb Code     0  libinit2.o(.ARM.Collect$$libinit$$0000000C)
    __rt_lib_shutdown                        0x08000255   Thumb Code     0  libshutdown.o(.ARM.Collect$$libshutdown$$00000000)
    __rt_lib_shutdown_cpp_1                  0x08000257   Thumb Code     0  libshutdown2.o(.ARM.Collect$$libshutdown$$00000002)
    __rt_lib_shutdown_fp_trap_1              0x08000257   Thumb Code     0  libshutdown2.o(.ARM.Collect$$libshutdown$$00000007)
    __rt_lib_shutdown_heap_1                 0x08000257   Thumb Code     0  libshutdown2.o(.ARM.Collect$$libshutdown$$0000000F)
    __rt_lib_shutdown_return                 0x08000257   Thumb Code     0  libshutdown2.o(.ARM.Collect$$libshutdown$$00000010)
    __rt_lib_shutdown_signal_1               0x08000257   Thumb Code     0  libshutdown2.o(.ARM.Collect$$libshutdown$$0000000A)
    __rt_lib_shutdown_stdio_1                0x08000257   Thumb Code     0  libshutdown2.o(.ARM.Collect$$libshutdown$$00000004)
    __rt_lib_shutdown_user_alloc_1           0x08000257   Thumb Code     0  libshutdown2.o(.ARM.Collect$$libshutdown$$0000000C)
    __rt_entry                               0x08000259   Thumb Code     0  __rtentry.o(.ARM.Collect$$rtentry$$00000000)
    __rt_entry_presh_1                       0x08000259   Thumb Code     0  __rtentry2.o(.ARM.Collect$$rtentry$$00000002)
    __rt_entry_sh                            0x08000259   Thumb Code     0  __rtentry4.o(.ARM.Collect$$rtentry$$00000004)
    __rt_entry_li                            0x0800025f   Thumb Code     0  __rtentry2.o(.ARM.Collect$$rtentry$$0000000A)
    __rt_entry_postsh_1                      0x0800025f   Thumb Code     0  __rtentry2.o(.ARM.Collect$$rtentry$$00000009)
    __rt_entry_main                          0x08000263   Thumb Code     0  __rtentry2.o(.ARM.Collect$$rtentry$$0000000D)
    __rt_entry_postli_1                      0x08000263   Thumb Code     0  __rtentry2.o(.ARM.Collect$$rtentry$$0000000C)
    __rt_exit                                0x0800026b   Thumb Code     0  rtexit.o(.ARM.Collect$$rtexit$$00000000)
    __rt_exit_ls                             0x0800026d   Thumb Code     0  rtexit2.o(.ARM.Collect$$rtexit$$00000003)
    __rt_exit_prels_1                        0x0800026d   Thumb Code     0  rtexit2.o(.ARM.Collect$$rtexit$$00000002)
    __rt_exit_exit                           0x08000271   Thumb Code     0  rtexit2.o(.ARM.Collect$$rtexit$$00000004)
    Reset_Handler                            0x08000279   Thumb Code     8  startup_stm32g431xx.o(.text)
    COMP1_2_3_IRQHandler                     0x08000293   Thumb Code     0  startup_stm32g431xx.o(.text)
    COMP4_IRQHandler                         0x08000293   Thumb Code     0  startup_stm32g431xx.o(.text)
    CORDIC_IRQHandler                        0x08000293   Thumb Code     0  startup_stm32g431xx.o(.text)
    CRS_IRQHandler                           0x08000293   Thumb Code     0  startup_stm32g431xx.o(.text)
    DMA1_Channel1_IRQHandler                 0x08000293   Thumb Code     0  startup_stm32g431xx.o(.text)
    DMA1_Channel2_IRQHandler                 0x08000293   Thumb Code     0  startup_stm32g431xx.o(.text)
    DMA1_Channel3_IRQHandler                 0x08000293   Thumb Code     0  startup_stm32g431xx.o(.text)
    DMA1_Channel4_IRQHandler                 0x08000293   Thumb Code     0  startup_stm32g431xx.o(.text)
    DMA1_Channel5_IRQHandler                 0x08000293   Thumb Code     0  startup_stm32g431xx.o(.text)
    DMA1_Channel6_IRQHandler                 0x08000293   Thumb Code     0  startup_stm32g431xx.o(.text)
    DMA2_Channel1_IRQHandler                 0x08000293   Thumb Code     0  startup_stm32g431xx.o(.text)
    DMA2_Channel2_IRQHandler                 0x08000293   Thumb Code     0  startup_stm32g431xx.o(.text)
    DMA2_Channel3_IRQHandler                 0x08000293   Thumb Code     0  startup_stm32g431xx.o(.text)
    DMA2_Channel4_IRQHandler                 0x08000293   Thumb Code     0  startup_stm32g431xx.o(.text)
    DMA2_Channel5_IRQHandler                 0x08000293   Thumb Code     0  startup_stm32g431xx.o(.text)
    DMA2_Channel6_IRQHandler                 0x08000293   Thumb Code     0  startup_stm32g431xx.o(.text)
    DMAMUX_OVR_IRQHandler                    0x08000293   Thumb Code     0  startup_stm32g431xx.o(.text)
    EXTI0_IRQHandler                         0x08000293   Thumb Code     0  startup_stm32g431xx.o(.text)
    EXTI15_10_IRQHandler                     0x08000293   Thumb Code     0  startup_stm32g431xx.o(.text)
    EXTI1_IRQHandler                         0x08000293   Thumb Code     0  startup_stm32g431xx.o(.text)
    EXTI2_IRQHandler                         0x08000293   Thumb Code     0  startup_stm32g431xx.o(.text)
    EXTI3_IRQHandler                         0x08000293   Thumb Code     0  startup_stm32g431xx.o(.text)
    EXTI4_IRQHandler                         0x08000293   Thumb Code     0  startup_stm32g431xx.o(.text)
    EXTI9_5_IRQHandler                       0x08000293   Thumb Code     0  startup_stm32g431xx.o(.text)
    FDCAN1_IT0_IRQHandler                    0x08000293   Thumb Code     0  startup_stm32g431xx.o(.text)
    FDCAN1_IT1_IRQHandler                    0x08000293   Thumb Code     0  startup_stm32g431xx.o(.text)
    FLASH_IRQHandler                         0x08000293   Thumb Code     0  startup_stm32g431xx.o(.text)
    FMAC_IRQHandler                          0x08000293   Thumb Code     0  startup_stm32g431xx.o(.text)
    FPU_IRQHandler                           0x08000293   Thumb Code     0  startup_stm32g431xx.o(.text)
    I2C1_ER_IRQHandler                       0x08000293   Thumb Code     0  startup_stm32g431xx.o(.text)
    I2C1_EV_IRQHandler                       0x08000293   Thumb Code     0  startup_stm32g431xx.o(.text)
    I2C2_ER_IRQHandler                       0x08000293   Thumb Code     0  startup_stm32g431xx.o(.text)
    I2C2_EV_IRQHandler                       0x08000293   Thumb Code     0  startup_stm32g431xx.o(.text)
    I2C3_ER_IRQHandler                       0x08000293   Thumb Code     0  startup_stm32g431xx.o(.text)
    I2C3_EV_IRQHandler                       0x08000293   Thumb Code     0  startup_stm32g431xx.o(.text)
    LPTIM1_IRQHandler                        0x08000293   Thumb Code     0  startup_stm32g431xx.o(.text)
    LPUART1_IRQHandler                       0x08000293   Thumb Code     0  startup_stm32g431xx.o(.text)
    PVD_PVM_IRQHandler                       0x08000293   Thumb Code     0  startup_stm32g431xx.o(.text)
    RCC_IRQHandler                           0x08000293   Thumb Code     0  startup_stm32g431xx.o(.text)
    RNG_IRQHandler                           0x08000293   Thumb Code     0  startup_stm32g431xx.o(.text)
    RTC_Alarm_IRQHandler                     0x08000293   Thumb Code     0  startup_stm32g431xx.o(.text)
    RTC_TAMP_LSECSS_IRQHandler               0x08000293   Thumb Code     0  startup_stm32g431xx.o(.text)
    RTC_WKUP_IRQHandler                      0x08000293   Thumb Code     0  startup_stm32g431xx.o(.text)
    SAI1_IRQHandler                          0x08000293   Thumb Code     0  startup_stm32g431xx.o(.text)
    SPI1_IRQHandler                          0x08000293   Thumb Code     0  startup_stm32g431xx.o(.text)
    SPI2_IRQHandler                          0x08000293   Thumb Code     0  startup_stm32g431xx.o(.text)
    SPI3_IRQHandler                          0x08000293   Thumb Code     0  startup_stm32g431xx.o(.text)
    TIM1_BRK_TIM15_IRQHandler                0x08000293   Thumb Code     0  startup_stm32g431xx.o(.text)
    TIM1_CC_IRQHandler                       0x08000293   Thumb Code     0  startup_stm32g431xx.o(.text)
    TIM1_TRG_COM_TIM17_IRQHandler            0x08000293   Thumb Code     0  startup_stm32g431xx.o(.text)
    TIM1_UP_TIM16_IRQHandler                 0x08000293   Thumb Code     0  startup_stm32g431xx.o(.text)
    TIM2_IRQHandler                          0x08000293   Thumb Code     0  startup_stm32g431xx.o(.text)
    TIM3_IRQHandler                          0x08000293   Thumb Code     0  startup_stm32g431xx.o(.text)
    TIM4_IRQHandler                          0x08000293   Thumb Code     0  startup_stm32g431xx.o(.text)
    TIM6_DAC_IRQHandler                      0x08000293   Thumb Code     0  startup_stm32g431xx.o(.text)
    TIM7_IRQHandler                          0x08000293   Thumb Code     0  startup_stm32g431xx.o(.text)
    TIM8_BRK_IRQHandler                      0x08000293   Thumb Code     0  startup_stm32g431xx.o(.text)
    TIM8_CC_IRQHandler                       0x08000293   Thumb Code     0  startup_stm32g431xx.o(.text)
    TIM8_TRG_COM_IRQHandler                  0x08000293   Thumb Code     0  startup_stm32g431xx.o(.text)
    TIM8_UP_IRQHandler                       0x08000293   Thumb Code     0  startup_stm32g431xx.o(.text)
    UART4_IRQHandler                         0x08000293   Thumb Code     0  startup_stm32g431xx.o(.text)
    UCPD1_IRQHandler                         0x08000293   Thumb Code     0  startup_stm32g431xx.o(.text)
    USART1_IRQHandler                        0x08000293   Thumb Code     0  startup_stm32g431xx.o(.text)
    USART2_IRQHandler                        0x08000293   Thumb Code     0  startup_stm32g431xx.o(.text)
    USART3_IRQHandler                        0x08000293   Thumb Code     0  startup_stm32g431xx.o(.text)
    USBWakeUp_IRQHandler                     0x08000293   Thumb Code     0  startup_stm32g431xx.o(.text)
    USB_HP_IRQHandler                        0x08000293   Thumb Code     0  startup_stm32g431xx.o(.text)
    USB_LP_IRQHandler                        0x08000293   Thumb Code     0  startup_stm32g431xx.o(.text)
    WWDG_IRQHandler                          0x08000293   Thumb Code     0  startup_stm32g431xx.o(.text)
    __user_initial_stackheap                 0x08000295   Thumb Code     0  startup_stm32g431xx.o(.text)
    __aeabi_memclr4                          0x080002b9   Thumb Code     0  rt_memclr_w.o(.text)
    __aeabi_memclr8                          0x080002b9   Thumb Code     0  rt_memclr_w.o(.text)
    __rt_memclr_w                            0x080002b9   Thumb Code     0  rt_memclr_w.o(.text)
    _memset_w                                0x080002bd   Thumb Code    74  rt_memclr_w.o(.text)
    __use_two_region_memory                  0x08000307   Thumb Code     2  heapauxi.o(.text)
    __rt_heap_escrow$2region                 0x08000309   Thumb Code     2  heapauxi.o(.text)
    __rt_heap_expand$2region                 0x0800030b   Thumb Code     2  heapauxi.o(.text)
    __user_setup_stackheap                   0x0800030d   Thumb Code    74  sys_stackheap_outer.o(.text)
    exit                                     0x08000357   Thumb Code    18  exit.o(.text)
    __user_libspace                          0x08000369   Thumb Code     8  libspace.o(.text)
    __user_perproc_libspace                  0x08000369   Thumb Code     0  libspace.o(.text)
    __user_perthread_libspace                0x08000369   Thumb Code     0  libspace.o(.text)
    _sys_exit                                0x08000371   Thumb Code     8  sys_exit.o(.text)
    __I$use$semihosting                      0x0800037d   Thumb Code     0  use_no_semi.o(.text)
    __use_no_semihosting_swi                 0x0800037d   Thumb Code     2  use_no_semi.o(.text)
    __semihosting_library_function           0x0800037f   Thumb Code     0  indicate_semi.o(.text)
    ADC1_2_IRQHandler                        0x08000381   Thumb Code    16  stm32g4xx_it.o(.text.ADC1_2_IRQHandler)
    ADC_Disable                              0x08000391   Thumb Code   196  stm32g4xx_hal_adc.o(.text.ADC_Disable)
    ADC_Enable                               0x08000455   Thumb Code   272  stm32g4xx_hal_adc.o(.text.ADC_Enable)
    BusFault_Handler                         0x08000565   Thumb Code     4  stm32g4xx_it.o(.text.BusFault_Handler)
    DebugMon_Handler                         0x08000569   Thumb Code     2  stm32g4xx_it.o(.text.DebugMon_Handler)
    Error_Handler                            0x0800056d   Thumb Code    14  main.o(.text.Error_Handler)
    HAL_ADCEx_Calibration_Start              0x0800057d   Thumb Code   224  stm32g4xx_hal_adc_ex.o(.text.HAL_ADCEx_Calibration_Start)
    HAL_ADCEx_EndOfSamplingCallback          0x0800065d   Thumb Code     8  stm32g4xx_hal_adc_ex.o(.text.HAL_ADCEx_EndOfSamplingCallback)
    HAL_ADCEx_InjectedConfigChannel          0x08000665   Thumb Code  2494  stm32g4xx_hal_adc_ex.o(.text.HAL_ADCEx_InjectedConfigChannel)
    HAL_ADCEx_InjectedConvCpltCallback       0x08001025   Thumb Code   252  usermain.o(.text.HAL_ADCEx_InjectedConvCpltCallback)
    HAL_ADCEx_InjectedQueueOverflowCallback  0x08001121   Thumb Code     8  stm32g4xx_hal_adc_ex.o(.text.HAL_ADCEx_InjectedQueueOverflowCallback)
    HAL_ADCEx_InjectedStart_IT               0x08001129   Thumb Code   508  stm32g4xx_hal_adc_ex.o(.text.HAL_ADCEx_InjectedStart_IT)
    HAL_ADCEx_LevelOutOfWindow2Callback      0x08001325   Thumb Code     8  stm32g4xx_hal_adc_ex.o(.text.HAL_ADCEx_LevelOutOfWindow2Callback)
    HAL_ADCEx_LevelOutOfWindow3Callback      0x0800132d   Thumb Code     8  stm32g4xx_hal_adc_ex.o(.text.HAL_ADCEx_LevelOutOfWindow3Callback)
    HAL_ADCEx_MultiModeConfigChannel         0x08001335   Thumb Code   374  stm32g4xx_hal_adc_ex.o(.text.HAL_ADCEx_MultiModeConfigChannel)
    HAL_ADC_ConvCpltCallback                 0x080014ad   Thumb Code     8  stm32g4xx_hal_adc.o(.text.HAL_ADC_ConvCpltCallback)
    HAL_ADC_ErrorCallback                    0x080014b5   Thumb Code     8  stm32g4xx_hal_adc.o(.text.HAL_ADC_ErrorCallback)
    HAL_ADC_IRQHandler                       0x080014bd   Thumb Code  1194  stm32g4xx_hal_adc.o(.text.HAL_ADC_IRQHandler)
    HAL_ADC_Init                             0x08001969   Thumb Code   792  stm32g4xx_hal_adc.o(.text.HAL_ADC_Init)
    HAL_ADC_LevelOutOfWindowCallback         0x08001c81   Thumb Code     8  stm32g4xx_hal_adc.o(.text.HAL_ADC_LevelOutOfWindowCallback)
    HAL_ADC_MspInit                          0x08001c89   Thumb Code   174  adc.o(.text.HAL_ADC_MspInit)
    HAL_GPIO_Init                            0x08001d39   Thumb Code   872  stm32g4xx_hal_gpio.o(.text.HAL_GPIO_Init)
    HAL_GetTick                              0x080020a1   Thumb Code    12  stm32g4xx_hal.o(.text.HAL_GetTick)
    HAL_IncTick                              0x080020ad   Thumb Code    26  stm32g4xx_hal.o(.text.HAL_IncTick)
    HAL_Init                                 0x080020c9   Thumb Code    48  stm32g4xx_hal.o(.text.HAL_Init)
    HAL_InitTick                             0x080020f9   Thumb Code   136  stm32g4xx_hal.o(.text.HAL_InitTick)
    HAL_MspInit                              0x08002181   Thumb Code    72  stm32g4xx_hal_msp.o(.text.HAL_MspInit)
    HAL_NVIC_EnableIRQ                       0x080021c9   Thumb Code    20  stm32g4xx_hal_cortex.o(.text.HAL_NVIC_EnableIRQ)
    HAL_NVIC_SetPriority                     0x080021dd   Thumb Code    46  stm32g4xx_hal_cortex.o(.text.HAL_NVIC_SetPriority)
    HAL_NVIC_SetPriorityGrouping             0x0800220d   Thumb Code    16  stm32g4xx_hal_cortex.o(.text.HAL_NVIC_SetPriorityGrouping)
    HAL_PWREx_ControlVoltageScaling          0x0800221d   Thumb Code   436  stm32g4xx_hal_pwr_ex.o(.text.HAL_PWREx_ControlVoltageScaling)
    HAL_PWREx_DisableUCPDDeadBattery         0x080023d1   Thumb Code    18  stm32g4xx_hal_pwr_ex.o(.text.HAL_PWREx_DisableUCPDDeadBattery)
    HAL_RCCEx_PeriphCLKConfig                0x080023e5   Thumb Code  1114  stm32g4xx_hal_rcc_ex.o(.text.HAL_RCCEx_PeriphCLKConfig)
    HAL_RCC_ClockConfig                      0x08002841   Thumb Code   806  stm32g4xx_hal_rcc.o(.text.HAL_RCC_ClockConfig)
    HAL_RCC_GetSysClockFreq                  0x08002b69   Thumb Code   252  stm32g4xx_hal_rcc.o(.text.HAL_RCC_GetSysClockFreq)
    HAL_RCC_OscConfig                        0x08002c65   Thumb Code  1974  stm32g4xx_hal_rcc.o(.text.HAL_RCC_OscConfig)
    HAL_SYSTICK_Config                       0x0800341d   Thumb Code    16  stm32g4xx_hal_cortex.o(.text.HAL_SYSTICK_Config)
    HAL_TIMEx_ConfigBreakDeadTime            0x0800342d   Thumb Code   304  stm32g4xx_hal_tim_ex.o(.text.HAL_TIMEx_ConfigBreakDeadTime)
    HAL_TIMEx_MasterConfigSynchronization    0x0800355d   Thumb Code   318  stm32g4xx_hal_tim_ex.o(.text.HAL_TIMEx_MasterConfigSynchronization)
    HAL_TIM_Base_Init                        0x0800369d   Thumb Code   168  stm32g4xx_hal_tim.o(.text.HAL_TIM_Base_Init)
    HAL_TIM_Base_MspInit                     0x08003745   Thumb Code    58  tim.o(.text.HAL_TIM_Base_MspInit)
    HAL_TIM_Base_Start                       0x08003781   Thumb Code   214  stm32g4xx_hal_tim.o(.text.HAL_TIM_Base_Start)
    HAL_TIM_ConfigClockSource                0x08003859   Thumb Code   468  stm32g4xx_hal_tim.o(.text.HAL_TIM_ConfigClockSource)
    HAL_TIM_MspPostInit                      0x08003a2d   Thumb Code   102  tim.o(.text.HAL_TIM_MspPostInit)
    HAL_TIM_PWM_ConfigChannel                0x08003a95   Thumb Code   432  stm32g4xx_hal_tim.o(.text.HAL_TIM_PWM_ConfigChannel)
    HAL_TIM_PWM_Init                         0x08003c45   Thumb Code   168  stm32g4xx_hal_tim.o(.text.HAL_TIM_PWM_Init)
    HAL_TIM_PWM_MspInit                      0x08003ced   Thumb Code     8  stm32g4xx_hal_tim.o(.text.HAL_TIM_PWM_MspInit)
    HAL_TIM_PWM_Start                        0x08003cf5   Thumb Code   606  stm32g4xx_hal_tim.o(.text.HAL_TIM_PWM_Start)
    HardFault_Handler                        0x08003f55   Thumb Code     4  stm32g4xx_it.o(.text.HardFault_Handler)
    MX_ADC1_Init                             0x080042d1   Thumb Code   204  adc.o(.text.MX_ADC1_Init)
    MX_GPIO_Init                             0x0800439d   Thumb Code    96  gpio.o(.text.MX_GPIO_Init)
    MX_TIM1_Init                             0x080043fd   Thumb Code   310  tim.o(.text.MX_TIM1_Init)
    MemManage_Handler                        0x08004535   Thumb Code     4  stm32g4xx_it.o(.text.MemManage_Handler)
    NMI_Handler                              0x08004539   Thumb Code     4  stm32g4xx_it.o(.text.NMI_Handler)
    PID_Calc                                 0x080045a9   Thumb Code   280  my_math.o(.text.PID_Calc)
    PendSV_Handler                           0x080046c1   Thumb Code     2  stm32g4xx_it.o(.text.PendSV_Handler)
    SVC_Handler                              0x08004761   Thumb Code     2  stm32g4xx_it.o(.text.SVC_Handler)
    SysTick_Handler                          0x080047b9   Thumb Code     8  stm32g4xx_it.o(.text.SysTick_Handler)
    SystemClock_Config                       0x080047c1   Thumb Code   116  main.o(.text.SystemClock_Config)
    SystemInit                               0x08004835   Thumb Code    18  system_stm32g4xx.o(.text.SystemInit)
    TIM_Base_SetConfig                       0x08004849   Thumb Code   406  stm32g4xx_hal_tim.o(.text.TIM_Base_SetConfig)
    TIM_CCxChannelCmd                        0x080049e1   Thumb Code    54  stm32g4xx_hal_tim.o(.text.TIM_CCxChannelCmd)
    TIM_ETR_SetConfig                        0x08004a19   Thumb Code    52  stm32g4xx_hal_tim.o(.text.TIM_ETR_SetConfig)
    TIM_OC2_SetConfig                        0x08004bd1   Thumb Code   368  stm32g4xx_hal_tim.o(.text.TIM_OC2_SetConfig)
    UsageFault_Handler                       0x0800526d   Thumb Code     4  stm32g4xx_it.o(.text.UsageFault_Handler)
    main                                     0x08005411   Thumb Code    36  main.o(.text.main)
    usermain                                 0x08005435   Thumb Code    10  usermain.o(.text.usermain)
    _fp_init                                 0x0800543f   Thumb Code    26  fpinit.o(x$fpl$fpinit)
    __fplib_config_fpu_vfp                   0x08005457   Thumb Code     0  fpinit.o(x$fpl$fpinit)
    __fplib_config_pureend_doubles           0x08005457   Thumb Code     0  fpinit.o(x$fpl$fpinit)
    AHBPrescTable                            0x08005458   Data          16  system_stm32g4xx.o(.rodata.AHBPrescTable)
    Region$$Table$$Base                      0x08005468   Number         0  anon$$obj.o(Region$$Table)
    Region$$Table$$Limit                     0x08005488   Number         0  anon$$obj.o(Region$$Table)
    SystemCoreClock                          0x20000000   Data           4  system_stm32g4xx.o(.data.SystemCoreClock)
    system_sample_time                       0x20000004   Data           4  usermain.o(.data.system_sample_time)
    uwTickFreq                               0x20000008   Data           4  stm32g4xx_hal.o(.data.uwTickFreq)
    uwTickPrio                               0x2000000c   Data           4  stm32g4xx_hal.o(.data.uwTickPrio)
    __libspace_start                         0x20000010   Data          96  libspace.o(.bss)
    __temporary_stack_top$libspace           0x20000070   Data           0  libspace.o(.bss)
    adc_uout_offset                          0x2000007c   Data           4  usermain.o(.bss.adc_uout_offset)
    hadc1                                    0x20000080   Data         108  adc.o(.bss.hadc1)
    htim1                                    0x200000ec   Data          76  tim.o(.bss.htim1)
    system_enable                            0x20000138   Data           1  usermain.o(.bss.system_enable)
    system_sample_flag                       0x20000139   Data           1  usermain.o(.bss.system_sample_flag)
    u_out                                    0x2000013c   Data           4  usermain.o(.bss.u_out)
    u_out_ref                                0x20000140   Data           4  usermain.o(.bss.u_out_ref)
    u_pid                                    0x20000144   Data          44  usermain.o(.bss.u_pid)
    uwTick                                   0x20000170   Data           4  stm32g4xx_hal.o(.bss.uwTick)



==============================================================================

Memory Map of the image

  Image Entry point : 0x080001d9

  Load Region LR_IROM1 (Base: 0x08000000, Size: 0x00005498, Max: 0x00020000, ABSOLUTE)

    Execution Region ER_IROM1 (Exec base: 0x08000000, Load base: 0x08000000, Size: 0x00005488, Max: 0x00020000, ABSOLUTE)

    Exec Addr    Load Addr    Size         Type   Attr      Idx    E Section Name        Object

    0x08000000   0x08000000   0x000001d8   Data   RO            3    RESET               startup_stm32g431xx.o
    0x080001d8   0x080001d8   0x00000008   Code   RO         1392  * !!!main             c_w.l(__main.o)
    0x080001e0   0x080001e0   0x00000034   Code   RO         1555    !!!scatter          c_w.l(__scatter.o)
    0x08000214   0x08000214   0x0000001a   Code   RO         1557    !!handler_copy      c_w.l(__scatter_copy.o)
    0x0800022e   0x0800022e   0x00000002   PAD
    0x08000230   0x08000230   0x0000001c   Code   RO         1559    !!handler_zi        c_w.l(__scatter_zi.o)
    0x0800024c   0x0800024c   0x00000002   Code   RO         1419    .ARM.Collect$$libinit$$00000000  c_w.l(libinit.o)
    0x0800024e   0x0800024e   0x00000004   Code   RO         1425    .ARM.Collect$$libinit$$00000001  c_w.l(libinit2.o)
    0x08000252   0x08000252   0x00000000   Code   RO         1428    .ARM.Collect$$libinit$$00000004  c_w.l(libinit2.o)
    0x08000252   0x08000252   0x00000000   Code   RO         1431    .ARM.Collect$$libinit$$0000000A  c_w.l(libinit2.o)
    0x08000252   0x08000252   0x00000000   Code   RO         1433    .ARM.Collect$$libinit$$0000000C  c_w.l(libinit2.o)
    0x08000252   0x08000252   0x00000000   Code   RO         1435    .ARM.Collect$$libinit$$0000000E  c_w.l(libinit2.o)
    0x08000252   0x08000252   0x00000000   Code   RO         1438    .ARM.Collect$$libinit$$00000011  c_w.l(libinit2.o)
    0x08000252   0x08000252   0x00000000   Code   RO         1440    .ARM.Collect$$libinit$$00000013  c_w.l(libinit2.o)
    0x08000252   0x08000252   0x00000000   Code   RO         1442    .ARM.Collect$$libinit$$00000015  c_w.l(libinit2.o)
    0x08000252   0x08000252   0x00000000   Code   RO         1444    .ARM.Collect$$libinit$$00000017  c_w.l(libinit2.o)
    0x08000252   0x08000252   0x00000000   Code   RO         1446    .ARM.Collect$$libinit$$00000019  c_w.l(libinit2.o)
    0x08000252   0x08000252   0x00000000   Code   RO         1448    .ARM.Collect$$libinit$$0000001B  c_w.l(libinit2.o)
    0x08000252   0x08000252   0x00000000   Code   RO         1450    .ARM.Collect$$libinit$$0000001D  c_w.l(libinit2.o)
    0x08000252   0x08000252   0x00000000   Code   RO         1452    .ARM.Collect$$libinit$$0000001F  c_w.l(libinit2.o)
    0x08000252   0x08000252   0x00000000   Code   RO         1454    .ARM.Collect$$libinit$$00000021  c_w.l(libinit2.o)
    0x08000252   0x08000252   0x00000000   Code   RO         1456    .ARM.Collect$$libinit$$00000023  c_w.l(libinit2.o)
    0x08000252   0x08000252   0x00000000   Code   RO         1458    .ARM.Collect$$libinit$$00000025  c_w.l(libinit2.o)
    0x08000252   0x08000252   0x00000000   Code   RO         1462    .ARM.Collect$$libinit$$0000002C  c_w.l(libinit2.o)
    0x08000252   0x08000252   0x00000000   Code   RO         1464    .ARM.Collect$$libinit$$0000002E  c_w.l(libinit2.o)
    0x08000252   0x08000252   0x00000000   Code   RO         1466    .ARM.Collect$$libinit$$00000030  c_w.l(libinit2.o)
    0x08000252   0x08000252   0x00000000   Code   RO         1468    .ARM.Collect$$libinit$$00000032  c_w.l(libinit2.o)
    0x08000252   0x08000252   0x00000002   Code   RO         1469    .ARM.Collect$$libinit$$00000033  c_w.l(libinit2.o)
    0x08000254   0x08000254   0x00000002   Code   RO         1491    .ARM.Collect$$libshutdown$$00000000  c_w.l(libshutdown.o)
    0x08000256   0x08000256   0x00000000   Code   RO         1506    .ARM.Collect$$libshutdown$$00000002  c_w.l(libshutdown2.o)
    0x08000256   0x08000256   0x00000000   Code   RO         1508    .ARM.Collect$$libshutdown$$00000004  c_w.l(libshutdown2.o)
    0x08000256   0x08000256   0x00000000   Code   RO         1511    .ARM.Collect$$libshutdown$$00000007  c_w.l(libshutdown2.o)
    0x08000256   0x08000256   0x00000000   Code   RO         1514    .ARM.Collect$$libshutdown$$0000000A  c_w.l(libshutdown2.o)
    0x08000256   0x08000256   0x00000000   Code   RO         1516    .ARM.Collect$$libshutdown$$0000000C  c_w.l(libshutdown2.o)
    0x08000256   0x08000256   0x00000000   Code   RO         1519    .ARM.Collect$$libshutdown$$0000000F  c_w.l(libshutdown2.o)
    0x08000256   0x08000256   0x00000002   Code   RO         1520    .ARM.Collect$$libshutdown$$00000010  c_w.l(libshutdown2.o)
    0x08000258   0x08000258   0x00000000   Code   RO         1394    .ARM.Collect$$rtentry$$00000000  c_w.l(__rtentry.o)
    0x08000258   0x08000258   0x00000000   Code   RO         1396    .ARM.Collect$$rtentry$$00000002  c_w.l(__rtentry2.o)
    0x08000258   0x08000258   0x00000006   Code   RO         1408    .ARM.Collect$$rtentry$$00000004  c_w.l(__rtentry4.o)
    0x0800025e   0x0800025e   0x00000000   Code   RO         1398    .ARM.Collect$$rtentry$$00000009  c_w.l(__rtentry2.o)
    0x0800025e   0x0800025e   0x00000004   Code   RO         1399    .ARM.Collect$$rtentry$$0000000A  c_w.l(__rtentry2.o)
    0x08000262   0x08000262   0x00000000   Code   RO         1401    .ARM.Collect$$rtentry$$0000000C  c_w.l(__rtentry2.o)
    0x08000262   0x08000262   0x00000008   Code   RO         1402    .ARM.Collect$$rtentry$$0000000D  c_w.l(__rtentry2.o)
    0x0800026a   0x0800026a   0x00000002   Code   RO         1423    .ARM.Collect$$rtexit$$00000000  c_w.l(rtexit.o)
    0x0800026c   0x0800026c   0x00000000   Code   RO         1471    .ARM.Collect$$rtexit$$00000002  c_w.l(rtexit2.o)
    0x0800026c   0x0800026c   0x00000004   Code   RO         1472    .ARM.Collect$$rtexit$$00000003  c_w.l(rtexit2.o)
    0x08000270   0x08000270   0x00000006   Code   RO         1473    .ARM.Collect$$rtexit$$00000004  c_w.l(rtexit2.o)
    0x08000276   0x08000276   0x00000002   PAD
    0x08000278   0x08000278   0x00000040   Code   RO            4    .text               startup_stm32g431xx.o
    0x080002b8   0x080002b8   0x0000004e   Code   RO         1388    .text               c_w.l(rt_memclr_w.o)
    0x08000306   0x08000306   0x00000006   Code   RO         1390    .text               c_w.l(heapauxi.o)
    0x0800030c   0x0800030c   0x0000004a   Code   RO         1410    .text               c_w.l(sys_stackheap_outer.o)
    0x08000356   0x08000356   0x00000012   Code   RO         1412    .text               c_w.l(exit.o)
    0x08000368   0x08000368   0x00000008   Code   RO         1420    .text               c_w.l(libspace.o)
    0x08000370   0x08000370   0x0000000c   Code   RO         1481    .text               c_w.l(sys_exit.o)
    0x0800037c   0x0800037c   0x00000002   Code   RO         1496    .text               c_w.l(use_no_semi.o)
    0x0800037e   0x0800037e   0x00000000   Code   RO         1498    .text               c_w.l(indicate_semi.o)
    0x0800037e   0x0800037e   0x00000002   PAD
    0x08000380   0x08000380   0x00000010   Code   RO           81    .text.ADC1_2_IRQHandler  stm32g4xx_it.o
    0x08000390   0x08000390   0x000000c4   Code   RO          122    .text.ADC_Disable   stm32g4xx_hal_adc.o
    0x08000454   0x08000454   0x00000110   Code   RO          130    .text.ADC_Enable    stm32g4xx_hal_adc.o
    0x08000564   0x08000564   0x00000004   Code   RO           69    .text.BusFault_Handler  stm32g4xx_it.o
    0x08000568   0x08000568   0x00000002   Code   RO           75    .text.DebugMon_Handler  stm32g4xx_it.o
    0x0800056a   0x0800056a   0x00000002   PAD
    0x0800056c   0x0800056c   0x0000000e   Code   RO           15    .text.Error_Handler  main.o
    0x0800057a   0x0800057a   0x00000002   PAD
    0x0800057c   0x0800057c   0x000000e0   Code   RO          245    .text.HAL_ADCEx_Calibration_Start  stm32g4xx_hal_adc_ex.o
    0x0800065c   0x0800065c   0x00000008   Code   RO          303    .text.HAL_ADCEx_EndOfSamplingCallback  stm32g4xx_hal_adc_ex.o
    0x08000664   0x08000664   0x000009be   Code   RO          313    .text.HAL_ADCEx_InjectedConfigChannel  stm32g4xx_hal_adc_ex.o
    0x08001022   0x08001022   0x00000002   PAD
    0x08001024   0x08001024   0x000000fc   Code   RO         1334    .text.HAL_ADCEx_InjectedConvCpltCallback  usermain.o
    0x08001120   0x08001120   0x00000008   Code   RO          297    .text.HAL_ADCEx_InjectedQueueOverflowCallback  stm32g4xx_hal_adc_ex.o
    0x08001128   0x08001128   0x000001fc   Code   RO          281    .text.HAL_ADCEx_InjectedStart_IT  stm32g4xx_hal_adc_ex.o
    0x08001324   0x08001324   0x00000008   Code   RO          299    .text.HAL_ADCEx_LevelOutOfWindow2Callback  stm32g4xx_hal_adc_ex.o
    0x0800132c   0x0800132c   0x00000008   Code   RO          301    .text.HAL_ADCEx_LevelOutOfWindow3Callback  stm32g4xx_hal_adc_ex.o
    0x08001334   0x08001334   0x00000176   Code   RO          335    .text.HAL_ADCEx_MultiModeConfigChannel  stm32g4xx_hal_adc_ex.o
    0x080014aa   0x080014aa   0x00000002   PAD
    0x080014ac   0x080014ac   0x00000008   Code   RO          166    .text.HAL_ADC_ConvCpltCallback  stm32g4xx_hal_adc.o
    0x080014b4   0x080014b4   0x00000008   Code   RO          172    .text.HAL_ADC_ErrorCallback  stm32g4xx_hal_adc.o
    0x080014bc   0x080014bc   0x000004aa   Code   RO          164    .text.HAL_ADC_IRQHandler  stm32g4xx_hal_adc.o
    0x08001966   0x08001966   0x00000002   PAD
    0x08001968   0x08001968   0x00000318   Code   RO           98    .text.HAL_ADC_Init  stm32g4xx_hal_adc.o
    0x08001c80   0x08001c80   0x00000008   Code   RO          170    .text.HAL_ADC_LevelOutOfWindowCallback  stm32g4xx_hal_adc.o
    0x08001c88   0x08001c88   0x000000ae   Code   RO           35    .text.HAL_ADC_MspInit  adc.o
    0x08001d36   0x08001d36   0x00000002   PAD
    0x08001d38   0x08001d38   0x00000368   Code   RO          627    .text.HAL_GPIO_Init  stm32g4xx_hal_gpio.o
    0x080020a0   0x080020a0   0x0000000c   Code   RO          371    .text.HAL_GetTick   stm32g4xx_hal.o
    0x080020ac   0x080020ac   0x0000001a   Code   RO          369    .text.HAL_IncTick   stm32g4xx_hal.o
    0x080020c6   0x080020c6   0x00000002   PAD
    0x080020c8   0x080020c8   0x00000030   Code   RO          359    .text.HAL_Init      stm32g4xx_hal.o
    0x080020f8   0x080020f8   0x00000088   Code   RO          361    .text.HAL_InitTick  stm32g4xx_hal.o
    0x08002180   0x08002180   0x00000048   Code   RO           90    .text.HAL_MspInit   stm32g4xx_hal_msp.o
    0x080021c8   0x080021c8   0x00000014   Code   RO          861    .text.HAL_NVIC_EnableIRQ  stm32g4xx_hal_cortex.o
    0x080021dc   0x080021dc   0x0000002e   Code   RO          853    .text.HAL_NVIC_SetPriority  stm32g4xx_hal_cortex.o
    0x0800220a   0x0800220a   0x00000002   PAD
    0x0800220c   0x0800220c   0x00000010   Code   RO          849    .text.HAL_NVIC_SetPriorityGrouping  stm32g4xx_hal_cortex.o
    0x0800221c   0x0800221c   0x000001b4   Code   RO          770    .text.HAL_PWREx_ControlVoltageScaling  stm32g4xx_hal_pwr_ex.o
    0x080023d0   0x080023d0   0x00000012   Code   RO          840    .text.HAL_PWREx_DisableUCPDDeadBattery  stm32g4xx_hal_pwr_ex.o
    0x080023e2   0x080023e2   0x00000002   PAD
    0x080023e4   0x080023e4   0x0000045a   Code   RO          484    .text.HAL_RCCEx_PeriphCLKConfig  stm32g4xx_hal_rcc_ex.o
    0x0800283e   0x0800283e   0x00000002   PAD
    0x08002840   0x08002840   0x00000326   Code   RO          449    .text.HAL_RCC_ClockConfig  stm32g4xx_hal_rcc.o
    0x08002b66   0x08002b66   0x00000002   PAD
    0x08002b68   0x08002b68   0x000000fc   Code   RO          453    .text.HAL_RCC_GetSysClockFreq  stm32g4xx_hal_rcc.o
    0x08002c64   0x08002c64   0x000007b6   Code   RO          447    .text.HAL_RCC_OscConfig  stm32g4xx_hal_rcc.o
    0x0800341a   0x0800341a   0x00000002   PAD
    0x0800341c   0x0800341c   0x00000010   Code   RO          873    .text.HAL_SYSTICK_Config  stm32g4xx_hal_cortex.o
    0x0800342c   0x0800342c   0x00000130   Code   RO         1243    .text.HAL_TIMEx_ConfigBreakDeadTime  stm32g4xx_hal_tim_ex.o
    0x0800355c   0x0800355c   0x0000013e   Code   RO         1241    .text.HAL_TIMEx_MasterConfigSynchronization  stm32g4xx_hal_tim_ex.o
    0x0800369a   0x0800369a   0x00000002   PAD
    0x0800369c   0x0800369c   0x000000a8   Code   RO          924    .text.HAL_TIM_Base_Init  stm32g4xx_hal_tim.o
    0x08003744   0x08003744   0x0000003a   Code   RO           51    .text.HAL_TIM_Base_MspInit  tim.o
    0x0800377e   0x0800377e   0x00000002   PAD
    0x08003780   0x08003780   0x000000d6   Code   RO          934    .text.HAL_TIM_Base_Start  stm32g4xx_hal_tim.o
    0x08003856   0x08003856   0x00000002   PAD
    0x08003858   0x08003858   0x000001d4   Code   RO         1120    .text.HAL_TIM_ConfigClockSource  stm32g4xx_hal_tim.o
    0x08003a2c   0x08003a2c   0x00000066   Code   RO           49    .text.HAL_TIM_MspPostInit  tim.o
    0x08003a92   0x08003a92   0x00000002   PAD
    0x08003a94   0x08003a94   0x000001b0   Code   RO         1094    .text.HAL_TIM_PWM_ConfigChannel  stm32g4xx_hal_tim.o
    0x08003c44   0x08003c44   0x000000a8   Code   RO          978    .text.HAL_TIM_PWM_Init  stm32g4xx_hal_tim.o
    0x08003cec   0x08003cec   0x00000008   Code   RO          980    .text.HAL_TIM_PWM_MspInit  stm32g4xx_hal_tim.o
    0x08003cf4   0x08003cf4   0x0000025e   Code   RO          986    .text.HAL_TIM_PWM_Start  stm32g4xx_hal_tim.o
    0x08003f52   0x08003f52   0x00000002   PAD
    0x08003f54   0x08003f54   0x00000004   Code   RO           65    .text.HardFault_Handler  stm32g4xx_it.o
    0x08003f58   0x08003f58   0x0000001c   Code   RO          236    .text.LL_ADC_Disable  stm32g4xx_hal_adc.o
    0x08003f74   0x08003f74   0x00000018   Code   RO          104    .text.LL_ADC_DisableDeepPowerDown  stm32g4xx_hal_adc.o
    0x08003f8c   0x08003f8c   0x0000001c   Code   RO          234    .text.LL_ADC_Enable  stm32g4xx_hal_adc.o
    0x08003fa8   0x08003fa8   0x0000001e   Code   RO          108    .text.LL_ADC_EnableInternalRegulator  stm32g4xx_hal_adc.o
    0x08003fc6   0x08003fc6   0x00000002   PAD
    0x08003fc8   0x08003fc8   0x00000010   Code   RO          196    .text.LL_ADC_GetCommonPathInternalCh  stm32g4xx_hal_adc.o
    0x08003fd8   0x08003fd8   0x00000010   Code   RO          331    .text.LL_ADC_GetCommonPathInternalCh  stm32g4xx_hal_adc_ex.o
    0x08003fe8   0x08003fe8   0x00000010   Code   RO          138    .text.LL_ADC_GetMultiDMATransfer  stm32g4xx_hal_adc.o
    0x08003ff8   0x08003ff8   0x00000010   Code   RO          128    .text.LL_ADC_GetMultimode  stm32g4xx_hal_adc.o
    0x08004008   0x08004008   0x00000010   Code   RO          267    .text.LL_ADC_GetMultimode  stm32g4xx_hal_adc_ex.o
    0x08004018   0x08004018   0x0000001e   Code   RO          325    .text.LL_ADC_GetOffsetChannel  stm32g4xx_hal_adc_ex.o
    0x08004036   0x08004036   0x00000002   PAD
    0x08004038   0x08004038   0x00000010   Code   RO          269    .text.LL_ADC_INJ_GetTrigAuto  stm32g4xx_hal_adc_ex.o
    0x08004048   0x08004048   0x00000010   Code   RO          116    .text.LL_ADC_INJ_IsConversionOngoing  stm32g4xx_hal_adc.o
    0x08004058   0x08004058   0x00000010   Code   RO          259    .text.LL_ADC_INJ_IsConversionOngoing  stm32g4xx_hal_adc_ex.o
    0x08004068   0x08004068   0x00000016   Code   RO          168    .text.LL_ADC_INJ_IsTriggerSourceSWStart  stm32g4xx_hal_adc.o
    0x0800407e   0x0800407e   0x00000002   PAD
    0x08004080   0x08004080   0x0000001c   Code   RO          271    .text.LL_ADC_INJ_StartConversion  stm32g4xx_hal_adc_ex.o
    0x0800409c   0x0800409c   0x0000000e   Code   RO          249    .text.LL_ADC_IsCalibrationOnGoing  stm32g4xx_hal_adc_ex.o
    0x080040aa   0x080040aa   0x00000002   PAD
    0x080040ac   0x080040ac   0x00000010   Code   RO          102    .text.LL_ADC_IsDeepPowerDownEnabled  stm32g4xx_hal_adc.o
    0x080040bc   0x080040bc   0x00000010   Code   RO          228    .text.LL_ADC_IsDisableOngoing  stm32g4xx_hal_adc.o
    0x080040cc   0x080040cc   0x00000010   Code   RO          112    .text.LL_ADC_IsEnabled  stm32g4xx_hal_adc.o
    0x080040dc   0x080040dc   0x00000010   Code   RO          261    .text.LL_ADC_IsEnabled  stm32g4xx_hal_adc_ex.o
    0x080040ec   0x080040ec   0x00000010   Code   RO          106    .text.LL_ADC_IsInternalRegulatorEnabled  stm32g4xx_hal_adc.o
    0x080040fc   0x080040fc   0x00000010   Code   RO          110    .text.LL_ADC_REG_IsConversionOngoing  stm32g4xx_hal_adc.o
    0x0800410c   0x0800410c   0x00000010   Code   RO          257    .text.LL_ADC_REG_IsConversionOngoing  stm32g4xx_hal_adc_ex.o
    0x0800411c   0x0800411c   0x00000016   Code   RO          140    .text.LL_ADC_REG_IsTriggerSourceSWStart  stm32g4xx_hal_adc.o
    0x08004132   0x08004132   0x00000002   PAD
    0x08004134   0x08004134   0x00000036   Code   RO          315    .text.LL_ADC_SetChannelSamplingTime  stm32g4xx_hal_adc_ex.o
    0x0800416a   0x0800416a   0x00000002   PAD
    0x0800416c   0x0800416c   0x00000034   Code   RO          329    .text.LL_ADC_SetChannelSingleDiff  stm32g4xx_hal_adc_ex.o
    0x080041a0   0x080041a0   0x0000001a   Code   RO          114    .text.LL_ADC_SetCommonClock  stm32g4xx_hal_adc.o
    0x080041ba   0x080041ba   0x00000002   PAD
    0x080041bc   0x080041bc   0x0000001a   Code   RO          333    .text.LL_ADC_SetCommonPathInternalCh  stm32g4xx_hal_adc_ex.o
    0x080041d6   0x080041d6   0x00000002   PAD
    0x080041d8   0x080041d8   0x0000003c   Code   RO          319    .text.LL_ADC_SetOffset  stm32g4xx_hal_adc_ex.o
    0x08004214   0x08004214   0x00000028   Code   RO          323    .text.LL_ADC_SetOffsetSaturation  stm32g4xx_hal_adc_ex.o
    0x0800423c   0x0800423c   0x00000028   Code   RO          321    .text.LL_ADC_SetOffsetSign  stm32g4xx_hal_adc_ex.o
    0x08004264   0x08004264   0x00000028   Code   RO          327    .text.LL_ADC_SetOffsetState  stm32g4xx_hal_adc_ex.o
    0x0800428c   0x0800428c   0x0000001a   Code   RO          317    .text.LL_ADC_SetSamplingTimeCommonConfig  stm32g4xx_hal_adc_ex.o
    0x080042a6   0x080042a6   0x00000002   PAD
    0x080042a8   0x080042a8   0x00000028   Code   RO          247    .text.LL_ADC_StartCalibration  stm32g4xx_hal_adc_ex.o
    0x080042d0   0x080042d0   0x000000cc   Code   RO           33    .text.MX_ADC1_Init  adc.o
    0x0800439c   0x0800439c   0x00000060   Code   RO           25    .text.MX_GPIO_Init  gpio.o
    0x080043fc   0x080043fc   0x00000136   Code   RO           47    .text.MX_TIM1_Init  tim.o
    0x08004532   0x08004532   0x00000002   PAD
    0x08004534   0x08004534   0x00000004   Code   RO           67    .text.MemManage_Handler  stm32g4xx_it.o
    0x08004538   0x08004538   0x00000004   Code   RO           63    .text.NMI_Handler   stm32g4xx_it.o
    0x0800453c   0x0800453c   0x0000006c   Code   RO          859    .text.NVIC_EncodePriority  stm32g4xx_hal_cortex.o
    0x080045a8   0x080045a8   0x00000118   Code   RO         1373    .text.PID_Calc      my_math.o
    0x080046c0   0x080046c0   0x00000002   Code   RO           77    .text.PendSV_Handler  stm32g4xx_it.o
    0x080046c2   0x080046c2   0x00000002   PAD
    0x080046c4   0x080046c4   0x0000009c   Code   RO          451    .text.RCC_GetSysClockFreqFromPLLSource  stm32g4xx_hal_rcc.o
    0x08004760   0x08004760   0x00000002   Code   RO           73    .text.SVC_Handler   stm32g4xx_it.o
    0x08004762   0x08004762   0x00000002   PAD
    0x08004764   0x08004764   0x00000052   Code   RO          875    .text.SysTick_Config  stm32g4xx_hal_cortex.o
    0x080047b6   0x080047b6   0x00000002   PAD
    0x080047b8   0x080047b8   0x00000008   Code   RO           79    .text.SysTick_Handler  stm32g4xx_it.o
    0x080047c0   0x080047c0   0x00000074   Code   RO           13    .text.SystemClock_Config  main.o
    0x08004834   0x08004834   0x00000012   Code   RO         1318    .text.SystemInit    system_stm32g4xx.o
    0x08004846   0x08004846   0x00000002   PAD
    0x08004848   0x08004848   0x00000196   Code   RO          928    .text.TIM_Base_SetConfig  stm32g4xx_hal_tim.o
    0x080049de   0x080049de   0x00000002   PAD
    0x080049e0   0x080049e0   0x00000036   Code   RO          962    .text.TIM_CCxChannelCmd  stm32g4xx_hal_tim.o
    0x08004a16   0x08004a16   0x00000002   PAD
    0x08004a18   0x08004a18   0x00000034   Code   RO         1118    .text.TIM_ETR_SetConfig  stm32g4xx_hal_tim.o
    0x08004a4c   0x08004a4c   0x00000030   Code   RO         1124    .text.TIM_ITRx_SetConfig  stm32g4xx_hal_tim.o
    0x08004a7c   0x08004a7c   0x00000154   Code   RO         1072    .text.TIM_OC1_SetConfig  stm32g4xx_hal_tim.o
    0x08004bd0   0x08004bd0   0x00000170   Code   RO         1074    .text.TIM_OC2_SetConfig  stm32g4xx_hal_tim.o
    0x08004d40   0x08004d40   0x0000016e   Code   RO         1076    .text.TIM_OC3_SetConfig  stm32g4xx_hal_tim.o
    0x08004eae   0x08004eae   0x00000002   PAD
    0x08004eb0   0x08004eb0   0x00000170   Code   RO         1078    .text.TIM_OC4_SetConfig  stm32g4xx_hal_tim.o
    0x08005020   0x08005020   0x000000d2   Code   RO         1080    .text.TIM_OC5_SetConfig  stm32g4xx_hal_tim.o
    0x080050f2   0x080050f2   0x00000002   PAD
    0x080050f4   0x080050f4   0x000000d4   Code   RO         1082    .text.TIM_OC6_SetConfig  stm32g4xx_hal_tim.o
    0x080051c8   0x080051c8   0x00000050   Code   RO         1122    .text.TIM_TI1_ConfigInputStage  stm32g4xx_hal_tim.o
    0x08005218   0x08005218   0x00000052   Code   RO         1126    .text.TIM_TI2_ConfigInputStage  stm32g4xx_hal_tim.o
    0x0800526a   0x0800526a   0x00000002   PAD
    0x0800526c   0x0800526c   0x00000004   Code   RO           71    .text.UsageFault_Handler  stm32g4xx_it.o
    0x08005270   0x08005270   0x00000030   Code   RO          863    .text.__NVIC_EnableIRQ  stm32g4xx_hal_cortex.o
    0x080052a0   0x080052a0   0x00000010   Code   RO          855    .text.__NVIC_GetPriorityGrouping  stm32g4xx_hal_cortex.o
    0x080052b0   0x080052b0   0x00000042   Code   RO          857    .text.__NVIC_SetPriority  stm32g4xx_hal_cortex.o
    0x080052f2   0x080052f2   0x00000002   PAD
    0x080052f4   0x080052f4   0x0000003c   Code   RO          851    .text.__NVIC_SetPriorityGrouping  stm32g4xx_hal_cortex.o
    0x08005330   0x08005330   0x0000006e   Code   RO         1336    .text.control       usermain.o
    0x0800539e   0x0800539e   0x00000002   PAD
    0x080053a0   0x080053a0   0x0000006e   Code   RO         1338    .text.init          usermain.o
    0x0800540e   0x0800540e   0x00000002   PAD
    0x08005410   0x08005410   0x00000024   Code   RO           11    .text.main          main.o
    0x08005434   0x08005434   0x0000000a   Code   RO         1332    .text.usermain      usermain.o
    0x0800543e   0x0800543e   0x0000001a   Code   RO         1479    x$fpl$fpinit        fz_wm.l(fpinit.o)
    0x08005458   0x08005458   0x00000010   Data   RO         1323    .rodata.AHBPrescTable  system_stm32g4xx.o
    0x08005468   0x08005468   0x00000020   Data   RO         1554    Region$$Table       anon$$obj.o


    Execution Region RW_IRAM1 (Exec base: 0x20000000, Load base: 0x08005488, Size: 0x00000778, Max: 0x00008000, ABSOLUTE)

    Exec Addr    Load Addr    Size         Type   Attr      Idx    E Section Name        Object

    0x20000000   0x08005488   0x00000004   Data   RW         1322    .data.SystemCoreClock  system_stm32g4xx.o
    0x20000004   0x0800548c   0x00000004   Data   RW         1342    .data.system_sample_time  usermain.o
    0x20000008   0x08005490   0x00000004   Data   RW          436    .data.uwTickFreq    stm32g4xx_hal.o
    0x2000000c   0x08005494   0x00000004   Data   RW          435    .data.uwTickPrio    stm32g4xx_hal.o
    0x20000010        -       0x00000060   Zero   RW         1421    .bss                c_w.l(libspace.o)
    0x20000070        -       0x00000004   Zero   RW         1345    .bss.HAL_ADCEx_InjectedConvCpltCallback.adc_cnt  usermain.o
    0x20000074        -       0x00000004   Zero   RW         1347    .bss.HAL_ADCEx_InjectedConvCpltCallback.adc_uout  usermain.o
    0x20000078        -       0x00000004   Zero   RW         1346    .bss.HAL_ADCEx_InjectedConvCpltCallback.adc_uout_offset_sum  usermain.o
    0x2000007c        -       0x00000004   Zero   RW         1343    .bss.adc_uout_offset  usermain.o
    0x20000080        -       0x0000006c   Zero   RW           39    .bss.hadc1          adc.o
    0x200000ec        -       0x0000004c   Zero   RW           55    .bss.htim1          tim.o
    0x20000138        -       0x00000001   Zero   RW         1341    .bss.system_enable  usermain.o
    0x20000139        -       0x00000001   Zero   RW         1340    .bss.system_sample_flag  usermain.o
    0x2000013a   0x08005498   0x00000002   PAD
    0x2000013c        -       0x00000004   Zero   RW         1344    .bss.u_out          usermain.o
    0x20000140        -       0x00000004   Zero   RW         1349    .bss.u_out_ref      usermain.o
    0x20000144        -       0x0000002c   Zero   RW         1348    .bss.u_pid          usermain.o
    0x20000170        -       0x00000004   Zero   RW          437    .bss.uwTick         stm32g4xx_hal.o
    0x20000174   0x08005498   0x00000004   PAD
    0x20000178        -       0x00000200   Zero   RW            2    HEAP                startup_stm32g431xx.o
    0x20000378        -       0x00000400   Zero   RW            1    STACK               startup_stm32g431xx.o


==============================================================================

Image component sizes


      Code (inc. data)   RO Data    RW Data    ZI Data      Debug   Object Name

       378          0          0          0        108       9154   adc.o
        96          0          0          0          0       1620   gpio.o
       166          0          0          0          0       1659   main.o
       280          0          0          0          0       3573   my_math.o
        64         26        472          0       1536        844   startup_stm32g431xx.o
       222          0          0          8          4       8403   stm32g4xx_hal.o
      2802          0          0          0          0      21921   stm32g4xx_hal_adc.o
      4178          0          0          0          0      19347   stm32g4xx_hal_adc_ex.o
       478          0          0          0          0       9366   stm32g4xx_hal_cortex.o
       872          0          0          0          0       5296   stm32g4xx_hal_gpio.o
        72          0          0          0          0       1624   stm32g4xx_hal_msp.o
       454          0          0          0          0       7778   stm32g4xx_hal_pwr_ex.o
      3188          0          0          0          0       9360   stm32g4xx_hal_rcc.o
      1114          0          0          0          0      10885   stm32g4xx_hal_rcc_ex.o
      4650         22          0          0          0      37669   stm32g4xx_hal_tim.o
       622          0          0          0          0      21550   stm32g4xx_hal_tim_ex.o
        50          0          0          0          0       1108   stm32g4xx_it.o
        18          0         16          4          0       2676   system_stm32g4xx.o
       470          0          0          0         76       7356   tim.o
       482         12          0          4         70       5901   usermain.o

    ----------------------------------------------------------------------
     20734         60        520         16       1800     187090   Object Totals
         0          0         32          0          0          0   (incl. Generated)
        78          0          0          0          6          0   (incl. Padding)

    ----------------------------------------------------------------------

      Code (inc. data)   RO Data    RW Data    ZI Data      Debug   Library Member Name

         8          0          0          0          0         68   __main.o
         0          0          0          0          0          0   __rtentry.o
        12          0          0          0          0          0   __rtentry2.o
         6          0          0          0          0          0   __rtentry4.o
        52          8          0          0          0          0   __scatter.o
        26          0          0          0          0          0   __scatter_copy.o
        28          0          0          0          0          0   __scatter_zi.o
        18          0          0          0          0         80   exit.o
         6          0          0          0          0        152   heapauxi.o
         0          0          0          0          0          0   indicate_semi.o
         2          0          0          0          0          0   libinit.o
         6          0          0          0          0          0   libinit2.o
         2          0          0          0          0          0   libshutdown.o
         2          0          0          0          0          0   libshutdown2.o
         8          4          0          0         96         68   libspace.o
        78          0          0          0          0         80   rt_memclr_w.o
         2          0          0          0          0          0   rtexit.o
        10          0          0          0          0          0   rtexit2.o
        12          4          0          0          0         68   sys_exit.o
        74          0          0          0          0         80   sys_stackheap_outer.o
         2          0          0          0          0         68   use_no_semi.o
        26          0          0          0          0        116   fpinit.o

    ----------------------------------------------------------------------
       386         16          0          0         96        780   Library Totals
         6          0          0          0          0          0   (incl. Padding)

    ----------------------------------------------------------------------

      Code (inc. data)   RO Data    RW Data    ZI Data      Debug   Library Name

       354         16          0          0         96        664   c_w.l
        26          0          0          0          0        116   fz_wm.l

    ----------------------------------------------------------------------
       386         16          0          0         96        780   Library Totals

    ----------------------------------------------------------------------

==============================================================================


      Code (inc. data)   RO Data    RW Data    ZI Data      Debug   

     21120         76        520         16       1896     187302   Grand Totals
     21120         76        520         16       1896     187302   ELF Image Totals
     21120         76        520         16          0          0   ROM Totals

==============================================================================

    Total RO  Size (Code + RO Data)                21640 (  21.13kB)
    Total RW  Size (RW Data + ZI Data)              1912 (   1.87kB)
    Total ROM Size (Code + RO Data + RW Data)      21656 (  21.15kB)

==============================================================================

